/home/lyh/MAPF_PIED_MDDR_RESEARCH/implementation_binding_evidence/baseline_selection_20260929/Guided-PIBT/guided-pibt/benchmark-lifelong
*** Loading map ***
Map size: 33x57	Done! (load time: 0 s)
10 agents and 50000 tasks
---priority-initialization-seed,43
---timestep,0
---t-update,0
---init-agents:10
---t-init,831
---t-lns,832
---t-done,1026
---timestep-task-finished,0
---total-task-finished,0
---timestep,1
---t-update,0
---t-init,1
---op-flow,0
---vetex-flow,0
---op-flow,0
---vertex-flow,0
---t-lns,5395
---t-done,5396
---timestep-task-finished,0
---total-task-finished,0
---timestep,2
---t-update,0
---t-init,1
---op-flow,0
---vetex-flow,0
---op-flow,0
---vertex-flow,0
---t-lns,5077
---t-done,5078
---timestep-task-finished,0
---total-task-finished,0
---timestep,3
---t-update,0
---t-init,1
---op-flow,0
---vetex-flow,0
---op-flow,0
---vertex-flow,0
---t-lns,4345
---t-done,4346
---timestep-task-finished,0
---total-task-finished,0
---timestep,4
---t-update,0
---t-init,1
---op-flow,0
---vetex-flow,0
---op-flow,0
---vertex-flow,0
---t-lns,4793
---t-done,4795
---timestep-task-finished,0
---total-task-finished,0
---timestep,5
---t-update,0
---t-init,2
---op-flow,0
---vetex-flow,0
---op-flow,0
---vertex-flow,0
---t-lns,5751
---t-done,5753
---timestep-task-finished,0
---total-task-finished,0
---timestep,6
---t-update,0
---t-init,4
---op-flow,0
---vetex-flow,0
---op-flow,0
---vertex-flow,0
---t-lns,5942
---t-done,5943
---timestep-task-finished,0
---total-task-finished,0
---timestep,7
---t-update,0
---t-init,1
---op-flow,0
---vetex-flow,0
---op-flow,0
---vertex-flow,0
---t-lns,4165
---t-done,4166
---timestep-task-finished,0
---total-task-finished,0
---timestep,8
---t-update,0
---t-init,1
---op-flow,0
---vetex-flow,0
---op-flow,0
---vertex-flow,0
---t-lns,3477
---t-done,3478
---timestep-task-finished,0
---total-task-finished,0
---timestep,9
---t-update,0
---t-init,1
---op-flow,0
---vetex-flow,0
---op-flow,0
---vertex-flow,0
---t-lns,3347
---t-done,3349
---timestep-task-finished,0
---total-task-finished,0
---timestep,10
---t-update,0
---t-init,1
---op-flow,0
---vetex-flow,0
---op-flow,0
---vertex-flow,0
---t-lns,3298
---t-done,3299
---timestep-task-finished,0
---total-task-finished,0
---timestep,11
---t-update,0
---t-init,1
---op-flow,0
---vetex-flow,0
---op-flow,0
---vertex-flow,0
---t-lns,3093
---t-done,3094
---timestep-task-finished,1
---total-task-finished,1
---timestep,12
---t-update,0
---t-init,218
---op-flow,0
---vetex-flow,0
---op-flow,0
---vertex-flow,0
---t-lns,5182
---t-done,5184
---timestep-task-finished,0
---total-task-finished,1
---timestep,13
---t-update,0
---t-init,1
---op-flow,0
---vetex-flow,0
---op-flow,0
---vertex-flow,0
---t-lns,4288
---t-done,4289
---timestep-task-finished,1
---total-task-finished,2
---timestep,14
---t-update,0
---t-init,286
---op-flow,0
---vetex-flow,0
---op-flow,0
---vertex-flow,0
---t-lns,5894
---t-done,5895
---timestep-task-finished,0
---total-task-finished,2
---timestep,15
---t-update,0
---t-init,1
---op-flow,0
---vetex-flow,0
---op-flow,0
---vertex-flow,0
---t-lns,5479
---t-done,5480
---timestep-task-finished,0
---total-task-finished,2
---timestep,16
---t-update,0
---t-init,1
---op-flow,0
---vetex-flow,0
---op-flow,0
---vertex-flow,0
---t-lns,5381
---t-done,5382
---timestep-task-finished,0
---total-task-finished,2
---timestep,17
---t-update,0
---t-init,3
---op-flow,0
---vetex-flow,0
---op-flow,0
---vertex-flow,0
---t-lns,6238
---t-done,6239
---timestep-task-finished,2
---total-task-finished,4
---timestep,18
---t-update,0
---t-init,153
---op-flow,0
---vetex-flow,1
---op-flow,0
---vertex-flow,0
---t-lns,8238
---t-done,8240
---timestep-task-finished,0
---total-task-finished,4
---timestep,19
---t-update,0
---t-init,2
---op-flow,0
---vetex-flow,0
---op-flow,0
---vertex-flow,0
---t-lns,5368
---t-done,5369
---timestep-task-finished,0
---total-task-finished,4
---timestep,20
---t-update,0
---t-init,1
---op-flow,0
---vetex-flow,0
---op-flow,0
---vertex-flow,0
---t-lns,4442
---t-done,4443
---timestep-task-finished,0
---total-task-finished,4
---timestep,21
---t-update,0
---t-init,1
---op-flow,0
---vetex-flow,0
---op-flow,0
---vertex-flow,0
---t-lns,4232
---t-done,4233
---timestep-task-finished,0
---total-task-finished,4
---timestep,22
---t-update,0
---t-init,1
---op-flow,0
---vetex-flow,0
---op-flow,0
---vertex-flow,0
---t-lns,4126
---t-done,4128
---timestep-task-finished,0
---total-task-finished,4
---timestep,23
---t-update,0
---t-init,1
---op-flow,0
---vetex-flow,0
---op-flow,0
---vertex-flow,0
---t-lns,4546
---t-done,4548
---timestep-task-finished,0
---total-task-finished,4
---timestep,24
---t-update,0
---t-init,2
---op-flow,0
---vetex-flow,0
---op-flow,0
---vertex-flow,0
---t-lns,5408
---t-done,5410
---timestep-task-finished,0
---total-task-finished,4
---timestep,25
---t-update,0
---t-init,2
---op-flow,0
---vetex-flow,0
---op-flow,0
---vertex-flow,0
---t-lns,3777
---t-done,3778
---timestep-task-finished,0
---total-task-finished,4
---timestep,26
---t-update,0
---t-init,1
---op-flow,0
---vetex-flow,0
---op-flow,0
---vertex-flow,0
---t-lns,3039
---t-done,3040
---timestep-task-finished,1
---total-task-finished,5
---timestep,27
---t-update,0
---t-init,116
---op-flow,0
---vetex-flow,0
---op-flow,0
---vertex-flow,0
---t-lns,3621
---t-done,3622
---timestep-task-finished,2
---total-task-finished,7
---timestep,28
---t-update,0
---t-init,298
---op-flow,0
---vetex-flow,0
---op-flow,0
---vertex-flow,0
---t-lns,5452
---t-done,5453
---timestep-task-finished,0
---total-task-finished,7
---timestep,29
---t-update,0
---t-init,1
---op-flow,0
---vetex-flow,0
---op-flow,0
---vertex-flow,0
---t-lns,6869
---t-done,6871
---timestep-task-finished,1
---total-task-finished,8
---timestep,30
---t-update,0
---t-init,197
---op-flow,0
---vetex-flow,0
---op-flow,0
---vertex-flow,0
---t-lns,6717
---t-done,6718
---timestep-task-finished,0
---total-task-finished,8
---timestep,31
---t-update,0
---t-init,1
---op-flow,0
---vetex-flow,0
---op-flow,0
---vertex-flow,0
---t-lns,5069
---t-done,5071
---timestep-task-finished,0
---total-task-finished,8
---timestep,32
---t-update,0
---t-init,2
---op-flow,0
---vetex-flow,0
---op-flow,0
---vertex-flow,0
---t-lns,4704
---t-done,4705
---timestep-task-finished,0
---total-task-finished,8
---timestep,33
---t-update,0
---t-init,4
---op-flow,0
---vetex-flow,0
---op-flow,0
---vertex-flow,0
---t-lns,4913
---t-done,4915
---timestep-task-finished,0
---total-task-finished,8
---timestep,34
---t-update,0
---t-init,1
---op-flow,0
---vetex-flow,0
---op-flow,0
---vertex-flow,0
---t-lns,4425
---t-done,4426
---timestep-task-finished,0
---total-task-finished,8
---timestep,35
---t-update,0
---t-init,4
---op-flow,0
---vetex-flow,0
---op-flow,0
---vertex-flow,0
---t-lns,5123
---t-done,5125
---timestep-task-finished,0
---total-task-finished,8
---timestep,36
---t-update,0
---t-init,2
---op-flow,0
---vetex-flow,0
---op-flow,0
---vertex-flow,0
---t-lns,4358
---t-done,4359
---timestep-task-finished,0
---total-task-finished,8
---timestep,37
---t-update,0
---t-init,1
---op-flow,0
---vetex-flow,0
---op-flow,0
---vertex-flow,0
---t-lns,3273
---t-done,3274
---timestep-task-finished,1
---total-task-finished,9
---timestep,38
---t-update,0
---t-init,58
---op-flow,0
---vetex-flow,1
---op-flow,0
---vertex-flow,0
---t-lns,3000
---t-done,3001
---timestep-task-finished,0
---total-task-finished,9
---timestep,39
---t-update,0
---t-init,1
---op-flow,0
---vetex-flow,0
---op-flow,0
---vertex-flow,0
---t-lns,2723
---t-done,2723
---timestep-task-finished,0
---total-task-finished,9
---timestep,40
---t-update,0
---t-init,1
---op-flow,0
---vetex-flow,0
---op-flow,0
---vertex-flow,0
---t-lns,2414
---t-done,2414
---timestep-task-finished,0
---total-task-finished,9
---timestep,41
---t-update,0
---t-init,4
---op-flow,0
---vetex-flow,0
---op-flow,0
---vertex-flow,0
---t-lns,2364
---t-done,2365
---timestep-task-finished,1
---total-task-finished,10
---timestep,42
---t-update,0
---t-init,37
---op-flow,0
---vetex-flow,0
---op-flow,0
---vertex-flow,0
---t-lns,2448
---t-done,2450
---timestep-task-finished,0
---total-task-finished,10
---timestep,43
---t-update,0
---t-init,3
---op-flow,0
---vetex-flow,0
---op-flow,0
---vertex-flow,0
---t-lns,2625
---t-done,2626
---timestep-task-finished,1
---total-task-finished,11
---timestep,44
---t-update,0
---t-init,30
---op-flow,0
---vetex-flow,0
---op-flow,0
---vertex-flow,0
---t-lns,2766
---t-done,2768
---timestep-task-finished,1
---total-task-finished,12
---timestep,45
---t-update,0
---t-init,87
---op-flow,0
---vetex-flow,0
---op-flow,0
---vertex-flow,0
---t-lns,2314
---t-done,2315
---timestep-task-finished,0
---total-task-finished,12
---timestep,46
---t-update,0
---t-init,1
---op-flow,0
---vetex-flow,0
---op-flow,0
---vertex-flow,0
---t-lns,2087
---t-done,2088
---timestep-task-finished,0
---total-task-finished,12
---timestep,47
---t-update,0
---t-init,2
---op-flow,0
---vetex-flow,0
---op-flow,0
---vertex-flow,0
---t-lns,2458
---t-done,2459
---timestep-task-finished,1
---total-task-finished,13
---timestep,48
---t-update,0
---t-init,31
---op-flow,0
---vetex-flow,0
---op-flow,0
---vertex-flow,0
---t-lns,2119
---t-done,2120
---timestep-task-finished,0
---total-task-finished,13
---timestep,49
---t-update,0
---t-init,1
---op-flow,0
---vetex-flow,0
---op-flow,0
---vertex-flow,0
---t-lns,1658
---t-done,1659
---timestep-task-finished,0
---total-task-finished,13
---timestep,50
---t-update,0
---t-init,1
---op-flow,0
---vetex-flow,0
---op-flow,0
---vertex-flow,0
---t-lns,1435
---t-done,1436
---timestep-task-finished,0
---total-task-finished,13
---timestep,51
---t-update,0
---t-init,1
---op-flow,0
---vetex-flow,0
---op-flow,0
---vertex-flow,0
---t-lns,1213
---t-done,1214
---timestep-task-finished,1
---total-task-finished,14
---timestep,52
---t-update,0
---t-init,96
---op-flow,0
---vetex-flow,0
---op-flow,0
---vertex-flow,0
---t-lns,1601
---t-done,1602
---timestep-task-finished,1
---total-task-finished,15
---timestep,53
---t-update,0
---t-init,335
---op-flow,0
---vetex-flow,0
---op-flow,0
---vertex-flow,0
---t-lns,4388
---t-done,4389
---timestep-task-finished,0
---total-task-finished,15
---timestep,54
---t-update,0
---t-init,4
---op-flow,0
---vetex-flow,0
---op-flow,0
---vertex-flow,0
---t-lns,4511
---t-done,4512
---timestep-task-finished,1
---total-task-finished,16
---timestep,55
---t-update,0
---t-init,101
---op-flow,0
---vetex-flow,0
---op-flow,0
---vertex-flow,0
---t-lns,5064
---t-done,5066
---timestep-task-finished,0
---total-task-finished,16
---timestep,56
---t-update,0
---t-init,1
---op-flow,0
---vetex-flow,0
---op-flow,0
---vertex-flow,0
---t-lns,4168
---t-done,4169
---timestep-task-finished,0
---total-task-finished,16
---timestep,57
---t-update,0
---t-init,1
---op-flow,0
---vetex-flow,0
---op-flow,0
---vertex-flow,0
---t-lns,3312
---t-done,3313
---timestep-task-finished,2
---total-task-finished,18
---timestep,58
---t-update,0
---t-init,225
---op-flow,0
---vetex-flow,0
---op-flow,0
---vertex-flow,0
---t-lns,4558
---t-done,4559
---timestep-task-finished,0
---total-task-finished,18
---timestep,59
---t-update,0
---t-init,1
---op-flow,0
---vetex-flow,0
---op-flow,0
---vertex-flow,0
---t-lns,4042
---t-done,4043
---timestep-task-finished,0
---total-task-finished,18
---timestep,60
---t-update,0
---t-init,3
---op-flow,0
---vetex-flow,0
---op-flow,0
---vertex-flow,0
---t-lns,4649
---t-done,4650
---timestep-task-finished,0
---total-task-finished,18
---timestep,61
---t-update,0
---t-init,1
---op-flow,0
---vetex-flow,0
---op-flow,0
---vertex-flow,0
---t-lns,5067
---t-done,5069
---timestep-task-finished,0
---total-task-finished,18
---timestep,62
---t-update,0
---t-init,4
---op-flow,0
---vetex-flow,0
---op-flow,0
---vertex-flow,0
---t-lns,5141
---t-done,5142
---timestep-task-finished,0
---total-task-finished,18
---timestep,63
---t-update,0
---t-init,1
---op-flow,0
---vetex-flow,0
---op-flow,0
---vertex-flow,0
---t-lns,3598
---t-done,3599
---timestep-task-finished,0
---total-task-finished,18
---timestep,64
---t-update,0
---t-init,1
---op-flow,0
---vetex-flow,0
---op-flow,0
---vertex-flow,0
---t-lns,3054
---t-done,3057
---timestep-task-finished,1
---total-task-finished,19
---timestep,65
---t-update,0
---t-init,20
---op-flow,0
---vetex-flow,0
---op-flow,0
---vertex-flow,0
---t-lns,3309
---t-done,3311
---timestep-task-finished,1
---total-task-finished,20
---timestep,66
---t-update,0
---t-init,153
---op-flow,0
---vetex-flow,0
---op-flow,0
---vertex-flow,0
---t-lns,3963
---t-done,3964
---timestep-task-finished,1
---total-task-finished,21
---timestep,67
---t-update,0
---t-init,58
---op-flow,0
---vetex-flow,0
---op-flow,0
---vertex-flow,0
---t-lns,3886
---t-done,3887
---timestep-task-finished,1
---total-task-finished,22
---timestep,68
---t-update,0
---t-init,191
---op-flow,0
---vetex-flow,0
---op-flow,0
---vertex-flow,0
---t-lns,5345
---t-done,5346
---timestep-task-finished,0
---total-task-finished,22
---timestep,69
---t-update,0
---t-init,2
---op-flow,0
---vetex-flow,0
---op-flow,0
---vertex-flow,0
---t-lns,5501
---t-done,5503
---timestep-task-finished,0
---total-task-finished,22
---timestep,70
---t-update,0
---t-init,2
---op-flow,0
---vetex-flow,0
---op-flow,0
---vertex-flow,0
---t-lns,3586
---t-done,3587
---timestep-task-finished,1
---total-task-finished,23
---timestep,71
---t-update,0
---t-init,51
---op-flow,0
---vetex-flow,0
---op-flow,0
---vertex-flow,0
---t-lns,4381
---t-done,4382
---timestep-task-finished,1
---total-task-finished,24
---timestep,72
---t-update,0
---t-init,55
---op-flow,0
---vetex-flow,0
---op-flow,0
---vertex-flow,0
---t-lns,2654
---t-done,2655
---timestep-task-finished,0
---total-task-finished,24
---timestep,73
---t-update,0
---t-init,1
---op-flow,0
---vetex-flow,0
---op-flow,0
---vertex-flow,0
---t-lns,3941
---t-done,3942
---timestep-task-finished,0
---total-task-finished,24
---timestep,74
---t-update,0
---t-init,1
---op-flow,0
---vetex-flow,0
---op-flow,0
---vertex-flow,0
---t-lns,3905
---t-done,3906
---timestep-task-finished,0
---total-task-finished,24
---timestep,75
---t-update,0
---t-init,1
---op-flow,0
---vetex-flow,0
---op-flow,0
---vertex-flow,0
---t-lns,2446
---t-done,2447
---timestep-task-finished,0
---total-task-finished,24
---timestep,76
---t-update,0
---t-init,2
---op-flow,0
---vetex-flow,0
---op-flow,0
---vertex-flow,0
---t-lns,4376
---t-done,4378
---timestep-task-finished,1
---total-task-finished,25
---timestep,77
---t-update,0
---t-init,111
---op-flow,0
---vetex-flow,0
---op-flow,0
---vertex-flow,0
---t-lns,4858
---t-done,4859
---timestep-task-finished,0
---total-task-finished,25
---timestep,78
---t-update,0
---t-init,2
---op-flow,0
---vetex-flow,0
---op-flow,0
---vertex-flow,0
---t-lns,4920
---t-done,4921
---timestep-task-finished,0
---total-task-finished,25
---timestep,79
---t-update,0
---t-init,2
---op-flow,0
---vetex-flow,0
---op-flow,0
---vertex-flow,0
---t-lns,4140
---t-done,4141
---timestep-task-finished,0
---total-task-finished,25
---timestep,80
---t-update,0
---t-init,2
---op-flow,0
---vetex-flow,0
---op-flow,0
---vertex-flow,0
---t-lns,3445
---t-done,3446
---timestep-task-finished,2
---total-task-finished,27
---timestep,81
---t-update,0
---t-init,196
---op-flow,0
---vetex-flow,0
---op-flow,0
---vertex-flow,0
---t-lns,3893
---t-done,3894
---timestep-task-finished,0
---total-task-finished,27
---timestep,82
---t-update,0
---t-init,1
---op-flow,0
---vetex-flow,0
---op-flow,0
---vertex-flow,0
---t-lns,2254
---t-done,2254
---timestep-task-finished,0
---total-task-finished,27
---timestep,83
---t-update,0
---t-init,1
---op-flow,0
---vetex-flow,0
---op-flow,0
---vertex-flow,0
---t-lns,3028
---t-done,3030
---timestep-task-finished,0
---total-task-finished,27
---timestep,84
---t-update,0
---t-init,1
---op-flow,0
---vetex-flow,0
---op-flow,0
---vertex-flow,0
---t-lns,3023
---t-done,3024
---timestep-task-finished,0
---total-task-finished,27
---timestep,85
---t-update,0
---t-init,2
---op-flow,0
---vetex-flow,0
---op-flow,0
---vertex-flow,0
---t-lns,3523
---t-done,3526
---timestep-task-finished,0
---total-task-finished,27
---timestep,86
---t-update,0
---t-init,2
---op-flow,0
---vetex-flow,0
---op-flow,0
---vertex-flow,0
---t-lns,4650
---t-done,4652
---timestep-task-finished,0
---total-task-finished,27
---timestep,87
---t-update,0
---t-init,2
---op-flow,0
---vetex-flow,0
---op-flow,0
---vertex-flow,0
---t-lns,3133
---t-done,3134
---timestep-task-finished,1
---total-task-finished,28
---timestep,88
---t-update,0
---t-init,249
---op-flow,0
---vetex-flow,0
---op-flow,0
---vertex-flow,0
---t-lns,3994
---t-done,3997
---timestep-task-finished,0
---total-task-finished,28
---timestep,89
---t-update,0
---t-init,4
---op-flow,0
---vetex-flow,0
---op-flow,0
---vertex-flow,0
---t-lns,3378
---t-done,3379
---timestep-task-finished,0
---total-task-finished,28
---timestep,90
---t-update,0
---t-init,1
---op-flow,0
---vetex-flow,0
---op-flow,0
---vertex-flow,0
---t-lns,2308
---t-done,2308
---timestep-task-finished,0
---total-task-finished,28
---timestep,91
---t-update,0
---t-init,1
---op-flow,0
---vetex-flow,0
---op-flow,0
---vertex-flow,0
---t-lns,2390
---t-done,2390
---timestep-task-finished,1
---total-task-finished,29
---timestep,92
---t-update,0
---t-init,77
---op-flow,0
---vetex-flow,0
---op-flow,0
---vertex-flow,0
---t-lns,1724
---t-done,1725
---timestep-task-finished,1
---total-task-finished,30
---timestep,93
---t-update,0
---t-init,63
---op-flow,0
---vetex-flow,0
---op-flow,0
---vertex-flow,0
---t-lns,2215
---t-done,2216
---timestep-task-finished,0
---total-task-finished,30
---timestep,94
---t-update,0
---t-init,1
---op-flow,0
---vetex-flow,0
---op-flow,0
---vertex-flow,0
---t-lns,1780
---t-done,1781
---timestep-task-finished,0
---total-task-finished,30
---timestep,95
---t-update,0
---t-init,4
---op-flow,0
---vetex-flow,0
---op-flow,0
---vertex-flow,0
---t-lns,1618
---t-done,1618
---timestep-task-finished,0
---total-task-finished,30
---timestep,96
---t-update,0
---t-init,1
---op-flow,0
---vetex-flow,0
---op-flow,0
---vertex-flow,0
---t-lns,1445
---t-done,1446
---timestep-task-finished,0
---total-task-finished,30
---timestep,97
---t-update,0
---t-init,1
---op-flow,0
---vetex-flow,0
---op-flow,0
---vertex-flow,0
---t-lns,1421
---t-done,1422
---timestep-task-finished,0
---total-task-finished,30
---timestep,98
---t-update,0
---t-init,1
---op-flow,0
---vetex-flow,0
---op-flow,0
---vertex-flow,0
---t-lns,1574
---t-done,1575
---timestep-task-finished,0
---total-task-finished,30
---timestep,99
---t-update,0
---t-init,4
---op-flow,0
---vetex-flow,0
---op-flow,0
---vertex-flow,0
---t-lns,1697
---t-done,1699
---timestep-task-finished,0
---total-task-finished,30
---timestep,100
---t-update,0
---t-init,1
---op-flow,0
---vetex-flow,0
---op-flow,0
---vertex-flow,0
---t-lns,1963
---t-done,1964
---timestep-task-finished,1
---total-task-finished,31
---timestep,101
---t-update,0
---t-init,156
---op-flow,0
---vetex-flow,0
---op-flow,0
---vertex-flow,0
---t-lns,2201
---t-done,2202
---timestep-task-finished,0
---total-task-finished,31
---timestep,102
---t-update,0
---t-init,4
---op-flow,0
---vetex-flow,0
---op-flow,0
---vertex-flow,0
---t-lns,2025
---t-done,2026
---timestep-task-finished,0
---total-task-finished,31
---timestep,103
---t-update,0
---t-init,1
---op-flow,0
---vetex-flow,0
---op-flow,0
---vertex-flow,0
---t-lns,1755
---t-done,1756
---timestep-task-finished,1
---total-task-finished,32
---timestep,104
---t-update,0
---t-init,371
---op-flow,0
---vetex-flow,0
---op-flow,0
---vertex-flow,0
---t-lns,4195
---t-done,4196
---timestep-task-finished,0
---total-task-finished,32
---timestep,105
---t-update,0
---t-init,1
---op-flow,0
---vetex-flow,0
---op-flow,0
---vertex-flow,0
---t-lns,3992
---t-done,3993
---timestep-task-finished,0
---total-task-finished,32
---timestep,106
---t-update,0
---t-init,1
---op-flow,0
---vetex-flow,0
---op-flow,0
---vertex-flow,0
---t-lns,4350
---t-done,4351
---timestep-task-finished,0
---total-task-finished,32
---timestep,107
---t-update,0
---t-init,3
---op-flow,0
---vetex-flow,0
---op-flow,0
---vertex-flow,0
---t-lns,2780
---t-done,2781
---timestep-task-finished,1
---total-task-finished,33
---timestep,108
---t-update,0
---t-init,113
---op-flow,0
---vetex-flow,0
---op-flow,0
---vertex-flow,0
---t-lns,3989
---t-done,3991
---timestep-task-finished,1
---total-task-finished,34
---timestep,109
---t-update,0
---t-init,126
---op-flow,0
---vetex-flow,0
---op-flow,0
---vertex-flow,0
---t-lns,5618
---t-done,5619
---timestep-task-finished,0
---total-task-finished,34
---timestep,110
---t-update,0
---t-init,1
---op-flow,0
---vetex-flow,0
---op-flow,0
---vertex-flow,0
---t-lns,4157
---t-done,4159
---timestep-task-finished,0
---total-task-finished,34
---timestep,111
---t-update,0
---t-init,1
---op-flow,0
---vetex-flow,0
---op-flow,0
---vertex-flow,0
---t-lns,3913
---t-done,3914
---timestep-task-finished,0
---total-task-finished,34
---timestep,112
---t-update,0
---t-init,1
---op-flow,0
---vetex-flow,0
---op-flow,0
---vertex-flow,0
---t-lns,2621
---t-done,2622
---timestep-task-finished,2
---total-task-finished,36
---timestep,113
---t-update,0
---t-init,146
---op-flow,0
---vetex-flow,0
---op-flow,0
---vertex-flow,0
---t-lns,3570
---t-done,3570
---timestep-task-finished,1
---total-task-finished,37
---timestep,114
---t-update,0
---t-init,52
---op-flow,0
---vetex-flow,0
---op-flow,0
---vertex-flow,0
---t-lns,2434
---t-done,2434
---timestep-task-finished,0
---total-task-finished,37
---timestep,115
---t-update,0
---t-init,1
---op-flow,0
---vetex-flow,0
---op-flow,0
---vertex-flow,0
---t-lns,2584
---t-done,2585
---timestep-task-finished,0
---total-task-finished,37
---timestep,116
---t-update,0
---t-init,1
---op-flow,0
---vetex-flow,0
---op-flow,0
---vertex-flow,0
---t-lns,2649
---t-done,2650
---timestep-task-finished,0
---total-task-finished,37
---timestep,117
---t-update,0
---t-init,2
---op-flow,0
---vetex-flow,0
---op-flow,0
---vertex-flow,0
---t-lns,3856
---t-done,3857
---timestep-task-finished,0
---total-task-finished,37
---timestep,118
---t-update,0
---t-init,1
---op-flow,0
---vetex-flow,0
---op-flow,0
---vertex-flow,0
---t-lns,2802
---t-done,2803
---timestep-task-finished,2
---total-task-finished,39
---timestep,119
---t-update,0
---t-init,126
---op-flow,0
---vetex-flow,0
---op-flow,0
---vertex-flow,0
---t-lns,2667
---t-done,2668
---timestep-task-finished,0
---total-task-finished,39
---timestep,120
---t-update,0
---t-init,1
---op-flow,0
---vetex-flow,0
---op-flow,0
---vertex-flow,0
---t-lns,2245
---t-done,2246
---timestep-task-finished,0
---total-task-finished,39
---timestep,121
---t-update,0
---t-init,1
---op-flow,0
---vetex-flow,0
---op-flow,0
---vertex-flow,0
---t-lns,2779
---t-done,2780
---timestep-task-finished,0
---total-task-finished,39
---timestep,122
---t-update,0
---t-init,4
---op-flow,0
---vetex-flow,0
---op-flow,0
---vertex-flow,0
---t-lns,2215
---t-done,2216
---timestep-task-finished,0
---total-task-finished,39
---timestep,123
---t-update,0
---t-init,1
---op-flow,0
---vetex-flow,0
---op-flow,0
---vertex-flow,0
---t-lns,2674
---t-done,2675
---timestep-task-finished,0
---total-task-finished,39
---timestep,124
---t-update,0
---t-init,1
---op-flow,0
---vetex-flow,0
---op-flow,0
---vertex-flow,0
---t-lns,1588
---t-done,1589
---timestep-task-finished,0
---total-task-finished,39
---timestep,125
---t-update,0
---t-init,1
---op-flow,0
---vetex-flow,0
---op-flow,0
---vertex-flow,0
---t-lns,2058
---t-done,2059
---timestep-task-finished,0
---total-task-finished,39
---timestep,126
---t-update,0
---t-init,1
---op-flow,0
---vetex-flow,0
---op-flow,0
---vertex-flow,0
---t-lns,1546
---t-done,1547
---timestep-task-finished,1
---total-task-finished,40
---timestep,127
---t-update,0
---t-init,65
---op-flow,0
---vetex-flow,0
---op-flow,0
---vertex-flow,0
---t-lns,1558
---t-done,1559
---timestep-task-finished,1
---total-task-finished,41
---timestep,128
---t-update,0
---t-init,56
---op-flow,0
---vetex-flow,0
---op-flow,0
---vertex-flow,0
---t-lns,1383
---t-done,1383
---timestep-task-finished,0
---total-task-finished,41
---timestep,129
---t-update,0
---t-init,1
---op-flow,0
---vetex-flow,0
---op-flow,0
---vertex-flow,0
---t-lns,1940
---t-done,1942
---timestep-task-finished,2
---total-task-finished,43
---timestep,130
---t-update,0
---t-init,421
---op-flow,0
---vetex-flow,0
---op-flow,0
---vertex-flow,0
---t-lns,3654
---t-done,3656
---timestep-task-finished,0
---total-task-finished,43
---timestep,131
---t-update,0
---t-init,1
---op-flow,0
---vetex-flow,0
---op-flow,0
---vertex-flow,0
---t-lns,3486
---t-done,3487
---timestep-task-finished,1
---total-task-finished,44
---timestep,132
---t-update,0
---t-init,119
---op-flow,0
---vetex-flow,0
---op-flow,0
---vertex-flow,0
---t-lns,3641
---t-done,3642
---timestep-task-finished,1
---total-task-finished,45
---timestep,133
---t-update,0
---t-init,193
---op-flow,0
---vetex-flow,0
---op-flow,0
---vertex-flow,0
---t-lns,4324
---t-done,4325
---timestep-task-finished,0
---total-task-finished,45
---timestep,134
---t-update,0
---t-init,2
---op-flow,0
---vetex-flow,0
---op-flow,0
---vertex-flow,0
---t-lns,5026
---t-done,5027
---timestep-task-finished,0
---total-task-finished,45
---timestep,135
---t-update,0
---t-init,1
---op-flow,0
---vetex-flow,0
---op-flow,0
---vertex-flow,0
---t-lns,4369
---t-done,4369
---timestep-task-finished,0
---total-task-finished,45
---timestep,136
---t-update,0
---t-init,1
---op-flow,0
---vetex-flow,0
---op-flow,0
---vertex-flow,0
---t-lns,3221
---t-done,3222
---timestep-task-finished,0
---total-task-finished,45
---timestep,137
---t-update,0
---t-init,1
---op-flow,0
---vetex-flow,0
---op-flow,0
---vertex-flow,0
---t-lns,2546
---t-done,2547
---timestep-task-finished,0
---total-task-finished,45
---timestep,138
---t-update,0
---t-init,0
---op-flow,0
---vetex-flow,0
---op-flow,0
---vertex-flow,0
---t-lns,2631
---t-done,2632
---timestep-task-finished,0
---total-task-finished,45
---timestep,139
---t-update,0
---t-init,4
---op-flow,0
---vetex-flow,0
---op-flow,0
---vertex-flow,0
---t-lns,2223
---t-done,2223
---timestep-task-finished,0
---total-task-finished,45
---timestep,140
---t-update,0
---t-init,0
---op-flow,0
---vetex-flow,0
---op-flow,0
---vertex-flow,0
---t-lns,2222
---t-done,2222
---timestep-task-finished,1
---total-task-finished,46
---timestep,141
---t-update,0
---t-init,185
---op-flow,0
---vetex-flow,0
---op-flow,0
---vertex-flow,0
---t-lns,3241
---t-done,3241
---timestep-task-finished,0
---total-task-finished,46
---timestep,142
---t-update,0
---t-init,1
---op-flow,0
---vetex-flow,0
---op-flow,0
---vertex-flow,0
---t-lns,3533
---t-done,3533
---timestep-task-finished,0
---total-task-finished,46
---timestep,143
---t-update,0
---t-init,1
---op-flow,0
---vetex-flow,0
---op-flow,0
---vertex-flow,0
---t-lns,3551
---t-done,3551
---timestep-task-finished,1
---total-task-finished,47
---timestep,144
---t-update,0
---t-init,73
---op-flow,0
---vetex-flow,0
---op-flow,0
---vertex-flow,0
---t-lns,4423
---t-done,4424
---timestep-task-finished,0
---total-task-finished,47
---timestep,145
---t-update,0
---t-init,4
---op-flow,0
---vetex-flow,0
---op-flow,0
---vertex-flow,0
---t-lns,4816
---t-done,4817
---timestep-task-finished,0
---total-task-finished,47
---timestep,146
---t-update,0
---t-init,3
---op-flow,0
---vetex-flow,0
---op-flow,0
---vertex-flow,0
---t-lns,4114
---t-done,4115
---timestep-task-finished,0
---total-task-finished,47
---timestep,147
---t-update,0
---t-init,1
---op-flow,0
---vetex-flow,0
---op-flow,0
---vertex-flow,0
---t-lns,3243
---t-done,3244
---timestep-task-finished,0
---total-task-finished,47
---timestep,148
---t-update,0
---t-init,2
---op-flow,0
---vetex-flow,0
---op-flow,0
---vertex-flow,0
---t-lns,3064
---t-done,3065
---timestep-task-finished,1
---total-task-finished,48
---timestep,149
---t-update,0
---t-init,144
---op-flow,0
---vetex-flow,0
---op-flow,0
---vertex-flow,0
---t-lns,3620
---t-done,3621
---timestep-task-finished,0
---total-task-finished,48
---timestep,150
---t-update,0
---t-init,3
---op-flow,0
---vetex-flow,0
---op-flow,0
---vertex-flow,0
---t-lns,3772
---t-done,3774
---timestep-task-finished,0
---total-task-finished,48
---timestep,151
---t-update,0
---t-init,3
---op-flow,0
---vetex-flow,0
---op-flow,0
---vertex-flow,0
---t-lns,4194
---t-done,4195
---timestep-task-finished,0
---total-task-finished,48
---timestep,152
---t-update,0
---t-init,2
---op-flow,0
---vetex-flow,0
---op-flow,0
---vertex-flow,0
---t-lns,5357
---t-done,5359
---timestep-task-finished,0
---total-task-finished,48
---timestep,153
---t-update,0
---t-init,3
---op-flow,0
---vetex-flow,0
---op-flow,0
---vertex-flow,0
---t-lns,5509
---t-done,5511
---timestep-task-finished,0
---total-task-finished,48
---timestep,154
---t-update,0
---t-init,3
---op-flow,0
---vetex-flow,0
---op-flow,0
---vertex-flow,0
---t-lns,4621
---t-done,4622
---timestep-task-finished,1
---total-task-finished,49
---timestep,155
---t-update,0
---t-init,98
---op-flow,0
---vetex-flow,0
---op-flow,0
---vertex-flow,0
---t-lns,3320
---t-done,3321
---timestep-task-finished,1
---total-task-finished,50
---timestep,156
---t-update,0
---t-init,111
---op-flow,0
---vetex-flow,0
---op-flow,0
---vertex-flow,0
---t-lns,3552
---t-done,3554
---timestep-task-finished,0
---total-task-finished,50
---timestep,157
---t-update,0
---t-init,1
---op-flow,0
---vetex-flow,0
---op-flow,0
---vertex-flow,0
---t-lns,3174
---t-done,3175
---timestep-task-finished,0
---total-task-finished,50
---timestep,158
---t-update,0
---t-init,2
---op-flow,0
---vetex-flow,0
---op-flow,0
---vertex-flow,0
---t-lns,3266
---t-done,3267
---timestep-task-finished,0
---total-task-finished,50
---timestep,159
---t-update,0
---t-init,2
---op-flow,0
---vetex-flow,0
---op-flow,0
---vertex-flow,0
---t-lns,3119
---t-done,3121
---timestep-task-finished,1
---total-task-finished,51
---timestep,160
---t-update,0
---t-init,28
---op-flow,0
---vetex-flow,0
---op-flow,0
---vertex-flow,0
---t-lns,3811
---t-done,3813
---timestep-task-finished,0
---total-task-finished,51
---timestep,161
---t-update,0
---t-init,16
---op-flow,0
---vetex-flow,0
---op-flow,0
---vertex-flow,0
---t-lns,2904
---t-done,2908
---timestep-task-finished,1
---total-task-finished,52
---timestep,162
---t-update,0
---t-init,169
---op-flow,0
---vetex-flow,0
---op-flow,0
---vertex-flow,0
---t-lns,3543
---t-done,3544
---timestep-task-finished,1
---total-task-finished,53
---timestep,163
---t-update,0
---t-init,175
---op-flow,0
---vetex-flow,0
---op-flow,0
---vertex-flow,0
---t-lns,3124
---t-done,3125
---timestep-task-finished,1
---total-task-finished,54
---timestep,164
---t-update,0
---t-init,186
---op-flow,0
---vetex-flow,0
---op-flow,0
---vertex-flow,0
---t-lns,2976
---t-done,2978
---timestep-task-finished,0
---total-task-finished,54
---timestep,165
---t-update,0
---t-init,1
---op-flow,0
---vetex-flow,0
---op-flow,0
---vertex-flow,0
---t-lns,3384
---t-done,3386
---timestep-task-finished,0
---total-task-finished,54
---timestep,166
---t-update,0
---t-init,3
---op-flow,0
---vetex-flow,0
---op-flow,0
---vertex-flow,0
---t-lns,3515
---t-done,3516
---timestep-task-finished,0
---total-task-finished,54
---timestep,167
---t-update,0
---t-init,2
---op-flow,0
---vetex-flow,0
---op-flow,0
---vertex-flow,0
---t-lns,3353
---t-done,3355
---timestep-task-finished,1
---total-task-finished,55
---timestep,168
---t-update,0
---t-init,68
---op-flow,0
---vetex-flow,0
---op-flow,0
---vertex-flow,0
---t-lns,3946
---t-done,3948
---timestep-task-finished,1
---total-task-finished,56
---timestep,169
---t-update,0
---t-init,168
---op-flow,0
---vetex-flow,0
---op-flow,0
---vertex-flow,0
---t-lns,4724
---t-done,4726
---timestep-task-finished,0
---total-task-finished,56
---timestep,170
---t-update,0
---t-init,1
---op-flow,0
---vetex-flow,0
---op-flow,0
---vertex-flow,0
---t-lns,3004
---t-done,3005
---timestep-task-finished,0
---total-task-finished,56
---timestep,171
---t-update,0
---t-init,2
---op-flow,0
---vetex-flow,0
---op-flow,0
---vertex-flow,0
---t-lns,3320
---t-done,3321
---timestep-task-finished,0
---total-task-finished,56
---timestep,172
---t-update,0
---t-init,2
---op-flow,0
---vetex-flow,0
---op-flow,0
---vertex-flow,0
---t-lns,2631
---t-done,2632
---timestep-task-finished,0
---total-task-finished,56
---timestep,173
---t-update,0
---t-init,4
---op-flow,0
---vetex-flow,0
---op-flow,0
---vertex-flow,0
---t-lns,2138
---t-done,2140
---timestep-task-finished,0
---total-task-finished,56
---timestep,174
---t-update,0
---t-init,1
---op-flow,0
---vetex-flow,0
---op-flow,0
---vertex-flow,0
---t-lns,2088
---t-done,2090
---timestep-task-finished,0
---total-task-finished,56
---timestep,175
---t-update,0
---t-init,2
---op-flow,0
---vetex-flow,0
---op-flow,0
---vertex-flow,0
---t-lns,2082
---t-done,2083
---timestep-task-finished,0
---total-task-finished,56
---timestep,176
---t-update,0
---t-init,2
---op-flow,0
---vetex-flow,0
---op-flow,0
---vertex-flow,0
---t-lns,2054
---t-done,2055
---timestep-task-finished,0
---total-task-finished,56
---timestep,177
---t-update,0
---t-init,1
---op-flow,0
---vetex-flow,0
---op-flow,0
---vertex-flow,0
---t-lns,1955
---t-done,1956
---timestep-task-finished,2
---total-task-finished,58
---timestep,178
---t-update,0
---t-init,335
---op-flow,0
---vetex-flow,0
---op-flow,0
---vertex-flow,0
---t-lns,4267
---t-done,4268
---timestep-task-finished,0
---total-task-finished,58
---timestep,179
---t-update,0
---t-init,2
---op-flow,0
---vetex-flow,0
---op-flow,0
---vertex-flow,0
---t-lns,3057
---t-done,3059
---timestep-task-finished,0
---total-task-finished,58
---timestep,180
---t-update,0
---t-init,1
---op-flow,0
---vetex-flow,0
---op-flow,0
---vertex-flow,0
---t-lns,2787
---t-done,2789
---timestep-task-finished,1
---total-task-finished,59
---timestep,181
---t-update,0
---t-init,80
---op-flow,0
---vetex-flow,0
---op-flow,0
---vertex-flow,0
---t-lns,2899
---t-done,2900
---timestep-task-finished,0
---total-task-finished,59
---timestep,182
---t-update,0
---t-init,1
---op-flow,0
---vetex-flow,0
---op-flow,0
---vertex-flow,0
---t-lns,2781
---t-done,2782
---timestep-task-finished,0
---total-task-finished,59
---timestep,183
---t-update,0
---t-init,1
---op-flow,0
---vetex-flow,0
---op-flow,0
---vertex-flow,0
---t-lns,2500
---t-done,2501
---timestep-task-finished,0
---total-task-finished,59
---timestep,184
---t-update,0
---t-init,3
---op-flow,0
---vetex-flow,0
---op-flow,0
---vertex-flow,0
---t-lns,2250
---t-done,2252
---timestep-task-finished,0
---total-task-finished,59
---timestep,185
---t-update,0
---t-init,1
---op-flow,0
---vetex-flow,0
---op-flow,0
---vertex-flow,0
---t-lns,2557
---t-done,2558
---timestep-task-finished,0
---total-task-finished,59
---timestep,186
---t-update,0
---t-init,2
---op-flow,0
---vetex-flow,0
---op-flow,0
---vertex-flow,0
---t-lns,2600
---t-done,2601
---timestep-task-finished,1
---total-task-finished,60
---timestep,187
---t-update,0
---t-init,441
---op-flow,0
---vetex-flow,0
---op-flow,0
---vertex-flow,0
---t-lns,6118
---t-done,6120
---timestep-task-finished,0
---total-task-finished,60
---timestep,188
---t-update,0
---t-init,4
---op-flow,0
---vetex-flow,0
---op-flow,0
---vertex-flow,0
---t-lns,5979
---t-done,5980
---timestep-task-finished,0
---total-task-finished,60
---timestep,189
---t-update,0
---t-init,2
---op-flow,0
---vetex-flow,0
---op-flow,0
---vertex-flow,0
---t-lns,4051
---t-done,4053
---timestep-task-finished,1
---total-task-finished,61
---timestep,190
---t-update,0
---t-init,66
---op-flow,0
---vetex-flow,0
---op-flow,0
---vertex-flow,0
---t-lns,3481
---t-done,3482
---timestep-task-finished,1
---total-task-finished,62
---timestep,191
---t-update,0
---t-init,37
---op-flow,0
---vetex-flow,0
---op-flow,0
---vertex-flow,0
---t-lns,3547
---t-done,3548
---timestep-task-finished,0
---total-task-finished,62
---timestep,192
---t-update,0
---t-init,1
---op-flow,0
---vetex-flow,0
---op-flow,0
---vertex-flow,0
---t-lns,3675
---t-done,3676
---timestep-task-finished,0
---total-task-finished,62
---timestep,193
---t-update,0
---t-init,2
---op-flow,0
---vetex-flow,0
---op-flow,0
---vertex-flow,0
---t-lns,3801
---t-done,3803
---timestep-task-finished,0
---total-task-finished,62
---timestep,194
---t-update,0
---t-init,2
---op-flow,0
---vetex-flow,0
---op-flow,0
---vertex-flow,0
---t-lns,4399
---t-done,4401
---timestep-task-finished,1
---total-task-finished,63
---timestep,195
---t-update,0
---t-init,426
---op-flow,0
---vetex-flow,0
---op-flow,0
---vertex-flow,0
---t-lns,6785
---t-done,6787
---timestep-task-finished,0
---total-task-finished,63
---timestep,196
---t-update,0
---t-init,2
---op-flow,0
---vetex-flow,0
---op-flow,0
---vertex-flow,0
---t-lns,4333
---t-done,4334
---timestep-task-finished,1
---total-task-finished,64
---timestep,197
---t-update,0
---t-init,70
---op-flow,0
---vetex-flow,0
---op-flow,0
---vertex-flow,0
---t-lns,4343
---t-done,4345
---timestep-task-finished,0
---total-task-finished,64
---timestep,198
---t-update,0
---t-init,4
---op-flow,0
---vetex-flow,0
---op-flow,0
---vertex-flow,0
---t-lns,4604
---t-done,4605
---timestep-task-finished,1
---total-task-finished,65
---timestep,199
---t-update,0
---t-init,27
---op-flow,0
---vetex-flow,0
---op-flow,0
---vertex-flow,0
---t-lns,3563
---t-done,3564
---timestep-task-finished,1
---total-task-finished,66
---timestep,200
---t-update,0
---t-init,200
---op-flow,1
---vetex-flow,0
---op-flow,0
---vertex-flow,0
---t-lns,3888
---t-done,3889
---timestep-task-finished,0
---total-task-finished,66
---timestep,201
---t-update,0
---t-init,2
---op-flow,0
---vetex-flow,0
---op-flow,0
---vertex-flow,0
---t-lns,4319
---t-done,4320
---timestep-task-finished,0
---total-task-finished,66
---timestep,202
---t-update,0
---t-init,4
---op-flow,0
---vetex-flow,0
---op-flow,0
---vertex-flow,0
---t-lns,4575
---t-done,4576
---timestep-task-finished,1
---total-task-finished,67
---timestep,203
---t-update,0
---t-init,93
---op-flow,0
---vetex-flow,0
---op-flow,0
---vertex-flow,0
---t-lns,3367
---t-done,3368
---timestep-task-finished,0
---total-task-finished,67
---timestep,204
---t-update,0
---t-init,1
---op-flow,0
---vetex-flow,0
---op-flow,0
---vertex-flow,0
---t-lns,4274
---t-done,4275
---timestep-task-finished,0
---total-task-finished,67
---timestep,205
---t-update,0
---t-init,1
---op-flow,0
---vetex-flow,0
---op-flow,0
---vertex-flow,0
---t-lns,4080
---t-done,4082
---timestep-task-finished,2
---total-task-finished,69
---timestep,206
---t-update,0
---t-init,101
---op-flow,0
---vetex-flow,0
---op-flow,0
---vertex-flow,0
---t-lns,4832
---t-done,4833
---timestep-task-finished,0
---total-task-finished,69
---timestep,207
---t-update,0
---t-init,2
---op-flow,0
---vetex-flow,0
---op-flow,0
---vertex-flow,0
---t-lns,3875
---t-done,3875
---timestep-task-finished,1
---total-task-finished,70
---timestep,208
---t-update,0
---t-init,231
---op-flow,0
---vetex-flow,0
---op-flow,0
---vertex-flow,0
---t-lns,3755
---t-done,3756
---timestep-task-finished,0
---total-task-finished,70
---timestep,209
---t-update,0
---t-init,1
---op-flow,0
---vetex-flow,0
---op-flow,0
---vertex-flow,0
---t-lns,2781
---t-done,2782
---timestep-task-finished,0
---total-task-finished,70
---timestep,210
---t-update,0
---t-init,1
---op-flow,0
---vetex-flow,0
---op-flow,0
---vertex-flow,0
---t-lns,3044
---t-done,3045
---timestep-task-finished,0
---total-task-finished,70
---timestep,211
---t-update,0
---t-init,4
---op-flow,0
---vetex-flow,0
---op-flow,0
---vertex-flow,0
---t-lns,2552
---t-done,2552
---timestep-task-finished,0
---total-task-finished,70
---timestep,212
---t-update,0
---t-init,1
---op-flow,0
---vetex-flow,0
---op-flow,0
---vertex-flow,0
---t-lns,2688
---t-done,2689
---timestep-task-finished,1
---total-task-finished,71
---timestep,213
---t-update,0
---t-init,14
---op-flow,0
---vetex-flow,0
---op-flow,0
---vertex-flow,0
---t-lns,2497
---t-done,2498
---timestep-task-finished,0
---total-task-finished,71
---timestep,214
---t-update,0
---t-init,1
---op-flow,0
---vetex-flow,0
---op-flow,0
---vertex-flow,0
---t-lns,2420
---t-done,2421
---timestep-task-finished,0
---total-task-finished,71
---timestep,215
---t-update,0
---t-init,1
---op-flow,0
---vetex-flow,0
---op-flow,0
---vertex-flow,0
---t-lns,2205
---t-done,2209
---timestep-task-finished,0
---total-task-finished,71
---timestep,216
---t-update,0
---t-init,0
---op-flow,0
---vetex-flow,0
---op-flow,0
---vertex-flow,0
---t-lns,1543
---t-done,1543
---timestep-task-finished,0
---total-task-finished,71
---timestep,217
---t-update,0
---t-init,1
---op-flow,0
---vetex-flow,0
---op-flow,0
---vertex-flow,0
---t-lns,1958
---t-done,1958
---timestep-task-finished,0
---total-task-finished,71
---timestep,218
---t-update,0
---t-init,4
---op-flow,0
---vetex-flow,0
---op-flow,0
---vertex-flow,0
---t-lns,1797
---t-done,1797
---timestep-task-finished,0
---total-task-finished,71
---timestep,219
---t-update,0
---t-init,126
---op-flow,0
---vetex-flow,0
---op-flow,0
---vertex-flow,0
---t-lns,1410
---t-done,1410
---timestep-task-finished,1
---total-task-finished,72
---timestep,220
---t-update,0
---t-init,168
---op-flow,0
---vetex-flow,0
---op-flow,0
---vertex-flow,0
---t-lns,2417
---t-done,2418
---timestep-task-finished,0
---total-task-finished,72
---timestep,221
---t-update,0
---t-init,1
---op-flow,0
---vetex-flow,0
---op-flow,0
---vertex-flow,0
---t-lns,2671
---t-done,2672
---timestep-task-finished,2
---total-task-finished,74
---timestep,222
---t-update,0
---t-init,173
---op-flow,0
---vetex-flow,0
---op-flow,0
---vertex-flow,0
---t-lns,3455
---t-done,3455
---timestep-task-finished,2
---total-task-finished,76
---timestep,223
---t-update,0
---t-init,70
---op-flow,0
---vetex-flow,0
---op-flow,0
---vertex-flow,0
---t-lns,3761
---t-done,3762
---timestep-task-finished,0
---total-task-finished,76
---timestep,224
---t-update,0
---t-init,1
---op-flow,0
---vetex-flow,0
---op-flow,0
---vertex-flow,0
---t-lns,2858
---t-done,2859
---timestep-task-finished,0
---total-task-finished,76
---timestep,225
---t-update,0
---t-init,1
---op-flow,0
---vetex-flow,0
---op-flow,0
---vertex-flow,0
---t-lns,3159
---t-done,3160
---timestep-task-finished,0
---total-task-finished,76
---timestep,226
---t-update,0
---t-init,3
---op-flow,0
---vetex-flow,0
---op-flow,0
---vertex-flow,0
---t-lns,4208
---t-done,4209
---timestep-task-finished,1
---total-task-finished,77
---timestep,227
---t-update,0
---t-init,121
---op-flow,0
---vetex-flow,0
---op-flow,0
---vertex-flow,0
---t-lns,6909
---t-done,6911
---timestep-task-finished,0
---total-task-finished,77
---timestep,228
---t-update,0
---t-init,2
---op-flow,0
---vetex-flow,0
---op-flow,0
---vertex-flow,0
---t-lns,7459
---t-done,7460
---timestep-task-finished,1
---total-task-finished,78
---timestep,229
---t-update,0
---t-init,639
---op-flow,1
---vetex-flow,0
---op-flow,0
---vertex-flow,0
---t-lns,8019
---t-done,8020
---timestep-task-finished,0
---total-task-finished,78
---timestep,230
---t-update,0
---t-init,1
---op-flow,0
---vetex-flow,0
---op-flow,0
---vertex-flow,0
---t-lns,6495
---t-done,6496
---timestep-task-finished,0
---total-task-finished,78
---timestep,231
---t-update,0
---t-init,2
---op-flow,0
---vetex-flow,0
---op-flow,0
---vertex-flow,0
---t-lns,8486
---t-done,8488
---timestep-task-finished,0
---total-task-finished,78
---timestep,232
---t-update,0
---t-init,3
---op-flow,0
---vetex-flow,0
---op-flow,0
---vertex-flow,0
---t-lns,7070
---t-done,7071
---timestep-task-finished,0
---total-task-finished,78
---timestep,233
---t-update,0
---t-init,1
---op-flow,0
---vetex-flow,0
---op-flow,0
---vertex-flow,0
---t-lns,5212
---t-done,5213
---timestep-task-finished,1
---total-task-finished,79
---timestep,234
---t-update,0
---t-init,199
---op-flow,0
---vetex-flow,0
---op-flow,0
---vertex-flow,0
---t-lns,6305
---t-done,6306
---timestep-task-finished,0
---total-task-finished,79
---timestep,235
---t-update,0
---t-init,1
---op-flow,0
---vetex-flow,0
---op-flow,0
---vertex-flow,0
---t-lns,7873
---t-done,7874
---timestep-task-finished,0
---total-task-finished,79
---timestep,236
---t-update,0
---t-init,2
---op-flow,0
---vetex-flow,0
---op-flow,0
---vertex-flow,0
---t-lns,9537
---t-done,9538
---timestep-task-finished,0
---total-task-finished,79
---timestep,237
---t-update,0
---t-init,2
---op-flow,0
---vetex-flow,0
---op-flow,0
---vertex-flow,0
---t-lns,6739
---t-done,6740
---timestep-task-finished,0
---total-task-finished,79
---timestep,238
---t-update,0
---t-init,1
---op-flow,0
---vetex-flow,0
---op-flow,0
---vertex-flow,0
---t-lns,6024
---t-done,6025
---timestep-task-finished,0
---total-task-finished,79
---timestep,239
---t-update,0
---t-init,2
---op-flow,0
---vetex-flow,0
---op-flow,0
---vertex-flow,0
---t-lns,6945
---t-done,6946
---timestep-task-finished,0
---total-task-finished,79
---timestep,240
---t-update,0
---t-init,2
---op-flow,0
---vetex-flow,0
---op-flow,0
---vertex-flow,0
---t-lns,7235
---t-done,7236
---timestep-task-finished,0
---total-task-finished,79
---timestep,241
---t-update,0
---t-init,2
---op-flow,0
---vetex-flow,0
---op-flow,0
---vertex-flow,0
---t-lns,5081
---t-done,5082
---timestep-task-finished,0
---total-task-finished,79
---timestep,242
---t-update,0
---t-init,1
---op-flow,0
---vetex-flow,0
---op-flow,0
---vertex-flow,0
---t-lns,2859
---t-done,2860
---timestep-task-finished,0
---total-task-finished,79
---timestep,243
---t-update,0
---t-init,1
---op-flow,0
---vetex-flow,0
---op-flow,0
---vertex-flow,0
---t-lns,3675
---t-done,3676
---timestep-task-finished,0
---total-task-finished,79
---timestep,244
---t-update,0
---t-init,1
---op-flow,0
---vetex-flow,0
---op-flow,0
---vertex-flow,0
---t-lns,2291
---t-done,2291
---timestep-task-finished,1
---total-task-finished,80
---timestep,245
---t-update,0
---t-init,48
---op-flow,0
---vetex-flow,0
---op-flow,0
---vertex-flow,0
---t-lns,2424
---t-done,2425
---timestep-task-finished,0
---total-task-finished,80
---timestep,246
---t-update,0
---t-init,1
---op-flow,0
---vetex-flow,0
---op-flow,0
---vertex-flow,0
---t-lns,2143
---t-done,2144
---timestep-task-finished,0
---total-task-finished,80
---timestep,247
---t-update,0
---t-init,0
---op-flow,0
---vetex-flow,0
---op-flow,0
---vertex-flow,0
---t-lns,1949
---t-done,1950
---timestep-task-finished,0
---total-task-finished,80
---timestep,248
---t-update,0
---t-init,1
---op-flow,0
---vetex-flow,0
---op-flow,0
---vertex-flow,0
---t-lns,1696
---t-done,1696
---timestep-task-finished,1
---total-task-finished,81
---timestep,249
---t-update,0
---t-init,114
---op-flow,0
---vetex-flow,0
---op-flow,0
---vertex-flow,0
---t-lns,2365
---t-done,2366
---timestep-task-finished,0
---total-task-finished,81
---timestep,250
---t-update,0
---t-init,1
---op-flow,0
---vetex-flow,0
---op-flow,0
---vertex-flow,0
---t-lns,2101
---t-done,2102
---timestep-task-finished,1
---total-task-finished,82
---timestep,251
---t-update,0
---t-init,52
---op-flow,0
---vetex-flow,0
---op-flow,0
---vertex-flow,0
---t-lns,2100
---t-done,2101
---timestep-task-finished,0
---total-task-finished,82
---timestep,252
---t-update,0
---t-init,1
---op-flow,0
---vetex-flow,0
---op-flow,0
---vertex-flow,0
---t-lns,1848
---t-done,1848
---timestep-task-finished,0
---total-task-finished,82
---timestep,253
---t-update,0
---t-init,1
---op-flow,0
---vetex-flow,0
---op-flow,0
---vertex-flow,0
---t-lns,1798
---t-done,1799
---timestep-task-finished,0
---total-task-finished,82
---timestep,254
---t-update,0
---t-init,1
---op-flow,0
---vetex-flow,0
---op-flow,0
---vertex-flow,0
---t-lns,1740
---t-done,1740
---timestep-task-finished,0
---total-task-finished,82
---timestep,255
---t-update,0
---t-init,4
---op-flow,0
---vetex-flow,0
---op-flow,0
---vertex-flow,0
---t-lns,1580
---t-done,1581
---timestep-task-finished,0
---total-task-finished,82
---timestep,256
---t-update,0
---t-init,1
---op-flow,0
---vetex-flow,0
---op-flow,0
---vertex-flow,0
---t-lns,1536
---t-done,1537
---timestep-task-finished,1
---total-task-finished,83
---timestep,257
---t-update,0
---t-init,33
---op-flow,0
---vetex-flow,0
---op-flow,0
---vertex-flow,0
---t-lns,1409
---t-done,1409
---timestep-task-finished,0
---total-task-finished,83
---timestep,258
---t-update,0
---t-init,0
---op-flow,0
---vetex-flow,0
---op-flow,0
---vertex-flow,0
---t-lns,1270
---t-done,1271
---timestep-task-finished,1
---total-task-finished,84
---timestep,259
---t-update,0
---t-init,110
---op-flow,0
---vetex-flow,0
---op-flow,0
---vertex-flow,0
---t-lns,1736
---t-done,1737
---timestep-task-finished,1
---total-task-finished,85
---timestep,260
---t-update,0
---t-init,294
---op-flow,1
---vetex-flow,0
---op-flow,0
---vertex-flow,0
---t-lns,1900
---t-done,1900
---timestep-task-finished,1
---total-task-finished,86
---timestep,261
---t-update,0
---t-init,76
---op-flow,0
---vetex-flow,0
---op-flow,0
---vertex-flow,0
---t-lns,1980
---t-done,1981
---timestep-task-finished,0
---total-task-finished,86
---timestep,262
---t-update,0
---t-init,1
---op-flow,0
---vetex-flow,0
---op-flow,0
---vertex-flow,0
---t-lns,1829
---t-done,1830
---timestep-task-finished,0
---total-task-finished,86
---timestep,263
---t-update,0
---t-init,0
---op-flow,0
---vetex-flow,0
---op-flow,0
---vertex-flow,0
---t-lns,2020
---t-done,2021
---timestep-task-finished,0
---total-task-finished,86
---timestep,264
---t-update,0
---t-init,1
---op-flow,0
---vetex-flow,0
---op-flow,0
---vertex-flow,0
---t-lns,1668
---t-done,1668
---timestep-task-finished,0
---total-task-finished,86
---timestep,265
---t-update,0
---t-init,1
---op-flow,0
---vetex-flow,0
---op-flow,0
---vertex-flow,0
---t-lns,1617
---t-done,1617
---timestep-task-finished,0
---total-task-finished,86
---timestep,266
---t-update,0
---t-init,0
---op-flow,0
---vetex-flow,0
---op-flow,0
---vertex-flow,0
---t-lns,1232
---t-done,1233
---timestep-task-finished,1
---total-task-finished,87
---timestep,267
---t-update,0
---t-init,67
---op-flow,0
---vetex-flow,0
---op-flow,0
---vertex-flow,0
---t-lns,1735
---t-done,1736
---timestep-task-finished,1
---total-task-finished,88
---timestep,268
---t-update,0
---t-init,150
---op-flow,0
---vetex-flow,0
---op-flow,0
---vertex-flow,0
---t-lns,2573
---t-done,2573
---timestep-task-finished,0
---total-task-finished,88
---timestep,269
---t-update,0
---t-init,1
---op-flow,0
---vetex-flow,0
---op-flow,0
---vertex-flow,0
---t-lns,2528
---t-done,2529
---timestep-task-finished,0
---total-task-finished,88
---timestep,270
---t-update,0
---t-init,1
---op-flow,0
---vetex-flow,0
---op-flow,0
---vertex-flow,0
---t-lns,2469
---t-done,2469
---timestep-task-finished,1
---total-task-finished,89
---timestep,271
---t-update,0
---t-init,74
---op-flow,0
---vetex-flow,0
---op-flow,0
---vertex-flow,0
---t-lns,2298
---t-done,2298
---timestep-task-finished,1
---total-task-finished,90
---timestep,272
---t-update,0
---t-init,102
---op-flow,0
---vetex-flow,0
---op-flow,0
---vertex-flow,0
---t-lns,3447
---t-done,3448
---timestep-task-finished,0
---total-task-finished,90
---timestep,273
---t-update,0
---t-init,1
---op-flow,0
---vetex-flow,0
---op-flow,0
---vertex-flow,0
---t-lns,2911
---t-done,2912
---timestep-task-finished,1
---total-task-finished,91
---timestep,274
---t-update,0
---t-init,127
---op-flow,0
---vetex-flow,0
---op-flow,0
---vertex-flow,0
---t-lns,3489
---t-done,3490
---timestep-task-finished,0
---total-task-finished,91
---timestep,275
---t-update,0
---t-init,1
---op-flow,0
---vetex-flow,0
---op-flow,0
---vertex-flow,0
---t-lns,3338
---t-done,3339
---timestep-task-finished,0
---total-task-finished,91
---timestep,276
---t-update,0
---t-init,1
---op-flow,0
---vetex-flow,0
---op-flow,0
---vertex-flow,0
---t-lns,3137
---t-done,3138
---timestep-task-finished,0
---total-task-finished,91
---timestep,277
---t-update,0
---t-init,1
---op-flow,0
---vetex-flow,0
---op-flow,0
---vertex-flow,0
---t-lns,2786
---t-done,2786
---timestep-task-finished,0
---total-task-finished,91
---timestep,278
---t-update,0
---t-init,1
---op-flow,0
---vetex-flow,0
---op-flow,0
---vertex-flow,0
---t-lns,2455
---t-done,2456
---timestep-task-finished,0
---total-task-finished,91
---timestep,279
---t-update,0
---t-init,1
---op-flow,0
---vetex-flow,0
---op-flow,0
---vertex-flow,0
---t-lns,2594
---t-done,2595
---timestep-task-finished,0
---total-task-finished,91
---timestep,280
---t-update,0
---t-init,1
---op-flow,0
---vetex-flow,0
---op-flow,0
---vertex-flow,0
---t-lns,2279
---t-done,2280
---timestep-task-finished,0
---total-task-finished,91
---timestep,281
---t-update,0
---t-init,1
---op-flow,0
---vetex-flow,0
---op-flow,0
---vertex-flow,0
---t-lns,2327
---t-done,2328
---timestep-task-finished,0
---total-task-finished,91
---timestep,282
---t-update,0
---t-init,3
---op-flow,0
---vetex-flow,0
---op-flow,0
---vertex-flow,0
---t-lns,2073
---t-done,2073
---timestep-task-finished,0
---total-task-finished,91
---timestep,283
---t-update,0
---t-init,0
---op-flow,0
---vetex-flow,0
---op-flow,0
---vertex-flow,0
---t-lns,2014
---t-done,2015
---timestep-task-finished,0
---total-task-finished,91
---timestep,284
---t-update,0
---t-init,3
---op-flow,0
---vetex-flow,0
---op-flow,0
---vertex-flow,0
---t-lns,1988
---t-done,1989
---timestep-task-finished,0
---total-task-finished,91
---timestep,285
---t-update,0
---t-init,1
---op-flow,0
---vetex-flow,0
---op-flow,0
---vertex-flow,0
---t-lns,1686
---t-done,1687
---timestep-task-finished,1
---total-task-finished,92
---timestep,286
---t-update,0
---t-init,145
---op-flow,0
---vetex-flow,0
---op-flow,0
---vertex-flow,0
---t-lns,2465
---t-done,2466
---timestep-task-finished,0
---total-task-finished,92
---timestep,287
---t-update,0
---t-init,4
---op-flow,0
---vetex-flow,0
---op-flow,0
---vertex-flow,0
---t-lns,2618
---t-done,2621
---timestep-task-finished,0
---total-task-finished,92
---timestep,288
---t-update,0
---t-init,1
---op-flow,0
---vetex-flow,0
---op-flow,0
---vertex-flow,0
---t-lns,2563
---t-done,2563
---timestep-task-finished,1
---total-task-finished,93
---timestep,289
---t-update,0
---t-init,57
---op-flow,0
---vetex-flow,1
---op-flow,0
---vertex-flow,0
---t-lns,3521
---t-done,3522
---timestep-task-finished,0
---total-task-finished,93
---timestep,290
---t-update,0
---t-init,3
---op-flow,0
---vetex-flow,0
---op-flow,0
---vertex-flow,0
---t-lns,2542
---t-done,2543
---timestep-task-finished,1
---total-task-finished,94
---timestep,291
---t-update,0
---t-init,160
---op-flow,0
---vetex-flow,0
---op-flow,0
---vertex-flow,0
---t-lns,3865
---t-done,3866
---timestep-task-finished,1
---total-task-finished,95
---timestep,292
---t-update,0
---t-init,134
---op-flow,0
---vetex-flow,0
---op-flow,0
---vertex-flow,0
---t-lns,3874
---t-done,3875
---timestep-task-finished,0
---total-task-finished,95
---timestep,293
---t-update,0
---t-init,1
---op-flow,0
---vetex-flow,0
---op-flow,0
---vertex-flow,0
---t-lns,3524
---t-done,3525
---timestep-task-finished,0
---total-task-finished,95
---timestep,294
---t-update,0
---t-init,1
---op-flow,0
---vetex-flow,0
---op-flow,0
---vertex-flow,0
---t-lns,3797
---t-done,3798
---timestep-task-finished,1
---total-task-finished,96
---timestep,295
---t-update,0
---t-init,404
---op-flow,0
---vetex-flow,0
---op-flow,0
---vertex-flow,0
---t-lns,6882
---t-done,6882
---timestep-task-finished,0
---total-task-finished,96
---timestep,296
---t-update,0
---t-init,1
---op-flow,0
---vetex-flow,0
---op-flow,0
---vertex-flow,0
---t-lns,3946
---t-done,3946
---timestep-task-finished,0
---total-task-finished,96
---timestep,297
---t-update,0
---t-init,4
---op-flow,0
---vetex-flow,0
---op-flow,0
---vertex-flow,0
---t-lns,5096
---t-done,5097
---timestep-task-finished,0
---total-task-finished,96
---timestep,298
---t-update,0
---t-init,1
---op-flow,0
---vetex-flow,0
---op-flow,0
---vertex-flow,0
---t-lns,3905
---t-done,3906
---timestep-task-finished,0
---total-task-finished,96
---timestep,299
---t-update,0
---t-init,1
---op-flow,0
---vetex-flow,0
---op-flow,0
---vertex-flow,0
---t-lns,5234
---t-done,5235
---timestep-task-finished,0
---total-task-finished,96
---timestep,300
---t-update,0
---t-init,1
---op-flow,0
---vetex-flow,0
---op-flow,0
---vertex-flow,0
---t-lns,6433
---t-done,6434
---timestep-task-finished,1
---total-task-finished,97
---timestep,301
---t-update,0
---t-init,81
---op-flow,0
---vetex-flow,0
---op-flow,0
---vertex-flow,0
---t-lns,8910
---t-done,8912
---timestep-task-finished,1
---total-task-finished,98
---timestep,302
---t-update,0
---t-init,102
---op-flow,0
---vetex-flow,0
---op-flow,0
---vertex-flow,0
---t-lns,6013
---t-done,6014
---timestep-task-finished,1
---total-task-finished,99
---timestep,303
---t-update,0
---t-init,106
---op-flow,0
---vetex-flow,0
---op-flow,0
---vertex-flow,0
---t-lns,5184
---t-done,5186
---timestep-task-finished,0
---total-task-finished,99
---timestep,304
---t-update,0
---t-init,1
---op-flow,0
---vetex-flow,0
---op-flow,0
---vertex-flow,0
---t-lns,3742
---t-done,3742
---timestep-task-finished,0
---total-task-finished,99
---timestep,305
---t-update,0
---t-init,1
---op-flow,0
---vetex-flow,0
---op-flow,0
---vertex-flow,0
---t-lns,4527
---t-done,4527
---timestep-task-finished,0
---total-task-finished,99
---timestep,306
---t-update,0
---t-init,1
---op-flow,0
---vetex-flow,0
---op-flow,0
---vertex-flow,0
---t-lns,3036
---t-done,3036
---timestep-task-finished,0
---total-task-finished,99
---timestep,307
---t-update,0
---t-init,1
---op-flow,0
---vetex-flow,0
---op-flow,0
---vertex-flow,0
---t-lns,2703
---t-done,2704
---timestep-task-finished,0
---total-task-finished,99
---timestep,308
---t-update,0
---t-init,1
---op-flow,0
---vetex-flow,0
---op-flow,0
---vertex-flow,0
---t-lns,2162
---t-done,2163
---timestep-task-finished,0
---total-task-finished,99
---timestep,309
---t-update,0
---t-init,4
---op-flow,0
---vetex-flow,0
---op-flow,0
---vertex-flow,0
---t-lns,3009
---t-done,3009
---timestep-task-finished,0
---total-task-finished,99
---timestep,310
---t-update,0
---t-init,1
---op-flow,0
---vetex-flow,0
---op-flow,0
---vertex-flow,0
---t-lns,2321
---t-done,2321
---timestep-task-finished,0
---total-task-finished,99
---timestep,311
---t-update,0
---t-init,1
---op-flow,0
---vetex-flow,0
---op-flow,0
---vertex-flow,0
---t-lns,2283
---t-done,2283
---timestep-task-finished,1
---total-task-finished,100
---timestep,312
---t-update,0
---t-init,123
---op-flow,0
---vetex-flow,0
---op-flow,0
---vertex-flow,0
---t-lns,3204
---t-done,3204
---timestep-task-finished,0
---total-task-finished,100
---timestep,313
---t-update,0
---t-init,1
---op-flow,0
---vetex-flow,0
---op-flow,0
---vertex-flow,0
---t-lns,2827
---t-done,2827
---timestep-task-finished,0
---total-task-finished,100
---timestep,314
---t-update,0
---t-init,1
---op-flow,0
---vetex-flow,0
---op-flow,0
---vertex-flow,0
---t-lns,2376
---t-done,2377
---timestep-task-finished,0
---total-task-finished,100
---timestep,315
---t-update,0
---t-init,1
---op-flow,0
---vetex-flow,0
---op-flow,0
---vertex-flow,0
---t-lns,2484
---t-done,2485
---timestep-task-finished,0
---total-task-finished,100
---timestep,316
---t-update,0
---t-init,1
---op-flow,0
---vetex-flow,0
---op-flow,0
---vertex-flow,0
---t-lns,2279
---t-done,2279
---timestep-task-finished,0
---total-task-finished,100
---timestep,317
---t-update,0
---t-init,1
---op-flow,0
---vetex-flow,0
---op-flow,0
---vertex-flow,0
---t-lns,2120
---t-done,2121
---timestep-task-finished,1
---total-task-finished,101
---timestep,318
---t-update,0
---t-init,69
---op-flow,0
---vetex-flow,0
---op-flow,0
---vertex-flow,0
---t-lns,2312
---t-done,2312
---timestep-task-finished,0
---total-task-finished,101
---timestep,319
---t-update,0
---t-init,0
---op-flow,0
---vetex-flow,0
---op-flow,0
---vertex-flow,0
---t-lns,2098
---t-done,2099
---timestep-task-finished,0
---total-task-finished,101
---timestep,320
---t-update,0
---t-init,1
---op-flow,0
---vetex-flow,0
---op-flow,0
---vertex-flow,0
---t-lns,2128
---t-done,2128
---timestep-task-finished,0
---total-task-finished,101
---timestep,321
---t-update,0
---t-init,3
---op-flow,0
---vetex-flow,0
---op-flow,0
---vertex-flow,0
---t-lns,2026
---t-done,2027
---timestep-task-finished,0
---total-task-finished,101
---timestep,322
---t-update,0
---t-init,1
---op-flow,0
---vetex-flow,0
---op-flow,0
---vertex-flow,0
---t-lns,1701
---t-done,1702
---timestep-task-finished,1
---total-task-finished,102
---timestep,323
---t-update,0
---t-init,144
---op-flow,0
---vetex-flow,0
---op-flow,0
---vertex-flow,0
---t-lns,2545
---t-done,2546
---timestep-task-finished,0
---total-task-finished,102
---timestep,324
---t-update,0
---t-init,0
---op-flow,0
---vetex-flow,0
---op-flow,0
---vertex-flow,0
---t-lns,2048
---t-done,2048
---timestep-task-finished,0
---total-task-finished,102
---timestep,325
---t-update,0
---t-init,1
---op-flow,0
---vetex-flow,0
---op-flow,0
---vertex-flow,0
---t-lns,2209
---t-done,2210
---timestep-task-finished,1
---total-task-finished,103
---timestep,326
---t-update,0
---t-init,122
---op-flow,0
---vetex-flow,0
---op-flow,0
---vertex-flow,0
---t-lns,2780
---t-done,2781
---timestep-task-finished,1
---total-task-finished,104
---timestep,327
---t-update,0
---t-init,59
---op-flow,0
---vetex-flow,0
---op-flow,0
---vertex-flow,0
---t-lns,2545
---t-done,2545
---timestep-task-finished,0
---total-task-finished,104
---timestep,328
---t-update,0
---t-init,1
---op-flow,0
---vetex-flow,0
---op-flow,0
---vertex-flow,0
---t-lns,2490
---t-done,2490
---timestep-task-finished,0
---total-task-finished,104
---timestep,329
---t-update,0
---t-init,1
---op-flow,0
---vetex-flow,0
---op-flow,0
---vertex-flow,0
---t-lns,2254
---t-done,2255
---timestep-task-finished,0
---total-task-finished,104
---timestep,330
---t-update,0
---t-init,1
---op-flow,0
---vetex-flow,0
---op-flow,0
---vertex-flow,0
---t-lns,2326
---t-done,2326
---timestep-task-finished,1
---total-task-finished,105
---timestep,331
---t-update,0
---t-init,12
---op-flow,0
---vetex-flow,0
---op-flow,0
---vertex-flow,0
---t-lns,2187
---t-done,2188
---timestep-task-finished,1
---total-task-finished,106
---timestep,332
---t-update,0
---t-init,56
---op-flow,0
---vetex-flow,0
---op-flow,0
---vertex-flow,0
---t-lns,2206
---t-done,2206
---timestep-task-finished,0
---total-task-finished,106
---timestep,333
---t-update,0
---t-init,1
---op-flow,0
---vetex-flow,0
---op-flow,0
---vertex-flow,0
---t-lns,2098
---t-done,2099
---timestep-task-finished,0
---total-task-finished,106
---timestep,334
---t-update,0
---t-init,1
---op-flow,0
---vetex-flow,0
---op-flow,0
---vertex-flow,0
---t-lns,1940
---t-done,1941
---timestep-task-finished,0
---total-task-finished,106
---timestep,335
---t-update,0
---t-init,1
---op-flow,0
---vetex-flow,0
---op-flow,0
---vertex-flow,0
---t-lns,1834
---t-done,1835
---timestep-task-finished,1
---total-task-finished,107
---timestep,336
---t-update,0
---t-init,12
---op-flow,0
---vetex-flow,0
---op-flow,0
---vertex-flow,0
---t-lns,1784
---t-done,1785
---timestep-task-finished,2
---total-task-finished,109
---timestep,337
---t-update,0
---t-init,86
---op-flow,0
---vetex-flow,0
---op-flow,0
---vertex-flow,0
---t-lns,1836
---t-done,1836
---timestep-task-finished,0
---total-task-finished,109
---timestep,338
---t-update,0
---t-init,3
---op-flow,0
---vetex-flow,0
---op-flow,0
---vertex-flow,0
---t-lns,1741
---t-done,1742
---timestep-task-finished,0
---total-task-finished,109
---timestep,339
---t-update,0
---t-init,1
---op-flow,0
---vetex-flow,0
---op-flow,0
---vertex-flow,0
---t-lns,1717
---t-done,1718
---timestep-task-finished,1
---total-task-finished,110
---timestep,340
---t-update,0
---t-init,27
---op-flow,0
---vetex-flow,0
---op-flow,0
---vertex-flow,0
---t-lns,2179
---t-done,2180
---timestep-task-finished,0
---total-task-finished,110
---timestep,341
---t-update,0
---t-init,1
---op-flow,0
---vetex-flow,0
---op-flow,0
---vertex-flow,0
---t-lns,1745
---t-done,1746
---timestep-task-finished,0
---total-task-finished,110
---timestep,342
---t-update,0
---t-init,1
---op-flow,0
---vetex-flow,0
---op-flow,0
---vertex-flow,0
---t-lns,2443
---t-done,2444
---timestep-task-finished,0
---total-task-finished,110
---timestep,343
---t-update,0
---t-init,1
---op-flow,0
---vetex-flow,0
---op-flow,0
---vertex-flow,0
---t-lns,2854
---t-done,2855
---timestep-task-finished,1
---total-task-finished,111
---timestep,344
---t-update,0
---t-init,42
---op-flow,0
---vetex-flow,0
---op-flow,0
---vertex-flow,0
---t-lns,2709
---t-done,2710
---timestep-task-finished,0
---total-task-finished,111
---timestep,345
---t-update,0
---t-init,1
---op-flow,0
---vetex-flow,0
---op-flow,0
---vertex-flow,0
---t-lns,2051
---t-done,2052
---timestep-task-finished,0
---total-task-finished,111
---timestep,346
---t-update,0
---t-init,1
---op-flow,0
---vetex-flow,0
---op-flow,0
---vertex-flow,0
---t-lns,1757
---t-done,1758
---timestep-task-finished,0
---total-task-finished,111
---timestep,347
---t-update,0
---t-init,1
---op-flow,0
---vetex-flow,0
---op-flow,0
---vertex-flow,0
---t-lns,1636
---t-done,1637
---timestep-task-finished,0
---total-task-finished,111
---timestep,348
---t-update,0
---t-init,1
---op-flow,0
---vetex-flow,0
---op-flow,0
---vertex-flow,0
---t-lns,1403
---t-done,1404
---timestep-task-finished,0
---total-task-finished,111
---timestep,349
---t-update,0
---t-init,1
---op-flow,0
---vetex-flow,0
---op-flow,0
---vertex-flow,0
---t-lns,1404
---t-done,1405
---timestep-task-finished,0
---total-task-finished,111
---timestep,350
---t-update,0
---t-init,1
---op-flow,0
---vetex-flow,0
---op-flow,0
---vertex-flow,0
---t-lns,1118
---t-done,1119
---timestep-task-finished,0
---total-task-finished,111
---timestep,351
---t-update,0
---t-init,1
---op-flow,0
---vetex-flow,0
---op-flow,0
---vertex-flow,0
---t-lns,948
---t-done,949
---timestep-task-finished,0
---total-task-finished,111
---timestep,352
---t-update,0
---t-init,3
---op-flow,0
---vetex-flow,0
---op-flow,0
---vertex-flow,0
---t-lns,590
---t-done,590
---timestep-task-finished,1
---total-task-finished,112
---timestep,353
---t-update,0
---t-init,3
---op-flow,0
---vetex-flow,0
---op-flow,0
---vertex-flow,0
---t-lns,458
---t-done,458
---timestep-task-finished,1
---total-task-finished,113
---timestep,354
---t-update,0
---t-init,135
---op-flow,0
---vetex-flow,0
---op-flow,0
---vertex-flow,0
---t-lns,1546
---t-done,1546
---timestep-task-finished,3
---total-task-finished,116
---timestep,355
---t-update,0
---t-init,376
---op-flow,0
---vetex-flow,0
---op-flow,0
---vertex-flow,0
---t-lns,5088
---t-done,5090
---timestep-task-finished,1
---total-task-finished,117
---timestep,356
---t-update,0
---t-init,126
---op-flow,0
---vetex-flow,0
---op-flow,0
---vertex-flow,0
---t-lns,6020
---t-done,6022
---timestep-task-finished,0
---total-task-finished,117
---timestep,357
---t-update,0
---t-init,2
---op-flow,0
---vetex-flow,0
---op-flow,0
---vertex-flow,0
---t-lns,6313
---t-done,6314
---timestep-task-finished,1
---total-task-finished,118
---timestep,358
---t-update,0
---t-init,171
---op-flow,0
---vetex-flow,0
---op-flow,0
---vertex-flow,0
---t-lns,5668
---t-done,5689
---timestep-task-finished,0
---total-task-finished,118
---timestep,359
---t-update,0
---t-init,1
---op-flow,0
---vetex-flow,0
---op-flow,0
---vertex-flow,0
---t-lns,4189
---t-done,4190
---timestep-task-finished,0
---total-task-finished,118
---timestep,360
---t-update,0
---t-init,1
---op-flow,0
---vetex-flow,0
---op-flow,0
---vertex-flow,0
---t-lns,3374
---t-done,3375
---timestep-task-finished,1
---total-task-finished,119
---timestep,361
---t-update,0
---t-init,255
---op-flow,0
---vetex-flow,0
---op-flow,0
---vertex-flow,0
---t-lns,6213
---t-done,6215
---timestep-task-finished,1
---total-task-finished,120
---timestep,362
---t-update,0
---t-init,339
---op-flow,0
---vetex-flow,0
---op-flow,0
---vertex-flow,0
---t-lns,6251
---t-done,6252
---timestep-task-finished,0
---total-task-finished,120
---timestep,363
---t-update,0
---t-init,3
---op-flow,0
---vetex-flow,0
---op-flow,0
---vertex-flow,0
---t-lns,7706
---t-done,7707
---timestep-task-finished,0
---total-task-finished,120
---timestep,364
---t-update,0
---t-init,4
---op-flow,0
---vetex-flow,0
---op-flow,0
---vertex-flow,0
---t-lns,5662
---t-done,5663
---timestep-task-finished,0
---total-task-finished,120
---timestep,365
---t-update,0
---t-init,1
---op-flow,0
---vetex-flow,0
---op-flow,0
---vertex-flow,0
---t-lns,7152
---t-done,7154
---timestep-task-finished,1
---total-task-finished,121
---timestep,366
---t-update,0
---t-init,797
---op-flow,1
---vetex-flow,0
---op-flow,0
---vertex-flow,0
---t-lns,13833
---t-done,13835
---timestep-task-finished,0
---total-task-finished,121
---timestep,367
---t-update,0
---t-init,3
---op-flow,0
---vetex-flow,0
---op-flow,0
---vertex-flow,0
---t-lns,10590
---t-done,10592
---timestep-task-finished,0
---total-task-finished,121
---timestep,368
---t-update,0
---t-init,2
---op-flow,0
---vetex-flow,0
---op-flow,0
---vertex-flow,0
---t-lns,8257
---t-done,8259
---timestep-task-finished,0
---total-task-finished,121
---timestep,369
---t-update,0
---t-init,3
---op-flow,0
---vetex-flow,0
---op-flow,0
---vertex-flow,0
---t-lns,9831
---t-done,9832
---timestep-task-finished,0
---total-task-finished,121
---timestep,370
---t-update,0
---t-init,2
---op-flow,0
---vetex-flow,0
---op-flow,0
---vertex-flow,0
---t-lns,6890
---t-done,6891
---timestep-task-finished,1
---total-task-finished,122
---timestep,371
---t-update,0
---t-init,219
---op-flow,0
---vetex-flow,0
---op-flow,0
---vertex-flow,0
---t-lns,6501
---t-done,6502
---timestep-task-finished,0
---total-task-finished,122
---timestep,372
---t-update,0
---t-init,1
---op-flow,0
---vetex-flow,0
---op-flow,0
---vertex-flow,0
---t-lns,7141
---t-done,7143
---timestep-task-finished,0
---total-task-finished,122
---timestep,373
---t-update,0
---t-init,2
---op-flow,0
---vetex-flow,0
---op-flow,0
---vertex-flow,0
---t-lns,8193
---t-done,8194
---timestep-task-finished,0
---total-task-finished,122
---timestep,374
---t-update,0
---t-init,1
---op-flow,0
---vetex-flow,0
---op-flow,0
---vertex-flow,0
---t-lns,5188
---t-done,5190
---timestep-task-finished,0
---total-task-finished,122
---timestep,375
---t-update,0
---t-init,1
---op-flow,0
---vetex-flow,0
---op-flow,0
---vertex-flow,0
---t-lns,5378
---t-done,5379
---timestep-task-finished,0
---total-task-finished,122
---timestep,376
---t-update,0
---t-init,4
---op-flow,0
---vetex-flow,0
---op-flow,0
---vertex-flow,0
---t-lns,5362
---t-done,5363
---timestep-task-finished,0
---total-task-finished,122
---timestep,377
---t-update,0
---t-init,1
---op-flow,0
---vetex-flow,0
---op-flow,0
---vertex-flow,0
---t-lns,4787
---t-done,4788
---timestep-task-finished,0
---total-task-finished,122
---timestep,378
---t-update,0
---t-init,1
---op-flow,0
---vetex-flow,0
---op-flow,0
---vertex-flow,0
---t-lns,3312
---t-done,3313
---timestep-task-finished,0
---total-task-finished,122
---timestep,379
---t-update,0
---t-init,1
---op-flow,0
---vetex-flow,0
---op-flow,0
---vertex-flow,0
---t-lns,2873
---t-done,2873
---timestep-task-finished,0
---total-task-finished,122
---timestep,380
---t-update,0
---t-init,1
---op-flow,0
---vetex-flow,0
---op-flow,0
---vertex-flow,0
---t-lns,3310
---t-done,3311
---timestep-task-finished,0
---total-task-finished,122
---timestep,381
---t-update,0
---t-init,25
---op-flow,0
---vetex-flow,0
---op-flow,0
---vertex-flow,0
---t-lns,2256
---t-done,2257
---timestep-task-finished,0
---total-task-finished,122
---timestep,382
---t-update,0
---t-init,1
---op-flow,0
---vetex-flow,0
---op-flow,0
---vertex-flow,0
---t-lns,2279
---t-done,2280
---timestep-task-finished,1
---total-task-finished,123
---timestep,383
---t-update,0
---t-init,44
---op-flow,0
---vetex-flow,0
---op-flow,0
---vertex-flow,0
---t-lns,2211
---t-done,2212
---timestep-task-finished,0
---total-task-finished,123
---timestep,384
---t-update,0
---t-init,1
---op-flow,0
---vetex-flow,0
---op-flow,0
---vertex-flow,0
---t-lns,1842
---t-done,1842
---timestep-task-finished,0
---total-task-finished,123
---timestep,385
---t-update,0
---t-init,4
---op-flow,0
---vetex-flow,0
---op-flow,0
---vertex-flow,0
---t-lns,1928
---t-done,1929
---timestep-task-finished,0
---total-task-finished,123
---timestep,386
---t-update,0
---t-init,1
---op-flow,0
---vetex-flow,0
---op-flow,0
---vertex-flow,0
---t-lns,1723
---t-done,1724
---timestep-task-finished,0
---total-task-finished,123
---timestep,387
---t-update,0
---t-init,1
---op-flow,0
---vetex-flow,0
---op-flow,0
---vertex-flow,0
---t-lns,1661
---t-done,1662
---timestep-task-finished,0
---total-task-finished,123
---timestep,388
---t-update,0
---t-init,0
---op-flow,0
---vetex-flow,0
---op-flow,0
---vertex-flow,0
---t-lns,1324
---t-done,1325
---timestep-task-finished,0
---total-task-finished,123
---timestep,389
---t-update,0
---t-init,1
---op-flow,0
---vetex-flow,0
---op-flow,0
---vertex-flow,0
---t-lns,1396
---t-done,1396
---timestep-task-finished,0
---total-task-finished,123
---timestep,390
---t-update,0
---t-init,6
---op-flow,0
---vetex-flow,0
---op-flow,0
---vertex-flow,0
---t-lns,1464
---t-done,1464
---timestep-task-finished,0
---total-task-finished,123
---timestep,391
---t-update,0
---t-init,2
---op-flow,0
---vetex-flow,0
---op-flow,0
---vertex-flow,0
---t-lns,1218
---t-done,1218
---timestep-task-finished,0
---total-task-finished,123
---timestep,392
---t-update,0
---t-init,4
---op-flow,0
---vetex-flow,0
---op-flow,0
---vertex-flow,0
---t-lns,1166
---t-done,1167
---timestep-task-finished,0
---total-task-finished,123
---timestep,393
---t-update,0
---t-init,3
---op-flow,0
---vetex-flow,0
---op-flow,0
---vertex-flow,0
---t-lns,1151
---t-done,1152
---timestep-task-finished,0
---total-task-finished,123
---timestep,394
---t-update,0
---t-init,1
---op-flow,0
---vetex-flow,0
---op-flow,0
---vertex-flow,0
---t-lns,992
---t-done,993
---timestep-task-finished,0
---total-task-finished,123
---timestep,395
---t-update,0
---t-init,1
---op-flow,0
---vetex-flow,0
---op-flow,0
---vertex-flow,0
---t-lns,1024
---t-done,1025
---timestep-task-finished,0
---total-task-finished,123
---timestep,396
---t-update,0
---t-init,1
---op-flow,0
---vetex-flow,0
---op-flow,0
---vertex-flow,0
---t-lns,1029
---t-done,1030
---timestep-task-finished,1
---total-task-finished,124
---timestep,397
---t-update,0
---t-init,109
---op-flow,0
---vetex-flow,0
---op-flow,0
---vertex-flow,0
---t-lns,1664
---t-done,1665
---timestep-task-finished,1
---total-task-finished,125
---timestep,398
---t-update,0
---t-init,31
---op-flow,0
---vetex-flow,0
---op-flow,0
---vertex-flow,0
---t-lns,1708
---t-done,1709
---timestep-task-finished,2
---total-task-finished,127
---timestep,399
---t-update,0
---t-init,161
---op-flow,0
---vetex-flow,0
---op-flow,0
---vertex-flow,0
---t-lns,2473
---t-done,2475
---timestep-task-finished,1
---total-task-finished,128
---timestep,400
---t-update,0
---t-init,105
---op-flow,0
---vetex-flow,0
---op-flow,0
---vertex-flow,0
---t-lns,2709
---t-done,2710
---timestep-task-finished,0
---total-task-finished,128
---timestep,401
---t-update,0
---t-init,1
---op-flow,0
---vetex-flow,0
---op-flow,0
---vertex-flow,0
---t-lns,2225
---t-done,2226
---timestep-task-finished,0
---total-task-finished,128
---timestep,402
---t-update,0
---t-init,1
---op-flow,0
---vetex-flow,0
---op-flow,0
---vertex-flow,0
---t-lns,2079
---t-done,2081
---timestep-task-finished,0
---total-task-finished,128
---timestep,403
---t-update,0
---t-init,2
---op-flow,0
---vetex-flow,0
---op-flow,0
---vertex-flow,0
---t-lns,1917
---t-done,1919
---timestep-task-finished,0
---total-task-finished,128
---timestep,404
---t-update,0
---t-init,1
---op-flow,0
---vetex-flow,0
---op-flow,0
---vertex-flow,0
---t-lns,1802
---t-done,1803
---timestep-task-finished,1
---total-task-finished,129
---timestep,405
---t-update,0
---t-init,308
---op-flow,0
---vetex-flow,0
---op-flow,0
---vertex-flow,0
---t-lns,4147
---t-done,4148
---timestep-task-finished,0
---total-task-finished,129
---timestep,406
---t-update,0
---t-init,2
---op-flow,0
---vetex-flow,0
---op-flow,0
---vertex-flow,0
---t-lns,5065
---t-done,5066
---timestep-task-finished,0
---total-task-finished,129
---timestep,407
---t-update,0
---t-init,4
---op-flow,0
---vetex-flow,0
---op-flow,0
---vertex-flow,0
---t-lns,4383
---t-done,4384
---timestep-task-finished,1
---total-task-finished,130
---timestep,408
---t-update,0
---t-init,126
---op-flow,0
---vetex-flow,0
---op-flow,0
---vertex-flow,0
---t-lns,3995
---t-done,3997
---timestep-task-finished,0
---total-task-finished,130
---timestep,409
---t-update,0
---t-init,1
---op-flow,0
---vetex-flow,0
---op-flow,0
---vertex-flow,0
---t-lns,3317
---t-done,3318
---timestep-task-finished,0
---total-task-finished,130
---timestep,410
---t-update,0
---t-init,1
---op-flow,0
---vetex-flow,0
---op-flow,0
---vertex-flow,0
---t-lns,3046
---t-done,3048
---timestep-task-finished,0
---total-task-finished,130
---timestep,411
---t-update,0
---t-init,1
---op-flow,0
---vetex-flow,0
---op-flow,0
---vertex-flow,0
---t-lns,2207
---t-done,2207
---timestep-task-finished,0
---total-task-finished,130
---timestep,412
---t-update,0
---t-init,1
---op-flow,0
---vetex-flow,0
---op-flow,0
---vertex-flow,0
---t-lns,3147
---t-done,3149
---timestep-task-finished,0
---total-task-finished,130
---timestep,413
---t-update,0
---t-init,1
---op-flow,0
---vetex-flow,0
---op-flow,0
---vertex-flow,0
---t-lns,2329
---t-done,2330
---timestep-task-finished,1
---total-task-finished,131
---timestep,414
---t-update,0
---t-init,186
---op-flow,0
---vetex-flow,0
---op-flow,0
---vertex-flow,0
---t-lns,3092
---t-done,3092
---timestep-task-finished,0
---total-task-finished,131
---timestep,415
---t-update,0
---t-init,1
---op-flow,0
---vetex-flow,0
---op-flow,0
---vertex-flow,0
---t-lns,3201
---t-done,3202
---timestep-task-finished,1
---total-task-finished,132
---timestep,416
---t-update,0
---t-init,133
---op-flow,0
---vetex-flow,0
---op-flow,0
---vertex-flow,0
---t-lns,5372
---t-done,5374
---timestep-task-finished,1
---total-task-finished,133
---timestep,417
---t-update,0
---t-init,283
---op-flow,0
---vetex-flow,0
---op-flow,0
---vertex-flow,0
---t-lns,5471
---t-done,5472
---timestep-task-finished,0
---total-task-finished,133
---timestep,418
---t-update,0
---t-init,1
---op-flow,0
---vetex-flow,0
---op-flow,0
---vertex-flow,0
---t-lns,4417
---t-done,4418
---timestep-task-finished,1
---total-task-finished,134
---timestep,419
---t-update,0
---t-init,123
---op-flow,0
---vetex-flow,0
---op-flow,0
---vertex-flow,0
---t-lns,6013
---t-done,6014
---timestep-task-finished,1
---total-task-finished,135
---timestep,420
---t-update,0
---t-init,460
---op-flow,0
---vetex-flow,0
---op-flow,0
---vertex-flow,0
---t-lns,9878
---t-done,9880
---timestep-task-finished,1
---total-task-finished,136
---timestep,421
---t-update,0
---t-init,258
---op-flow,1
---vetex-flow,0
---op-flow,0
---vertex-flow,0
---t-lns,8863
---t-done,8864
---timestep-task-finished,0
---total-task-finished,136
---timestep,422
---t-update,0
---t-init,1
---op-flow,0
---vetex-flow,0
---op-flow,0
---vertex-flow,0
---t-lns,6838
---t-done,6839
---timestep-task-finished,0
---total-task-finished,136
---timestep,423
---t-update,0
---t-init,2
---op-flow,0
---vetex-flow,0
---op-flow,0
---vertex-flow,0
---t-lns,7236
---t-done,7237
---timestep-task-finished,0
---total-task-finished,136
---timestep,424
---t-update,0
---t-init,1
---op-flow,0
---vetex-flow,0
---op-flow,0
---vertex-flow,0
---t-lns,6042
---t-done,6044
---timestep-task-finished,1
---total-task-finished,137
---timestep,425
---t-update,0
---t-init,155
---op-flow,0
---vetex-flow,0
---op-flow,0
---vertex-flow,0
---t-lns,7278
---t-done,7280
---timestep-task-finished,0
---total-task-finished,137
---timestep,426
---t-update,0
---t-init,1
---op-flow,0
---vetex-flow,0
---op-flow,0
---vertex-flow,0
---t-lns,5309
---t-done,5310
---timestep-task-finished,0
---total-task-finished,137
---timestep,427
---t-update,0
---t-init,1
---op-flow,0
---vetex-flow,0
---op-flow,0
---vertex-flow,0
---t-lns,6374
---t-done,6376
---timestep-task-finished,0
---total-task-finished,137
---timestep,428
---t-update,0
---t-init,3
---op-flow,0
---vetex-flow,0
---op-flow,0
---vertex-flow,0
---t-lns,7995
---t-done,7996
---timestep-task-finished,1
---total-task-finished,138
---timestep,429
---t-update,0
---t-init,312
---op-flow,0
---vetex-flow,0
---op-flow,0
---vertex-flow,0
---t-lns,8344
---t-done,8345
---timestep-task-finished,0
---total-task-finished,138
---timestep,430
---t-update,0
---t-init,4
---op-flow,0
---vetex-flow,0
---op-flow,0
---vertex-flow,0
---t-lns,6088
---t-done,6089
---timestep-task-finished,0
---total-task-finished,138
---timestep,431
---t-update,0
---t-init,1
---op-flow,0
---vetex-flow,0
---op-flow,0
---vertex-flow,0
---t-lns,6278
---t-done,6280
---timestep-task-finished,0
---total-task-finished,138
---timestep,432
---t-update,0
---t-init,2
---op-flow,0
---vetex-flow,0
---op-flow,0
---vertex-flow,0
---t-lns,8020
---t-done,8020
---timestep-task-finished,1
---total-task-finished,139
---timestep,433
---t-update,0
---t-init,66
---op-flow,0
---vetex-flow,0
---op-flow,0
---vertex-flow,0
---t-lns,5129
---t-done,5130
---timestep-task-finished,0
---total-task-finished,139
---timestep,434
---t-update,0
---t-init,19
---op-flow,0
---vetex-flow,0
---op-flow,0
---vertex-flow,0
---t-lns,5557
---t-done,5558
---timestep-task-finished,0
---total-task-finished,139
---timestep,435
---t-update,0
---t-init,1
---op-flow,0
---vetex-flow,0
---op-flow,0
---vertex-flow,0
---t-lns,5386
---t-done,5387
---timestep-task-finished,0
---total-task-finished,139
---timestep,436
---t-update,0
---t-init,1
---op-flow,0
---vetex-flow,0
---op-flow,0
---vertex-flow,0
---t-lns,5113
---t-done,5115
---timestep-task-finished,0
---total-task-finished,139
---timestep,437
---t-update,0
---t-init,2
---op-flow,0
---vetex-flow,0
---op-flow,0
---vertex-flow,0
---t-lns,5656
---t-done,5658
---timestep-task-finished,1
---total-task-finished,140
---timestep,438
---t-update,0
---t-init,86
---op-flow,0
---vetex-flow,0
---op-flow,0
---vertex-flow,0
---t-lns,6759
---t-done,6761
---timestep-task-finished,0
---total-task-finished,140
---timestep,439
---t-update,0
---t-init,2
---op-flow,0
---vetex-flow,0
---op-flow,0
---vertex-flow,0
---t-lns,6648
---t-done,6650
---timestep-task-finished,0
---total-task-finished,140
---timestep,440
---t-update,0
---t-init,2
---op-flow,0
---vetex-flow,0
---op-flow,0
---vertex-flow,0
---t-lns,5115
---t-done,5117
---timestep-task-finished,0
---total-task-finished,140
---timestep,441
---t-update,0
---t-init,1
---op-flow,0
---vetex-flow,0
---op-flow,0
---vertex-flow,0
---t-lns,3705
---t-done,3706
---timestep-task-finished,0
---total-task-finished,140
---timestep,442
---t-update,0
---t-init,2
---op-flow,0
---vetex-flow,0
---op-flow,0
---vertex-flow,0
---t-lns,4086
---t-done,4087
---timestep-task-finished,0
---total-task-finished,140
---timestep,443
---t-update,0
---t-init,2
---op-flow,0
---vetex-flow,0
---op-flow,0
---vertex-flow,0
---t-lns,4531
---t-done,4533
---timestep-task-finished,0
---total-task-finished,140
---timestep,444
---t-update,0
---t-init,2
---op-flow,0
---vetex-flow,0
---op-flow,0
---vertex-flow,0
---t-lns,5059
---t-done,5061
---timestep-task-finished,0
---total-task-finished,140
---timestep,445
---t-update,0
---t-init,2
---op-flow,0
---vetex-flow,0
---op-flow,0
---vertex-flow,0
---t-lns,3877
---t-done,3879
---timestep-task-finished,1
---total-task-finished,141
---timestep,446
---t-update,0
---t-init,120
---op-flow,0
---vetex-flow,0
---op-flow,0
---vertex-flow,0
---t-lns,3221
---t-done,3222
---timestep-task-finished,0
---total-task-finished,141
---timestep,447
---t-update,0
---t-init,1
---op-flow,0
---vetex-flow,0
---op-flow,0
---vertex-flow,0
---t-lns,2282
---t-done,2283
---timestep-task-finished,0
---total-task-finished,141
---timestep,448
---t-update,0
---t-init,1
---op-flow,0
---vetex-flow,0
---op-flow,0
---vertex-flow,0
---t-lns,2224
---t-done,2225
---timestep-task-finished,0
---total-task-finished,141
---timestep,449
---t-update,0
---t-init,1
---op-flow,0
---vetex-flow,0
---op-flow,0
---vertex-flow,0
---t-lns,2268
---t-done,2269
---timestep-task-finished,0
---total-task-finished,141

Done!
