---priority-initialization-seed,42
---timestep,0
---t-update,0
---init-agents:2
---t-init,25
---t-lns,39
---t-done,41
---timestep,1
---t-update,0
---t-init,2
---op-flow,0
---vetex-flow,0
---op-flow,0
---vertex-flow,0
---t-lns,62
---t-done,63
---timestep,2
---t-update,0
---t-init,3
---op-flow,0
---vetex-flow,0
---op-flow,0
---vertex-flow,0
---t-lns,49
---t-done,51
---timestep,3
---t-update,0
---t-init,20
---op-flow,0
---vetex-flow,0
---op-flow,0
---vertex-flow,0
---t-lns,121
---t-done,123
---timestep,4
---t-update,0
---t-init,3
---op-flow,0
---vetex-flow,0
---op-flow,0
---vertex-flow,0
---t-lns,50
---t-done,53
