-- The C compiler identification is GNU 11.4.0
-- The CXX compiler identification is GNU 11.4.0
-- Detecting C compiler ABI info
-- Detecting C compiler ABI info - done
-- Check for working C compiler: /usr/bin/cc - skipped
-- Detecting C compile features
-- Detecting C compile features - done
-- Detecting CXX compiler ABI info
-- Detecting CXX compiler ABI info - done
-- Check for working CXX compiler: /usr/bin/c++ - skipped
-- Detecting CXX compile features
-- Detecting CXX compile features - done
-- PYTHON: 
-- SWAP is enabled
-- Guidance is enabled 
-- RELAX is enabled: 100 traj/dist/heu table initialization per timestep
-- LNS_GROUP_SIZE is set to: 10
-- INIT_PP is enabled
-- OBJECTIVE is enabled: 4
-- Found Boost: /usr/lib/x86_64-linux-gnu/cmake/Boost-1.74.0/BoostConfig.cmake (found suitable version "1.74.0", minimum required is "1.71.0") found components: program_options system filesystem log log_setup 
-- Found Python: /usr/bin/python3.10 (found suitable version "3.10.12", minimum required is "3.9") found components: Interpreter Development Development.Module Development.Embed 
-- pybind11 v2.14.0 dev1
-- Found PythonInterp: /usr/bin/python3 (found suitable version "3.10.12", minimum required is "3.7") 
-- Found PythonLibs: /usr/lib/x86_64-linux-gnu/libpython3.10.so
-- Performing Test HAS_FLTO
-- Performing Test HAS_FLTO - Success
-- Python support is disabled
-- Configuring done
-- Generating done
-- Build files have been written to: /home/lyh/MAPF_PIED_MDDR_RESEARCH/implementation_binding_evidence/onlineggo_neural_r0_20260930_r2/build_nn
