guided-pibt/benchmark-lifelong
*** Loading map ***
Map size: 33x57	Done! (load time: 0 s)
10 agents and 50000 tasks
---priority-initialization-seed,42
---timestep,0
---t-update,0
---init-agents:10
---t-init,1197
---t-lns,1199
---t-done,1372
---timestep-task-finished,0
---total-task-finished,0
---timestep,1
---t-update,0
---t-init,2
---op-flow,0
---vetex-flow,0
---op-flow,0
---vertex-flow,0
---t-lns,7664
---t-done,7666
---timestep-task-finished,0
---total-task-finished,0
---timestep,2
---t-update,0
---t-init,2
---op-flow,0
---vetex-flow,0
---op-flow,0
---vertex-flow,0
---t-lns,9463
---t-done,9465
---timestep-task-finished,0
---total-task-finished,0
---timestep,3
---t-update,0
---t-init,2
---op-flow,0
---vetex-flow,0
---op-flow,0
---vertex-flow,0
---t-lns,6004
---t-done,6005
---timestep-task-finished,0
---total-task-finished,0
---timestep,4
---t-update,0
---t-init,1
---op-flow,0
---vetex-flow,0
---op-flow,0
---vertex-flow,0
---t-lns,5841
---t-done,5843
---timestep-task-finished,0
---total-task-finished,0
---timestep,5
---t-update,0
---t-init,2
---op-flow,0
---vetex-flow,0
---op-flow,0
---vertex-flow,0
---t-lns,6793
---t-done,6795
---timestep-task-finished,0
---total-task-finished,0
---timestep,6
---t-update,0
---t-init,2
---op-flow,0
---vetex-flow,0
---op-flow,0
---vertex-flow,0
---t-lns,7521
---t-done,7523
---timestep-task-finished,0
---total-task-finished,0
---timestep,7
---t-update,0
---t-init,3
---op-flow,0
---vetex-flow,0
---op-flow,0
---vertex-flow,0
---t-lns,7213
---t-done,7217
---timestep-task-finished,0
---total-task-finished,0
---timestep,8
---t-update,0
---t-init,3
---op-flow,0
---vetex-flow,0
---op-flow,0
---vertex-flow,0
---t-lns,7206
---t-done,7208
---timestep-task-finished,0
---total-task-finished,0
---timestep,9
---t-update,0
---t-init,2
---op-flow,0
---vetex-flow,0
---op-flow,0
---vertex-flow,0
---t-lns,3912
---t-done,3913
---timestep-task-finished,0
---total-task-finished,0
---timestep,10
---t-update,0
---t-init,2
---op-flow,0
---vetex-flow,0
---op-flow,0
---vertex-flow,0
---t-lns,4088
---t-done,4089
---timestep-task-finished,0
---total-task-finished,0
---timestep,11
---t-update,0
---t-init,2
---op-flow,0
---vetex-flow,0
---op-flow,0
---vertex-flow,0
---t-lns,4089
---t-done,4090
---timestep-task-finished,1
---total-task-finished,1
---timestep,12
---t-update,0
---t-init,275
---op-flow,0
---vetex-flow,0
---op-flow,0
---vertex-flow,0
---t-lns,4856
---t-done,4857
---timestep-task-finished,0
---total-task-finished,1
---timestep,13
---t-update,0
---t-init,2
---op-flow,0
---vetex-flow,0
---op-flow,0
---vertex-flow,0
---t-lns,5802
---t-done,5804
---timestep-task-finished,1
---total-task-finished,2
---timestep,14
---t-update,0
---t-init,285
---op-flow,0
---vetex-flow,0
---op-flow,0
---vertex-flow,0
---t-lns,6305
---t-done,6307
---timestep-task-finished,0
---total-task-finished,2
---timestep,15
---t-update,0
---t-init,2
---op-flow,0
---vetex-flow,0
---op-flow,0
---vertex-flow,0
---t-lns,6601
---t-done,6602
---timestep-task-finished,0
---total-task-finished,2
---timestep,16
---t-update,0
---t-init,4
---op-flow,0
---vetex-flow,0
---op-flow,0
---vertex-flow,0
---t-lns,7016
---t-done,7018
---timestep-task-finished,0
---total-task-finished,2
---timestep,17
---t-update,0
---t-init,3
---op-flow,0
---vetex-flow,0
---op-flow,0
---vertex-flow,0
---t-lns,7891
---t-done,7892
---timestep-task-finished,2
---total-task-finished,4
---timestep,18
---t-update,0
---t-init,213
---op-flow,1
---vetex-flow,1
---op-flow,0
---vertex-flow,0
---t-lns,6043
---t-done,6044
---timestep-task-finished,0
---total-task-finished,4
---timestep,19
---t-update,0
---t-init,1
---op-flow,0
---vetex-flow,0
---op-flow,0
---vertex-flow,0
---t-lns,5938
---t-done,5939
---timestep-task-finished,0
---total-task-finished,4
---timestep,20
---t-update,0
---t-init,2
---op-flow,0
---vetex-flow,0
---op-flow,0
---vertex-flow,0
---t-lns,6447
---t-done,6449
---timestep-task-finished,0
---total-task-finished,4
---timestep,21
---t-update,0
---t-init,2
---op-flow,0
---vetex-flow,0
---op-flow,0
---vertex-flow,0
---t-lns,5847
---t-done,5848
---timestep-task-finished,0
---total-task-finished,4
---timestep,22
---t-update,0
---t-init,2
---op-flow,0
---vetex-flow,0
---op-flow,0
---vertex-flow,0
---t-lns,5049
---t-done,5050
---timestep-task-finished,0
---total-task-finished,4
---timestep,23
---t-update,0
---t-init,1
---op-flow,0
---vetex-flow,0
---op-flow,0
---vertex-flow,0
---t-lns,3959
---t-done,3960
---timestep-task-finished,0
---total-task-finished,4
---timestep,24
---t-update,0
---t-init,4
---op-flow,0
---vetex-flow,0
---op-flow,0
---vertex-flow,0
---t-lns,3844
---t-done,3846
---timestep-task-finished,0
---total-task-finished,4
---timestep,25
---t-update,0
---t-init,1
---op-flow,0
---vetex-flow,0
---op-flow,0
---vertex-flow,0
---t-lns,3591
---t-done,3592
---timestep-task-finished,0
---total-task-finished,4
---timestep,26
---t-update,0
---t-init,4
---op-flow,0
---vetex-flow,0
---op-flow,0
---vertex-flow,0
---t-lns,3866
---t-done,3867
---timestep-task-finished,1
---total-task-finished,5
---timestep,27
---t-update,0
---t-init,176
---op-flow,0
---vetex-flow,0
---op-flow,0
---vertex-flow,0
---t-lns,4853
---t-done,4855
---timestep-task-finished,1
---total-task-finished,6
---timestep,28
---t-update,0
---t-init,105
---op-flow,0
---vetex-flow,0
---op-flow,0
---vertex-flow,0
---t-lns,4707
---t-done,4708
---timestep-task-finished,1
---total-task-finished,7
---timestep,29
---t-update,0
---t-init,261
---op-flow,0
---vetex-flow,0
---op-flow,0
---vertex-flow,0
---t-lns,5282
---t-done,5283
---timestep-task-finished,1
---total-task-finished,8
---timestep,30
---t-update,0
---t-init,72
---op-flow,0
---vetex-flow,0
---op-flow,0
---vertex-flow,0
---t-lns,3600
---t-done,3601
---timestep-task-finished,0
---total-task-finished,8
---timestep,31
---t-update,0
---t-init,0
---op-flow,0
---vetex-flow,0
---op-flow,0
---vertex-flow,0
---t-lns,3004
---t-done,3005
---timestep-task-finished,0
---total-task-finished,8
---timestep,32
---t-update,0
---t-init,1
---op-flow,0
---vetex-flow,0
---op-flow,0
---vertex-flow,0
---t-lns,2813
---t-done,2814
---timestep-task-finished,0
---total-task-finished,8
---timestep,33
---t-update,0
---t-init,1
---op-flow,0
---vetex-flow,0
---op-flow,0
---vertex-flow,0
---t-lns,2851
---t-done,2852
---timestep-task-finished,0
---total-task-finished,8
---timestep,34
---t-update,0
---t-init,0
---op-flow,0
---vetex-flow,0
---op-flow,0
---vertex-flow,0
---t-lns,2623
---t-done,2624
---timestep-task-finished,0
---total-task-finished,8
---timestep,35
---t-update,0
---t-init,4
---op-flow,0
---vetex-flow,0
---op-flow,0
---vertex-flow,0
---t-lns,2316
---t-done,2316
---timestep-task-finished,0
---total-task-finished,8
---timestep,36
---t-update,0
---t-init,1
---op-flow,0
---vetex-flow,0
---op-flow,0
---vertex-flow,0
---t-lns,2094
---t-done,2095
---timestep-task-finished,0
---total-task-finished,8
---timestep,37
---t-update,0
---t-init,4
---op-flow,0
---vetex-flow,0
---op-flow,0
---vertex-flow,0
---t-lns,2185
---t-done,2186
---timestep-task-finished,1
---total-task-finished,9
---timestep,38
---t-update,0
---t-init,55
---op-flow,0
---vetex-flow,0
---op-flow,0
---vertex-flow,0
---t-lns,2072
---t-done,2073
---timestep-task-finished,0
---total-task-finished,9
---timestep,39
---t-update,0
---t-init,3
---op-flow,0
---vetex-flow,0
---op-flow,0
---vertex-flow,0
---t-lns,1904
---t-done,1905
---timestep-task-finished,0
---total-task-finished,9
---timestep,40
---t-update,0
---t-init,1
---op-flow,0
---vetex-flow,0
---op-flow,0
---vertex-flow,0
---t-lns,1760
---t-done,1760
---timestep-task-finished,0
---total-task-finished,9
---timestep,41
---t-update,0
---t-init,3
---op-flow,0
---vetex-flow,0
---op-flow,0
---vertex-flow,0
---t-lns,1730
---t-done,1730
---timestep-task-finished,1
---total-task-finished,10
---timestep,42
---t-update,0
---t-init,23
---op-flow,0
---vetex-flow,0
---op-flow,0
---vertex-flow,0
---t-lns,1549
---t-done,1550
---timestep-task-finished,0
---total-task-finished,10
---timestep,43
---t-update,0
---t-init,0
---op-flow,0
---vetex-flow,0
---op-flow,0
---vertex-flow,0
---t-lns,1405
---t-done,1406
---timestep-task-finished,1
---total-task-finished,11
---timestep,44
---t-update,0
---t-init,16
---op-flow,0
---vetex-flow,0
---op-flow,0
---vertex-flow,0
---t-lns,1263
---t-done,1264
---timestep-task-finished,1
---total-task-finished,12
---timestep,45
---t-update,0
---t-init,62
---op-flow,0
---vetex-flow,0
---op-flow,0
---vertex-flow,0
---t-lns,1442
---t-done,1443
---timestep-task-finished,0
---total-task-finished,12
---timestep,46
---t-update,0
---t-init,0
---op-flow,0
---vetex-flow,0
---op-flow,0
---vertex-flow,0
---t-lns,1307
---t-done,1308
---timestep-task-finished,0
---total-task-finished,12
---timestep,47
---t-update,0
---t-init,1
---op-flow,0
---vetex-flow,0
---op-flow,0
---vertex-flow,0
---t-lns,1163
---t-done,1164
---timestep-task-finished,1
---total-task-finished,13
---timestep,48
---t-update,0
---t-init,15
---op-flow,0
---vetex-flow,0
---op-flow,0
---vertex-flow,0
---t-lns,1034
---t-done,1035
---timestep-task-finished,0
---total-task-finished,13
---timestep,49
---t-update,0
---t-init,1
---op-flow,0
---vetex-flow,0
---op-flow,0
---vertex-flow,0
---t-lns,1163
---t-done,1164
---timestep-task-finished,0
---total-task-finished,13
---timestep,50
---t-update,0
---t-init,1
---op-flow,0
---vetex-flow,0
---op-flow,0
---vertex-flow,0
---t-lns,954
---t-done,955
---timestep-task-finished,1
---total-task-finished,14
---timestep,51
---t-update,0
---t-init,55
---op-flow,0
---vetex-flow,0
---op-flow,0
---vertex-flow,0
---t-lns,1115
---t-done,1116
---timestep-task-finished,1
---total-task-finished,15
---timestep,52
---t-update,0
---t-init,54
---op-flow,0
---vetex-flow,0
---op-flow,0
---vertex-flow,0
---t-lns,1178
---t-done,1179
---timestep-task-finished,1
---total-task-finished,16
---timestep,53
---t-update,0
---t-init,246
---op-flow,0
---vetex-flow,0
---op-flow,0
---vertex-flow,0
---t-lns,2971
---t-done,2972
---timestep-task-finished,0
---total-task-finished,16
---timestep,54
---t-update,0
---t-init,1
---op-flow,0
---vetex-flow,0
---op-flow,0
---vertex-flow,0
---t-lns,3219
---t-done,3220
---timestep-task-finished,0
---total-task-finished,16
---timestep,55
---t-update,0
---t-init,1
---op-flow,0
---vetex-flow,0
---op-flow,0
---vertex-flow,0
---t-lns,3757
---t-done,3758
---timestep-task-finished,0
---total-task-finished,16
---timestep,56
---t-update,0
---t-init,2
---op-flow,0
---vetex-flow,0
---op-flow,0
---vertex-flow,0
---t-lns,3989
---t-done,3990
---timestep-task-finished,0
---total-task-finished,16
---timestep,57
---t-update,0
---t-init,1
---op-flow,0
---vetex-flow,0
---op-flow,0
---vertex-flow,0
---t-lns,3201
---t-done,3202
---timestep-task-finished,2
---total-task-finished,18
---timestep,58
---t-update,0
---t-init,235
---op-flow,0
---vetex-flow,0
---op-flow,0
---vertex-flow,0
---t-lns,4739
---t-done,4740
---timestep-task-finished,0
---total-task-finished,18
---timestep,59
---t-update,0
---t-init,1
---op-flow,0
---vetex-flow,0
---op-flow,0
---vertex-flow,0
---t-lns,5852
---t-done,5854
---timestep-task-finished,0
---total-task-finished,18
---timestep,60
---t-update,0
---t-init,4
---op-flow,0
---vetex-flow,0
---op-flow,0
---vertex-flow,0
---t-lns,6555
---t-done,6557
---timestep-task-finished,0
---total-task-finished,18
---timestep,61
---t-update,0
---t-init,2
---op-flow,0
---vetex-flow,0
---op-flow,0
---vertex-flow,0
---t-lns,5227
---t-done,5228
---timestep-task-finished,0
---total-task-finished,18
---timestep,62
---t-update,0
---t-init,4
---op-flow,0
---vetex-flow,0
---op-flow,0
---vertex-flow,0
---t-lns,3976
---t-done,3977
---timestep-task-finished,0
---total-task-finished,18
---timestep,63
---t-update,0
---t-init,1
---op-flow,0
---vetex-flow,0
---op-flow,0
---vertex-flow,0
---t-lns,3642
---t-done,3643
---timestep-task-finished,0
---total-task-finished,18
---timestep,64
---t-update,0
---t-init,1
---op-flow,0
---vetex-flow,0
---op-flow,0
---vertex-flow,0
---t-lns,3376
---t-done,3377
---timestep-task-finished,1
---total-task-finished,19
---timestep,65
---t-update,0
---t-init,25
---op-flow,0
---vetex-flow,0
---op-flow,0
---vertex-flow,0
---t-lns,3450
---t-done,3451
---timestep-task-finished,1
---total-task-finished,20
---timestep,66
---t-update,0
---t-init,158
---op-flow,0
---vetex-flow,0
---op-flow,0
---vertex-flow,0
---t-lns,4318
---t-done,4319
---timestep-task-finished,1
---total-task-finished,21
---timestep,67
---t-update,0
---t-init,54
---op-flow,0
---vetex-flow,0
---op-flow,0
---vertex-flow,0
---t-lns,4151
---t-done,4152
---timestep-task-finished,1
---total-task-finished,22
---timestep,68
---t-update,0
---t-init,152
---op-flow,0
---vetex-flow,0
---op-flow,0
---vertex-flow,0
---t-lns,3178
---t-done,3179
---timestep-task-finished,0
---total-task-finished,22
---timestep,69
---t-update,0
---t-init,0
---op-flow,0
---vetex-flow,0
---op-flow,0
---vertex-flow,0
---t-lns,2772
---t-done,2772
---timestep-task-finished,0
---total-task-finished,22
---timestep,70
---t-update,0
---t-init,0
---op-flow,0
---vetex-flow,0
---op-flow,0
---vertex-flow,0
---t-lns,2573
---t-done,2574
---timestep-task-finished,1
---total-task-finished,23
---timestep,71
---t-update,0
---t-init,17
---op-flow,0
---vetex-flow,0
---op-flow,0
---vertex-flow,0
---t-lns,3235
---t-done,3236
---timestep-task-finished,1
---total-task-finished,24
---timestep,72
---t-update,0
---t-init,87
---op-flow,0
---vetex-flow,0
---op-flow,0
---vertex-flow,0
---t-lns,2565
---t-done,2566
---timestep-task-finished,1
---total-task-finished,25
---timestep,73
---t-update,0
---t-init,76
---op-flow,0
---vetex-flow,0
---op-flow,0
---vertex-flow,0
---t-lns,4541
---t-done,4543
---timestep-task-finished,0
---total-task-finished,25
---timestep,74
---t-update,0
---t-init,2
---op-flow,0
---vetex-flow,0
---op-flow,0
---vertex-flow,0
---t-lns,4685
---t-done,4686
---timestep-task-finished,0
---total-task-finished,25
---timestep,75
---t-update,0
---t-init,1
---op-flow,0
---vetex-flow,0
---op-flow,0
---vertex-flow,0
---t-lns,4896
---t-done,4898
---timestep-task-finished,0
---total-task-finished,25
---timestep,76
---t-update,0
---t-init,2
---op-flow,0
---vetex-flow,0
---op-flow,0
---vertex-flow,0
---t-lns,4983
---t-done,4985
---timestep-task-finished,0
---total-task-finished,25
---timestep,77
---t-update,0
---t-init,1
---op-flow,0
---vetex-flow,0
---op-flow,0
---vertex-flow,0
---t-lns,2812
---t-done,2813
---timestep-task-finished,0
---total-task-finished,25
---timestep,78
---t-update,0
---t-init,1
---op-flow,0
---vetex-flow,0
---op-flow,0
---vertex-flow,0
---t-lns,2388
---t-done,2389
---timestep-task-finished,1
---total-task-finished,26
---timestep,79
---t-update,0
---t-init,82
---op-flow,0
---vetex-flow,1
---op-flow,0
---vertex-flow,0
---t-lns,3581
---t-done,3583
---timestep-task-finished,0
---total-task-finished,26
---timestep,80
---t-update,0
---t-init,1
---op-flow,0
---vetex-flow,0
---op-flow,0
---vertex-flow,0
---t-lns,2869
---t-done,2870
---timestep-task-finished,1
---total-task-finished,27
---timestep,81
---t-update,0
---t-init,102
---op-flow,0
---vetex-flow,0
---op-flow,0
---vertex-flow,0
---t-lns,2332
---t-done,2333
---timestep-task-finished,0
---total-task-finished,27
---timestep,82
---t-update,0
---t-init,1
---op-flow,0
---vetex-flow,0
---op-flow,0
---vertex-flow,0
---t-lns,2267
---t-done,2267
---timestep-task-finished,0
---total-task-finished,27
---timestep,83
---t-update,0
---t-init,0
---op-flow,0
---vetex-flow,0
---op-flow,0
---vertex-flow,0
---t-lns,2128
---t-done,2129
---timestep-task-finished,0
---total-task-finished,27
---timestep,84
---t-update,0
---t-init,1
---op-flow,0
---vetex-flow,0
---op-flow,0
---vertex-flow,0
---t-lns,1973
---t-done,1974
---timestep-task-finished,0
---total-task-finished,27
---timestep,85
---t-update,0
---t-init,1
---op-flow,0
---vetex-flow,0
---op-flow,0
---vertex-flow,0
---t-lns,1892
---t-done,1893
---timestep-task-finished,0
---total-task-finished,27
---timestep,86
---t-update,0
---t-init,1
---op-flow,0
---vetex-flow,0
---op-flow,0
---vertex-flow,0
---t-lns,1621
---t-done,1622
---timestep-task-finished,0
---total-task-finished,27
---timestep,87
---t-update,0
---t-init,1
---op-flow,0
---vetex-flow,0
---op-flow,0
---vertex-flow,0
---t-lns,1511
---t-done,1511
---timestep-task-finished,1
---total-task-finished,28
---timestep,88
---t-update,0
---t-init,138
---op-flow,0
---vetex-flow,0
---op-flow,0
---vertex-flow,0
---t-lns,2732
---t-done,2733
---timestep-task-finished,0
---total-task-finished,28
---timestep,89
---t-update,0
---t-init,1
---op-flow,0
---vetex-flow,0
---op-flow,0
---vertex-flow,0
---t-lns,2299
---t-done,2299
---timestep-task-finished,0
---total-task-finished,28
---timestep,90
---t-update,0
---t-init,1
---op-flow,0
---vetex-flow,0
---op-flow,0
---vertex-flow,0
---t-lns,1965
---t-done,1966
---timestep-task-finished,0
---total-task-finished,28
---timestep,91
---t-update,0
---t-init,1
---op-flow,0
---vetex-flow,0
---op-flow,0
---vertex-flow,0
---t-lns,1829
---t-done,1829
---timestep-task-finished,1
---total-task-finished,29
---timestep,92
---t-update,0
---t-init,41
---op-flow,0
---vetex-flow,0
---op-flow,0
---vertex-flow,0
---t-lns,1516
---t-done,1517
---timestep-task-finished,1
---total-task-finished,30
---timestep,93
---t-update,0
---t-init,61
---op-flow,0
---vetex-flow,0
---op-flow,0
---vertex-flow,0
---t-lns,2154
---t-done,2154
---timestep-task-finished,0
---total-task-finished,30
---timestep,94
---t-update,0
---t-init,0
---op-flow,0
---vetex-flow,0
---op-flow,0
---vertex-flow,0
---t-lns,1673
---t-done,1674
---timestep-task-finished,0
---total-task-finished,30
---timestep,95
---t-update,0
---t-init,3
---op-flow,0
---vetex-flow,0
---op-flow,0
---vertex-flow,0
---t-lns,1598
---t-done,1598
---timestep-task-finished,0
---total-task-finished,30
---timestep,96
---t-update,0
---t-init,4
---op-flow,0
---vetex-flow,0
---op-flow,0
---vertex-flow,0
---t-lns,1609
---t-done,1610
---timestep-task-finished,0
---total-task-finished,30
---timestep,97
---t-update,0
---t-init,0
---op-flow,0
---vetex-flow,0
---op-flow,0
---vertex-flow,0
---t-lns,1395
---t-done,1396
---timestep-task-finished,0
---total-task-finished,30
---timestep,98
---t-update,0
---t-init,1
---op-flow,0
---vetex-flow,0
---op-flow,0
---vertex-flow,0
---t-lns,1146
---t-done,1147
---timestep-task-finished,1
---total-task-finished,31
---timestep,99
---t-update,0
---t-init,88
---op-flow,0
---vetex-flow,1
---op-flow,0
---vertex-flow,0
---t-lns,1525
---t-done,1525
---timestep-task-finished,0
---total-task-finished,31
---timestep,100
---t-update,0
---t-init,1
---op-flow,0
---vetex-flow,0
---op-flow,0
---vertex-flow,0
---t-lns,1356
---t-done,1356
---timestep-task-finished,0
---total-task-finished,31
---timestep,101
---t-update,0
---t-init,1
---op-flow,0
---vetex-flow,0
---op-flow,0
---vertex-flow,0
---t-lns,1103
---t-done,1103
---timestep-task-finished,0
---total-task-finished,31
---timestep,102
---t-update,0
---t-init,1
---op-flow,0
---vetex-flow,0
---op-flow,0
---vertex-flow,0
---t-lns,1045
---t-done,1046
---timestep-task-finished,0
---total-task-finished,31
---timestep,103
---t-update,0
---t-init,1
---op-flow,0
---vetex-flow,0
---op-flow,0
---vertex-flow,0
---t-lns,831
---t-done,832
---timestep-task-finished,1
---total-task-finished,32
---timestep,104
---t-update,0
---t-init,224
---op-flow,0
---vetex-flow,0
---op-flow,0
---vertex-flow,0
---t-lns,2545
---t-done,2545
---timestep-task-finished,1
---total-task-finished,33
---timestep,105
---t-update,0
---t-init,89
---op-flow,0
---vetex-flow,0
---op-flow,0
---vertex-flow,0
---t-lns,2692
---t-done,2693
---timestep-task-finished,0
---total-task-finished,33
---timestep,106
---t-update,0
---t-init,1
---op-flow,0
---vetex-flow,0
---op-flow,0
---vertex-flow,0
---t-lns,2827
---t-done,2828
---timestep-task-finished,0
---total-task-finished,33
---timestep,107
---t-update,0
---t-init,1
---op-flow,0
---vetex-flow,0
---op-flow,0
---vertex-flow,0
---t-lns,3158
---t-done,3159
---timestep-task-finished,1
---total-task-finished,34
---timestep,108
---t-update,0
---t-init,64
---op-flow,0
---vetex-flow,0
---op-flow,0
---vertex-flow,0
---t-lns,3140
---t-done,3141
---timestep-task-finished,0
---total-task-finished,34
---timestep,109
---t-update,0
---t-init,1
---op-flow,0
---vetex-flow,0
---op-flow,0
---vertex-flow,0
---t-lns,2589
---t-done,2589
---timestep-task-finished,0
---total-task-finished,34
---timestep,110
---t-update,0
---t-init,2
---op-flow,0
---vetex-flow,0
---op-flow,0
---vertex-flow,0
---t-lns,3170
---t-done,3171
---timestep-task-finished,0
---total-task-finished,34
---timestep,111
---t-update,0
---t-init,1
---op-flow,0
---vetex-flow,0
---op-flow,0
---vertex-flow,0
---t-lns,2073
---t-done,2074
---timestep-task-finished,0
---total-task-finished,34
---timestep,112
---t-update,0
---t-init,1
---op-flow,0
---vetex-flow,0
---op-flow,0
---vertex-flow,0
---t-lns,2012
---t-done,2012
---timestep-task-finished,2
---total-task-finished,36
---timestep,113
---t-update,0
---t-init,102
---op-flow,0
---vetex-flow,0
---op-flow,0
---vertex-flow,0
---t-lns,2187
---t-done,2188
---timestep-task-finished,1
---total-task-finished,37
---timestep,114
---t-update,0
---t-init,56
---op-flow,0
---vetex-flow,0
---op-flow,0
---vertex-flow,0
---t-lns,2619
---t-done,2620
---timestep-task-finished,0
---total-task-finished,37
---timestep,115
---t-update,0
---t-init,1
---op-flow,0
---vetex-flow,0
---op-flow,0
---vertex-flow,0
---t-lns,2149
---t-done,2149
---timestep-task-finished,0
---total-task-finished,37
---timestep,116
---t-update,0
---t-init,4
---op-flow,0
---vetex-flow,0
---op-flow,0
---vertex-flow,0
---t-lns,2402
---t-done,2403
---timestep-task-finished,0
---total-task-finished,37
---timestep,117
---t-update,0
---t-init,1
---op-flow,0
---vetex-flow,0
---op-flow,0
---vertex-flow,0
---t-lns,2950
---t-done,2951
---timestep-task-finished,0
---total-task-finished,37
---timestep,118
---t-update,0
---t-init,5
---op-flow,0
---vetex-flow,0
---op-flow,0
---vertex-flow,0
---t-lns,2919
---t-done,2920
---timestep-task-finished,2
---total-task-finished,39
---timestep,119
---t-update,0
---t-init,163
---op-flow,0
---vetex-flow,0
---op-flow,0
---vertex-flow,0
---t-lns,3331
---t-done,3333
---timestep-task-finished,0
---total-task-finished,39
---timestep,120
---t-update,0
---t-init,19
---op-flow,0
---vetex-flow,0
---op-flow,0
---vertex-flow,0
---t-lns,2708
---t-done,2709
---timestep-task-finished,0
---total-task-finished,39
---timestep,121
---t-update,0
---t-init,1
---op-flow,0
---vetex-flow,0
---op-flow,0
---vertex-flow,0
---t-lns,2088
---t-done,2089
---timestep-task-finished,0
---total-task-finished,39
---timestep,122
---t-update,0
---t-init,1
---op-flow,0
---vetex-flow,0
---op-flow,0
---vertex-flow,0
---t-lns,2656
---t-done,2657
---timestep-task-finished,0
---total-task-finished,39
---timestep,123
---t-update,0
---t-init,1
---op-flow,0
---vetex-flow,0
---op-flow,0
---vertex-flow,0
---t-lns,2445
---t-done,2446
---timestep-task-finished,0
---total-task-finished,39
---timestep,124
---t-update,0
---t-init,1
---op-flow,0
---vetex-flow,0
---op-flow,0
---vertex-flow,0
---t-lns,1869
---t-done,1870
---timestep-task-finished,1
---total-task-finished,40
---timestep,125
---t-update,0
---t-init,149
---op-flow,0
---vetex-flow,0
---op-flow,0
---vertex-flow,0
---t-lns,2212
---t-done,2213
---timestep-task-finished,0
---total-task-finished,40
---timestep,126
---t-update,0
---t-init,4
---op-flow,0
---vetex-flow,0
---op-flow,0
---vertex-flow,0
---t-lns,1702
---t-done,1703
---timestep-task-finished,0
---total-task-finished,40
---timestep,127
---t-update,0
---t-init,3
---op-flow,0
---vetex-flow,0
---op-flow,0
---vertex-flow,0
---t-lns,1722
---t-done,1723
---timestep-task-finished,1
---total-task-finished,41
---timestep,128
---t-update,0
---t-init,77
---op-flow,0
---vetex-flow,0
---op-flow,0
---vertex-flow,0
---t-lns,1613
---t-done,1614
---timestep-task-finished,0
---total-task-finished,41
---timestep,129
---t-update,0
---t-init,4
---op-flow,0
---vetex-flow,0
---op-flow,0
---vertex-flow,0
---t-lns,1270
---t-done,1270
---timestep-task-finished,2
---total-task-finished,43
---timestep,130
---t-update,0
---t-init,212
---op-flow,0
---vetex-flow,0
---op-flow,0
---vertex-flow,0
---t-lns,2500
---t-done,2501
---timestep-task-finished,0
---total-task-finished,43
---timestep,131
---t-update,0
---t-init,4
---op-flow,0
---vetex-flow,0
---op-flow,0
---vertex-flow,0
---t-lns,2260
---t-done,2261
---timestep-task-finished,1
---total-task-finished,44
---timestep,132
---t-update,0
---t-init,76
---op-flow,0
---vetex-flow,0
---op-flow,0
---vertex-flow,0
---t-lns,2191
---t-done,2191
---timestep-task-finished,1
---total-task-finished,45
---timestep,133
---t-update,0
---t-init,170
---op-flow,0
---vetex-flow,0
---op-flow,0
---vertex-flow,0
---t-lns,4325
---t-done,4327
---timestep-task-finished,0
---total-task-finished,45
---timestep,134
---t-update,0
---t-init,1
---op-flow,0
---vetex-flow,0
---op-flow,0
---vertex-flow,0
---t-lns,5414
---t-done,5416
---timestep-task-finished,0
---total-task-finished,45
---timestep,135
---t-update,0
---t-init,1
---op-flow,0
---vetex-flow,0
---op-flow,0
---vertex-flow,0
---t-lns,3115
---t-done,3116
---timestep-task-finished,0
---total-task-finished,45
---timestep,136
---t-update,0
---t-init,1
---op-flow,0
---vetex-flow,0
---op-flow,0
---vertex-flow,0
---t-lns,4750
---t-done,4752
---timestep-task-finished,0
---total-task-finished,45
---timestep,137
---t-update,0
---t-init,2
---op-flow,0
---vetex-flow,0
---op-flow,0
---vertex-flow,0
---t-lns,4365
---t-done,4366
---timestep-task-finished,0
---total-task-finished,45
---timestep,138
---t-update,0
---t-init,1
---op-flow,0
---vetex-flow,0
---op-flow,0
---vertex-flow,0
---t-lns,3695
---t-done,3696
---timestep-task-finished,1
---total-task-finished,46
---timestep,139
---t-update,0
---t-init,78
---op-flow,0
---vetex-flow,0
---op-flow,0
---vertex-flow,0
---t-lns,3592
---t-done,3593
---timestep-task-finished,0
---total-task-finished,46
---timestep,140
---t-update,0
---t-init,1
---op-flow,0
---vetex-flow,0
---op-flow,0
---vertex-flow,0
---t-lns,3365
---t-done,3366
---timestep-task-finished,1
---total-task-finished,47
---timestep,141
---t-update,0
---t-init,280
---op-flow,0
---vetex-flow,0
---op-flow,0
---vertex-flow,0
---t-lns,5118
---t-done,5118
---timestep-task-finished,0
---total-task-finished,47
---timestep,142
---t-update,0
---t-init,1
---op-flow,0
---vetex-flow,0
---op-flow,0
---vertex-flow,0
---t-lns,3787
---t-done,3787
---timestep-task-finished,0
---total-task-finished,47
---timestep,143
---t-update,0
---t-init,1
---op-flow,0
---vetex-flow,0
---op-flow,0
---vertex-flow,0
---t-lns,2904
---t-done,2905
---timestep-task-finished,0
---total-task-finished,47
---timestep,144
---t-update,0
---t-init,1
---op-flow,0
---vetex-flow,0
---op-flow,0
---vertex-flow,0
---t-lns,3366
---t-done,3367
---timestep-task-finished,0
---total-task-finished,47
---timestep,145
---t-update,0
---t-init,1
---op-flow,0
---vetex-flow,0
---op-flow,0
---vertex-flow,0
---t-lns,2583
---t-done,2584
---timestep-task-finished,0
---total-task-finished,47
---timestep,146
---t-update,0
---t-init,1
---op-flow,0
---vetex-flow,0
---op-flow,0
---vertex-flow,0
---t-lns,2749
---t-done,2749
---timestep-task-finished,0
---total-task-finished,47
---timestep,147
---t-update,0
---t-init,0
---op-flow,0
---vetex-flow,0
---op-flow,0
---vertex-flow,0
---t-lns,2178
---t-done,2178
---timestep-task-finished,0
---total-task-finished,47
---timestep,148
---t-update,0
---t-init,1
---op-flow,0
---vetex-flow,0
---op-flow,0
---vertex-flow,0
---t-lns,2100
---t-done,2101
---timestep-task-finished,1
---total-task-finished,48
---timestep,149
---t-update,0
---t-init,110
---op-flow,0
---vetex-flow,0
---op-flow,0
---vertex-flow,0
---t-lns,2441
---t-done,2442
---timestep-task-finished,0
---total-task-finished,48
---timestep,150
---t-update,0
---t-init,1
---op-flow,0
---vetex-flow,0
---op-flow,0
---vertex-flow,0
---t-lns,2518
---t-done,2519
---timestep-task-finished,0
---total-task-finished,48
---timestep,151
---t-update,0
---t-init,4
---op-flow,0
---vetex-flow,0
---op-flow,0
---vertex-flow,0
---t-lns,2538
---t-done,2538
---timestep-task-finished,0
---total-task-finished,48
---timestep,152
---t-update,0
---t-init,1
---op-flow,0
---vetex-flow,0
---op-flow,0
---vertex-flow,0
---t-lns,2701
---t-done,2702
---timestep-task-finished,1
---total-task-finished,49
---timestep,153
---t-update,0
---t-init,75
---op-flow,0
---vetex-flow,0
---op-flow,0
---vertex-flow,0
---t-lns,3896
---t-done,3898
---timestep-task-finished,0
---total-task-finished,49
---timestep,154
---t-update,0
---t-init,1
---op-flow,0
---vetex-flow,0
---op-flow,0
---vertex-flow,0
---t-lns,3023
---t-done,3024
---timestep-task-finished,0
---total-task-finished,49
---timestep,155
---t-update,0
---t-init,1
---op-flow,0
---vetex-flow,0
---op-flow,0
---vertex-flow,0
---t-lns,2863
---t-done,2865
---timestep-task-finished,1
---total-task-finished,50
---timestep,156
---t-update,0
---t-init,94
---op-flow,0
---vetex-flow,0
---op-flow,0
---vertex-flow,0
---t-lns,2836
---t-done,2838
---timestep-task-finished,1
---total-task-finished,51
---timestep,157
---t-update,0
---t-init,228
---op-flow,0
---vetex-flow,0
---op-flow,0
---vertex-flow,0
---t-lns,3239
---t-done,3240
---timestep-task-finished,0
---total-task-finished,51
---timestep,158
---t-update,0
---t-init,1
---op-flow,0
---vetex-flow,0
---op-flow,0
---vertex-flow,0
---t-lns,3253
---t-done,3254
---timestep-task-finished,0
---total-task-finished,51
---timestep,159
---t-update,0
---t-init,1
---op-flow,0
---vetex-flow,0
---op-flow,0
---vertex-flow,0
---t-lns,2576
---t-done,2577
---timestep-task-finished,1
---total-task-finished,52
---timestep,160
---t-update,0
---t-init,21
---op-flow,0
---vetex-flow,0
---op-flow,0
---vertex-flow,0
---t-lns,2660
---t-done,2661
---timestep-task-finished,0
---total-task-finished,52
---timestep,161
---t-update,0
---t-init,4
---op-flow,0
---vetex-flow,0
---op-flow,0
---vertex-flow,0
---t-lns,1697
---t-done,1698
---timestep-task-finished,1
---total-task-finished,53
---timestep,162
---t-update,0
---t-init,94
---op-flow,0
---vetex-flow,0
---op-flow,0
---vertex-flow,0
---t-lns,1908
---t-done,1909
---timestep-task-finished,0
---total-task-finished,53
---timestep,163
---t-update,0
---t-init,1
---op-flow,0
---vetex-flow,0
---op-flow,0
---vertex-flow,0
---t-lns,1795
---t-done,1797
---timestep-task-finished,1
---total-task-finished,54
---timestep,164
---t-update,0
---t-init,76
---op-flow,0
---vetex-flow,0
---op-flow,0
---vertex-flow,0
---t-lns,2750
---t-done,2751
---timestep-task-finished,0
---total-task-finished,54
---timestep,165
---t-update,0
---t-init,6
---op-flow,0
---vetex-flow,0
---op-flow,0
---vertex-flow,0
---t-lns,3398
---t-done,3399
---timestep-task-finished,0
---total-task-finished,54
---timestep,166
---t-update,0
---t-init,1
---op-flow,0
---vetex-flow,0
---op-flow,0
---vertex-flow,0
---t-lns,2741
---t-done,2742
---timestep-task-finished,0
---total-task-finished,54
---timestep,167
---t-update,0
---t-init,1
---op-flow,0
---vetex-flow,0
---op-flow,0
---vertex-flow,0
---t-lns,2472
---t-done,2473
---timestep-task-finished,2
---total-task-finished,56
---timestep,168
---t-update,0
---t-init,141
---op-flow,0
---vetex-flow,0
---op-flow,0
---vertex-flow,0
---t-lns,3000
---t-done,3001
---timestep-task-finished,0
---total-task-finished,56
---timestep,169
---t-update,0
---t-init,1
---op-flow,0
---vetex-flow,0
---op-flow,0
---vertex-flow,0
---t-lns,2370
---t-done,2371
---timestep-task-finished,0
---total-task-finished,56
---timestep,170
---t-update,0
---t-init,1
---op-flow,0
---vetex-flow,0
---op-flow,0
---vertex-flow,0
---t-lns,2221
---t-done,2222
---timestep-task-finished,0
---total-task-finished,56
---timestep,171
---t-update,0
---t-init,1
---op-flow,0
---vetex-flow,0
---op-flow,0
---vertex-flow,0
---t-lns,1880
---t-done,1881
---timestep-task-finished,0
---total-task-finished,56
---timestep,172
---t-update,0
---t-init,4
---op-flow,0
---vetex-flow,0
---op-flow,0
---vertex-flow,0
---t-lns,1905
---t-done,1906
---timestep-task-finished,0
---total-task-finished,56
---timestep,173
---t-update,0
---t-init,1
---op-flow,0
---vetex-flow,0
---op-flow,0
---vertex-flow,0
---t-lns,1651
---t-done,1652
---timestep-task-finished,0
---total-task-finished,56
---timestep,174
---t-update,0
---t-init,1
---op-flow,0
---vetex-flow,0
---op-flow,0
---vertex-flow,0
---t-lns,1879
---t-done,1881
---timestep-task-finished,0
---total-task-finished,56
---timestep,175
---t-update,0
---t-init,3
---op-flow,0
---vetex-flow,0
---op-flow,0
---vertex-flow,0
---t-lns,1187
---t-done,1188
---timestep-task-finished,0
---total-task-finished,56
---timestep,176
---t-update,0
---t-init,1
---op-flow,0
---vetex-flow,0
---op-flow,0
---vertex-flow,0
---t-lns,1353
---t-done,1354
---timestep-task-finished,0
---total-task-finished,56
---timestep,177
---t-update,0
---t-init,1
---op-flow,0
---vetex-flow,0
---op-flow,0
---vertex-flow,0
---t-lns,1186
---t-done,1187
---timestep-task-finished,2
---total-task-finished,58
---timestep,178
---t-update,0
---t-init,316
---op-flow,0
---vetex-flow,0
---op-flow,0
---vertex-flow,0
---t-lns,3023
---t-done,3024
---timestep-task-finished,0
---total-task-finished,58
---timestep,179
---t-update,0
---t-init,2
---op-flow,0
---vetex-flow,0
---op-flow,0
---vertex-flow,0
---t-lns,3093
---t-done,3094
---timestep-task-finished,0
---total-task-finished,58
---timestep,180
---t-update,0
---t-init,4
---op-flow,0
---vetex-flow,0
---op-flow,0
---vertex-flow,0
---t-lns,2475
---t-done,2477
---timestep-task-finished,1
---total-task-finished,59
---timestep,181
---t-update,0
---t-init,88
---op-flow,0
---vetex-flow,0
---op-flow,0
---vertex-flow,0
---t-lns,2577
---t-done,2578
---timestep-task-finished,0
---total-task-finished,59
---timestep,182
---t-update,0
---t-init,1
---op-flow,0
---vetex-flow,0
---op-flow,0
---vertex-flow,0
---t-lns,2214
---t-done,2215
---timestep-task-finished,0
---total-task-finished,59
---timestep,183
---t-update,0
---t-init,1
---op-flow,0
---vetex-flow,0
---op-flow,0
---vertex-flow,0
---t-lns,2356
---t-done,2357
---timestep-task-finished,0
---total-task-finished,59
---timestep,184
---t-update,0
---t-init,1
---op-flow,0
---vetex-flow,0
---op-flow,0
---vertex-flow,0
---t-lns,2234
---t-done,2235
---timestep-task-finished,0
---total-task-finished,59
---timestep,185
---t-update,0
---t-init,4
---op-flow,0
---vetex-flow,0
---op-flow,0
---vertex-flow,0
---t-lns,2166
---t-done,2167
---timestep-task-finished,0
---total-task-finished,59
---timestep,186
---t-update,0
---t-init,1
---op-flow,0
---vetex-flow,0
---op-flow,0
---vertex-flow,0
---t-lns,1325
---t-done,1326
---timestep-task-finished,1
---total-task-finished,60
---timestep,187
---t-update,0
---t-init,297
---op-flow,0
---vetex-flow,0
---op-flow,0
---vertex-flow,0
---t-lns,3243
---t-done,3243
---timestep-task-finished,0
---total-task-finished,60
---timestep,188
---t-update,0
---t-init,1
---op-flow,0
---vetex-flow,0
---op-flow,0
---vertex-flow,0
---t-lns,3936
---t-done,3937
---timestep-task-finished,0
---total-task-finished,60
---timestep,189
---t-update,0
---t-init,2
---op-flow,0
---vetex-flow,0
---op-flow,0
---vertex-flow,0
---t-lns,2392
---t-done,2393
---timestep-task-finished,1
---total-task-finished,61
---timestep,190
---t-update,0
---t-init,47
---op-flow,0
---vetex-flow,0
---op-flow,0
---vertex-flow,0
---t-lns,2618
---t-done,2619
---timestep-task-finished,1
---total-task-finished,62
---timestep,191
---t-update,0
---t-init,24
---op-flow,0
---vetex-flow,0
---op-flow,0
---vertex-flow,0
---t-lns,2520
---t-done,2521
---timestep-task-finished,0
---total-task-finished,62
---timestep,192
---t-update,0
---t-init,1
---op-flow,0
---vetex-flow,0
---op-flow,0
---vertex-flow,0
---t-lns,2067
---t-done,2068
---timestep-task-finished,0
---total-task-finished,62
---timestep,193
---t-update,0
---t-init,1
---op-flow,0
---vetex-flow,0
---op-flow,0
---vertex-flow,0
---t-lns,2514
---t-done,2515
---timestep-task-finished,0
---total-task-finished,62
---timestep,194
---t-update,0
---t-init,4
---op-flow,0
---vetex-flow,0
---op-flow,0
---vertex-flow,0
---t-lns,2842
---t-done,2843
---timestep-task-finished,1
---total-task-finished,63
---timestep,195
---t-update,0
---t-init,349
---op-flow,0
---vetex-flow,0
---op-flow,0
---vertex-flow,0
---t-lns,3901
---t-done,3902
---timestep-task-finished,1
---total-task-finished,64
---timestep,196
---t-update,0
---t-init,77
---op-flow,0
---vetex-flow,0
---op-flow,0
---vertex-flow,0
---t-lns,5274
---t-done,5275
---timestep-task-finished,1
---total-task-finished,65
---timestep,197
---t-update,0
---t-init,87
---op-flow,0
---vetex-flow,0
---op-flow,0
---vertex-flow,0
---t-lns,4821
---t-done,4822
---timestep-task-finished,0
---total-task-finished,65
---timestep,198
---t-update,0
---t-init,1
---op-flow,0
---vetex-flow,0
---op-flow,0
---vertex-flow,0
---t-lns,2873
---t-done,2874
---timestep-task-finished,1
---total-task-finished,66
---timestep,199
---t-update,0
---t-init,18
---op-flow,0
---vetex-flow,0
---op-flow,0
---vertex-flow,0
---t-lns,3242
---t-done,3243
---timestep-task-finished,1
---total-task-finished,67
---timestep,200
---t-update,0
---t-init,62
---op-flow,0
---vetex-flow,0
---op-flow,0
---vertex-flow,0
---t-lns,3919
---t-done,3921
---timestep-task-finished,0
---total-task-finished,67
---timestep,201
---t-update,0
---t-init,2
---op-flow,0
---vetex-flow,0
---op-flow,0
---vertex-flow,0
---t-lns,4424
---t-done,4425
---timestep-task-finished,0
---total-task-finished,67
---timestep,202
---t-update,0
---t-init,4
---op-flow,0
---vetex-flow,0
---op-flow,0
---vertex-flow,0
---t-lns,5019
---t-done,5021
---timestep-task-finished,0
---total-task-finished,67
---timestep,203
---t-update,0
---t-init,2
---op-flow,0
---vetex-flow,0
---op-flow,0
---vertex-flow,0
---t-lns,5042
---t-done,5043
---timestep-task-finished,0
---total-task-finished,67
---timestep,204
---t-update,0
---t-init,2
---op-flow,0
---vetex-flow,0
---op-flow,0
---vertex-flow,0
---t-lns,4544
---t-done,4545
---timestep-task-finished,0
---total-task-finished,67
---timestep,205
---t-update,0
---t-init,4
---op-flow,0
---vetex-flow,0
---op-flow,0
---vertex-flow,0
---t-lns,3625
---t-done,3626
---timestep-task-finished,2
---total-task-finished,69
---timestep,206
---t-update,0
---t-init,116
---op-flow,0
---vetex-flow,0
---op-flow,0
---vertex-flow,0
---t-lns,4203
---t-done,4205
---timestep-task-finished,0
---total-task-finished,69
---timestep,207
---t-update,0
---t-init,1
---op-flow,0
---vetex-flow,0
---op-flow,0
---vertex-flow,0
---t-lns,3298
---t-done,3299
---timestep-task-finished,1
---total-task-finished,70
---timestep,208
---t-update,0
---t-init,262
---op-flow,0
---vetex-flow,0
---op-flow,0
---vertex-flow,0
---t-lns,4965
---t-done,4966
---timestep-task-finished,0
---total-task-finished,70
---timestep,209
---t-update,0
---t-init,1
---op-flow,0
---vetex-flow,0
---op-flow,0
---vertex-flow,0
---t-lns,3799
---t-done,3800
---timestep-task-finished,0
---total-task-finished,70
---timestep,210
---t-update,0
---t-init,2
---op-flow,0
---vetex-flow,0
---op-flow,0
---vertex-flow,0
---t-lns,4221
---t-done,4222
---timestep-task-finished,0
---total-task-finished,70
---timestep,211
---t-update,0
---t-init,2
---op-flow,0
---vetex-flow,0
---op-flow,0
---vertex-flow,0
---t-lns,4231
---t-done,4232
---timestep-task-finished,0
---total-task-finished,70
---timestep,212
---t-update,0
---t-init,2
---op-flow,0
---vetex-flow,0
---op-flow,0
---vertex-flow,0
---t-lns,5703
---t-done,5704
---timestep-task-finished,1
---total-task-finished,71
---timestep,213
---t-update,0
---t-init,55
---op-flow,0
---vetex-flow,0
---op-flow,0
---vertex-flow,0
---t-lns,4286
---t-done,4287
---timestep-task-finished,0
---total-task-finished,71
---timestep,214
---t-update,0
---t-init,1
---op-flow,0
---vetex-flow,0
---op-flow,0
---vertex-flow,0
---t-lns,3734
---t-done,3736
---timestep-task-finished,0
---total-task-finished,71
---timestep,215
---t-update,0
---t-init,1
---op-flow,0
---vetex-flow,0
---op-flow,0
---vertex-flow,0
---t-lns,3551
---t-done,3552
---timestep-task-finished,0
---total-task-finished,71
---timestep,216
---t-update,0
---t-init,4
---op-flow,0
---vetex-flow,0
---op-flow,0
---vertex-flow,0
---t-lns,4129
---t-done,4130
---timestep-task-finished,1
---total-task-finished,72
---timestep,217
---t-update,0
---t-init,42
---op-flow,0
---vetex-flow,0
---op-flow,0
---vertex-flow,0
---t-lns,4017
---t-done,4019
---timestep-task-finished,0
---total-task-finished,72
---timestep,218
---t-update,0
---t-init,2
---op-flow,0
---vetex-flow,0
---op-flow,0
---vertex-flow,0
---t-lns,4048
---t-done,4049
---timestep-task-finished,0
---total-task-finished,72
---timestep,219
---t-update,0
---t-init,1
---op-flow,0
---vetex-flow,0
---op-flow,0
---vertex-flow,0
---t-lns,2812
---t-done,2813
---timestep-task-finished,1
---total-task-finished,73
---timestep,220
---t-update,0
---t-init,319
---op-flow,0
---vetex-flow,0
---op-flow,0
---vertex-flow,0
---t-lns,4209
---t-done,4210
---timestep-task-finished,1
---total-task-finished,74
---timestep,221
---t-update,0
---t-init,138
---op-flow,0
---vetex-flow,0
---op-flow,0
---vertex-flow,0
---t-lns,4834
---t-done,4835
---timestep-task-finished,3
---total-task-finished,77
---timestep,222
---t-update,0
---t-init,343
---op-flow,0
---vetex-flow,0
---op-flow,0
---vertex-flow,0
---t-lns,7385
---t-done,7387
---timestep-task-finished,0
---total-task-finished,77
---timestep,223
---t-update,0
---t-init,2
---op-flow,0
---vetex-flow,0
---op-flow,0
---vertex-flow,0
---t-lns,9705
---t-done,9707
---timestep-task-finished,0
---total-task-finished,77
---timestep,224
---t-update,0
---t-init,3
---op-flow,0
---vetex-flow,0
---op-flow,0
---vertex-flow,0
---t-lns,8272
---t-done,8273
---timestep-task-finished,0
---total-task-finished,77
---timestep,225
---t-update,0
---t-init,1
---op-flow,0
---vetex-flow,0
---op-flow,0
---vertex-flow,0
---t-lns,5870
---t-done,5871
---timestep-task-finished,0
---total-task-finished,77
---timestep,226
---t-update,0
---t-init,1
---op-flow,0
---vetex-flow,0
---op-flow,0
---vertex-flow,0
---t-lns,5899
---t-done,5900
---timestep-task-finished,0
---total-task-finished,77
---timestep,227
---t-update,0
---t-init,1
---op-flow,0
---vetex-flow,0
---op-flow,0
---vertex-flow,0
---t-lns,7338
---t-done,7339
---timestep-task-finished,0
---total-task-finished,77
---timestep,228
---t-update,0
---t-init,1
---op-flow,0
---vetex-flow,0
---op-flow,0
---vertex-flow,0
---t-lns,3532
---t-done,3532
---timestep-task-finished,1
---total-task-finished,78
---timestep,229
---t-update,0
---t-init,163
---op-flow,0
---vetex-flow,0
---op-flow,0
---vertex-flow,0
---t-lns,5276
---t-done,5277
---timestep-task-finished,0
---total-task-finished,78
---timestep,230
---t-update,0
---t-init,4
---op-flow,0
---vetex-flow,0
---op-flow,0
---vertex-flow,0
---t-lns,6229
---t-done,6230
---timestep-task-finished,0
---total-task-finished,78
---timestep,231
---t-update,0
---t-init,2
---op-flow,0
---vetex-flow,0
---op-flow,0
---vertex-flow,0
---t-lns,7021
---t-done,7022
---timestep-task-finished,0
---total-task-finished,78
---timestep,232
---t-update,0
---t-init,1
---op-flow,0
---vetex-flow,0
---op-flow,0
---vertex-flow,0
---t-lns,5677
---t-done,5678
---timestep-task-finished,0
---total-task-finished,78
---timestep,233
---t-update,0
---t-init,2
---op-flow,0
---vetex-flow,0
---op-flow,0
---vertex-flow,0
---t-lns,8072
---t-done,8074
---timestep-task-finished,1
---total-task-finished,79
---timestep,234
---t-update,0
---t-init,449
---op-flow,0
---vetex-flow,0
---op-flow,0
---vertex-flow,0
---t-lns,8629
---t-done,8630
---timestep-task-finished,0
---total-task-finished,79
---timestep,235
---t-update,0
---t-init,1
---op-flow,0
---vetex-flow,0
---op-flow,0
---vertex-flow,0
---t-lns,6153
---t-done,6154
---timestep-task-finished,0
---total-task-finished,79
---timestep,236
---t-update,0
---t-init,1
---op-flow,0
---vetex-flow,0
---op-flow,0
---vertex-flow,0
---t-lns,6572
---t-done,6574
---timestep-task-finished,0
---total-task-finished,79
---timestep,237
---t-update,0
---t-init,4
---op-flow,0
---vetex-flow,0
---op-flow,0
---vertex-flow,0
---t-lns,8800
---t-done,8801
---timestep-task-finished,0
---total-task-finished,79
---timestep,238
---t-update,0
---t-init,2
---op-flow,0
---vetex-flow,0
---op-flow,0
---vertex-flow,0
---t-lns,5551
---t-done,5552
---timestep-task-finished,0
---total-task-finished,79
---timestep,239
---t-update,0
---t-init,1
---op-flow,0
---vetex-flow,0
---op-flow,0
---vertex-flow,0
---t-lns,4751
---t-done,4752
---timestep-task-finished,0
---total-task-finished,79
---timestep,240
---t-update,0
---t-init,1
---op-flow,0
---vetex-flow,0
---op-flow,0
---vertex-flow,0
---t-lns,4928
---t-done,4930
---timestep-task-finished,0
---total-task-finished,79
---timestep,241
---t-update,0
---t-init,2
---op-flow,0
---vetex-flow,0
---op-flow,0
---vertex-flow,0
---t-lns,5247
---t-done,5248
---timestep-task-finished,0
---total-task-finished,79
---timestep,242
---t-update,0
---t-init,2
---op-flow,0
---vetex-flow,0
---op-flow,0
---vertex-flow,0
---t-lns,5201
---t-done,5202
---timestep-task-finished,0
---total-task-finished,79
---timestep,243
---t-update,0
---t-init,3
---op-flow,0
---vetex-flow,0
---op-flow,0
---vertex-flow,0
---t-lns,2921
---t-done,2922
---timestep-task-finished,0
---total-task-finished,79
---timestep,244
---t-update,0
---t-init,4
---op-flow,0
---vetex-flow,0
---op-flow,0
---vertex-flow,0
---t-lns,3830
---t-done,3836
---timestep-task-finished,1
---total-task-finished,80
---timestep,245
---t-update,0
---t-init,62
---op-flow,0
---vetex-flow,0
---op-flow,0
---vertex-flow,0
---t-lns,3290
---t-done,3291
---timestep-task-finished,0
---total-task-finished,80
---timestep,246
---t-update,0
---t-init,1
---op-flow,0
---vetex-flow,0
---op-flow,0
---vertex-flow,0
---t-lns,1887
---t-done,1887
---timestep-task-finished,0
---total-task-finished,80
---timestep,247
---t-update,0
---t-init,4
---op-flow,0
---vetex-flow,0
---op-flow,0
---vertex-flow,0
---t-lns,2875
---t-done,2877
---timestep-task-finished,0
---total-task-finished,80
---timestep,248
---t-update,0
---t-init,1
---op-flow,0
---vetex-flow,0
---op-flow,0
---vertex-flow,0
---t-lns,2813
---t-done,2814
---timestep-task-finished,1
---total-task-finished,81
---timestep,249
---t-update,0
---t-init,212
---op-flow,0
---vetex-flow,0
---op-flow,0
---vertex-flow,0
---t-lns,4201
---t-done,4201
---timestep-task-finished,1
---total-task-finished,82
---timestep,250
---t-update,0
---t-init,52
---op-flow,0
---vetex-flow,0
---op-flow,0
---vertex-flow,0
---t-lns,2437
---t-done,2438
---timestep-task-finished,0
---total-task-finished,82
---timestep,251
---t-update,0
---t-init,2
---op-flow,0
---vetex-flow,0
---op-flow,0
---vertex-flow,0
---t-lns,3465
---t-done,3466
---timestep-task-finished,0
---total-task-finished,82
---timestep,252
---t-update,0
---t-init,1
---op-flow,0
---vetex-flow,0
---op-flow,0
---vertex-flow,0
---t-lns,2397
---t-done,2398
---timestep-task-finished,0
---total-task-finished,82
---timestep,253
---t-update,0
---t-init,1
---op-flow,0
---vetex-flow,0
---op-flow,0
---vertex-flow,0
---t-lns,1863
---t-done,1864
---timestep-task-finished,0
---total-task-finished,82
---timestep,254
---t-update,0
---t-init,1
---op-flow,0
---vetex-flow,0
---op-flow,0
---vertex-flow,0
---t-lns,1903
---t-done,1904
---timestep-task-finished,0
---total-task-finished,82
---timestep,255
---t-update,0
---t-init,1
---op-flow,0
---vetex-flow,0
---op-flow,0
---vertex-flow,0
---t-lns,2426
---t-done,2427
---timestep-task-finished,0
---total-task-finished,82
---timestep,256
---t-update,0
---t-init,1
---op-flow,0
---vetex-flow,0
---op-flow,0
---vertex-flow,0
---t-lns,2743
---t-done,2743
---timestep-task-finished,1
---total-task-finished,83
---timestep,257
---t-update,0
---t-init,40
---op-flow,0
---vetex-flow,0
---op-flow,0
---vertex-flow,0
---t-lns,2220
---t-done,2221
---timestep-task-finished,0
---total-task-finished,83
---timestep,258
---t-update,0
---t-init,1
---op-flow,0
---vetex-flow,0
---op-flow,0
---vertex-flow,0
---t-lns,1940
---t-done,1941
---timestep-task-finished,1
---total-task-finished,84
---timestep,259
---t-update,0
---t-init,282
---op-flow,0
---vetex-flow,0
---op-flow,0
---vertex-flow,0
---t-lns,2308
---t-done,2309
---timestep-task-finished,2
---total-task-finished,86
---timestep,260
---t-update,0
---t-init,220
---op-flow,0
---vetex-flow,0
---op-flow,0
---vertex-flow,0
---t-lns,4153
---t-done,4153
---timestep-task-finished,0
---total-task-finished,86
---timestep,261
---t-update,0
---t-init,1
---op-flow,0
---vetex-flow,0
---op-flow,0
---vertex-flow,0
---t-lns,3029
---t-done,3030
---timestep-task-finished,0
---total-task-finished,86
---timestep,262
---t-update,0
---t-init,1
---op-flow,0
---vetex-flow,0
---op-flow,0
---vertex-flow,0
---t-lns,2223
---t-done,2223
---timestep-task-finished,0
---total-task-finished,86
---timestep,263
---t-update,0
---t-init,1
---op-flow,0
---vetex-flow,0
---op-flow,0
---vertex-flow,0
---t-lns,2332
---t-done,2333
---timestep-task-finished,0
---total-task-finished,86
---timestep,264
---t-update,0
---t-init,1
---op-flow,0
---vetex-flow,0
---op-flow,0
---vertex-flow,0
---t-lns,1730
---t-done,1731
---timestep-task-finished,1
---total-task-finished,87
---timestep,265
---t-update,0
---t-init,102
---op-flow,0
---vetex-flow,0
---op-flow,0
---vertex-flow,0
---t-lns,1763
---t-done,1763
---timestep-task-finished,0
---total-task-finished,87
---timestep,266
---t-update,0
---t-init,1
---op-flow,0
---vetex-flow,0
---op-flow,0
---vertex-flow,0
---t-lns,2579
---t-done,2580
---timestep-task-finished,1
---total-task-finished,88
---timestep,267
---t-update,0
---t-init,80
---op-flow,0
---vetex-flow,0
---op-flow,0
---vertex-flow,0
---t-lns,1980
---t-done,1981
---timestep-task-finished,1
---total-task-finished,89
---timestep,268
---t-update,0
---t-init,202
---op-flow,0
---vetex-flow,0
---op-flow,0
---vertex-flow,0
---t-lns,3082
---t-done,3082
---timestep-task-finished,0
---total-task-finished,89
---timestep,269
---t-update,0
---t-init,1
---op-flow,0
---vetex-flow,0
---op-flow,0
---vertex-flow,0
---t-lns,3405
---t-done,3406
---timestep-task-finished,0
---total-task-finished,89
---timestep,270
---t-update,0
---t-init,1
---op-flow,0
---vetex-flow,0
---op-flow,0
---vertex-flow,0
---t-lns,4858
---t-done,4858
---timestep-task-finished,0
---total-task-finished,89
---timestep,271
---t-update,0
---t-init,1
---op-flow,0
---vetex-flow,0
---op-flow,0
---vertex-flow,0
---t-lns,3454
---t-done,3455
---timestep-task-finished,1
---total-task-finished,90
---timestep,272
---t-update,0
---t-init,135
---op-flow,0
---vetex-flow,0
---op-flow,0
---vertex-flow,0
---t-lns,3357
---t-done,3358
---timestep-task-finished,0
---total-task-finished,90
---timestep,273
---t-update,0
---t-init,1
---op-flow,0
---vetex-flow,0
---op-flow,0
---vertex-flow,0
---t-lns,3822
---t-done,3823
---timestep-task-finished,1
---total-task-finished,91
---timestep,274
---t-update,0
---t-init,102
---op-flow,0
---vetex-flow,0
---op-flow,0
---vertex-flow,0
---t-lns,3229
---t-done,3229
---timestep-task-finished,0
---total-task-finished,91
---timestep,275
---t-update,0
---t-init,1
---op-flow,0
---vetex-flow,0
---op-flow,0
---vertex-flow,0
---t-lns,3371
---t-done,3372
---timestep-task-finished,0
---total-task-finished,91
---timestep,276
---t-update,0
---t-init,1
---op-flow,0
---vetex-flow,0
---op-flow,0
---vertex-flow,0
---t-lns,3253
---t-done,3254
---timestep-task-finished,0
---total-task-finished,91
---timestep,277
---t-update,0
---t-init,1
---op-flow,0
---vetex-flow,0
---op-flow,0
---vertex-flow,0
---t-lns,3115
---t-done,3116
---timestep-task-finished,0
---total-task-finished,91
---timestep,278
---t-update,0
---t-init,1
---op-flow,0
---vetex-flow,0
---op-flow,0
---vertex-flow,0
---t-lns,3622
---t-done,3623
---timestep-task-finished,0
---total-task-finished,91
---timestep,279
---t-update,0
---t-init,1
---op-flow,0
---vetex-flow,0
---op-flow,0
---vertex-flow,0
---t-lns,2648
---t-done,2649
---timestep-task-finished,0
---total-task-finished,91
---timestep,280
---t-update,0
---t-init,1
---op-flow,0
---vetex-flow,0
---op-flow,0
---vertex-flow,0
---t-lns,3446
---t-done,3447
---timestep-task-finished,0
---total-task-finished,91
---timestep,281
---t-update,0
---t-init,1
---op-flow,0
---vetex-flow,0
---op-flow,0
---vertex-flow,0
---t-lns,3443
---t-done,3444
---timestep-task-finished,0
---total-task-finished,91
---timestep,282
---t-update,0
---t-init,1
---op-flow,0
---vetex-flow,0
---op-flow,0
---vertex-flow,0
---t-lns,3605
---t-done,3607
---timestep-task-finished,0
---total-task-finished,91
---timestep,283
---t-update,0
---t-init,1
---op-flow,0
---vetex-flow,0
---op-flow,0
---vertex-flow,0
---t-lns,2974
---t-done,2975
---timestep-task-finished,0
---total-task-finished,91
---timestep,284
---t-update,0
---t-init,3
---op-flow,0
---vetex-flow,0
---op-flow,0
---vertex-flow,0
---t-lns,2682
---t-done,2683
---timestep-task-finished,0
---total-task-finished,91
---timestep,285
---t-update,0
---t-init,1
---op-flow,0
---vetex-flow,0
---op-flow,0
---vertex-flow,0
---t-lns,2549
---t-done,2550
---timestep-task-finished,1
---total-task-finished,92
---timestep,286
---t-update,0
---t-init,184
---op-flow,0
---vetex-flow,0
---op-flow,0
---vertex-flow,0
---t-lns,4005
---t-done,4007
---timestep-task-finished,0
---total-task-finished,92
---timestep,287
---t-update,0
---t-init,1
---op-flow,0
---vetex-flow,0
---op-flow,0
---vertex-flow,0
---t-lns,4430
---t-done,4431
---timestep-task-finished,1
---total-task-finished,93
---timestep,288
---t-update,0
---t-init,75
---op-flow,0
---vetex-flow,1
---op-flow,0
---vertex-flow,0
---t-lns,5089
---t-done,5091
---timestep-task-finished,0
---total-task-finished,93
---timestep,289
---t-update,0
---t-init,4
---op-flow,0
---vetex-flow,0
---op-flow,0
---vertex-flow,0
---t-lns,4311
---t-done,4312
---timestep-task-finished,0
---total-task-finished,93
---timestep,290
---t-update,0
---t-init,1
---op-flow,0
---vetex-flow,0
---op-flow,0
---vertex-flow,0
---t-lns,3193
---t-done,3194
---timestep-task-finished,1
---total-task-finished,94
---timestep,291
---t-update,0
---t-init,209
---op-flow,0
---vetex-flow,0
---op-flow,0
---vertex-flow,0
---t-lns,4156
---t-done,4157
---timestep-task-finished,1
---total-task-finished,95
---timestep,292
---t-update,0
---t-init,105
---op-flow,0
---vetex-flow,0
---op-flow,0
---vertex-flow,0
---t-lns,3818
---t-done,3819
---timestep-task-finished,0
---total-task-finished,95
---timestep,293
---t-update,0
---t-init,1
---op-flow,0
---vetex-flow,0
---op-flow,0
---vertex-flow,0
---t-lns,3831
---t-done,3832
---timestep-task-finished,0
---total-task-finished,95
---timestep,294
---t-update,0
---t-init,2
---op-flow,0
---vetex-flow,0
---op-flow,0
---vertex-flow,0
---t-lns,4549
---t-done,4550
---timestep-task-finished,1
---total-task-finished,96
---timestep,295
---t-update,0
---t-init,434
---op-flow,0
---vetex-flow,0
---op-flow,0
---vertex-flow,0
---t-lns,9849
---t-done,9850
---timestep-task-finished,0
---total-task-finished,96
---timestep,296
---t-update,0
---t-init,2
---op-flow,0
---vetex-flow,0
---op-flow,0
---vertex-flow,0
---t-lns,6230
---t-done,6231
---timestep-task-finished,1
---total-task-finished,97
---timestep,297
---t-update,0
---t-init,97
---op-flow,0
---vetex-flow,0
---op-flow,0
---vertex-flow,0
---t-lns,5959
---t-done,5960
---timestep-task-finished,0
---total-task-finished,97
---timestep,298
---t-update,0
---t-init,4
---op-flow,0
---vetex-flow,0
---op-flow,0
---vertex-flow,0
---t-lns,6738
---t-done,6739
---timestep-task-finished,0
---total-task-finished,97
---timestep,299
---t-update,0
---t-init,11
---op-flow,0
---vetex-flow,0
---op-flow,0
---vertex-flow,1
---t-lns,7768
---t-done,7768
---timestep-task-finished,0
---total-task-finished,97
---timestep,300
---t-update,0
---t-init,0
---op-flow,0
---vetex-flow,1
---op-flow,0
---vertex-flow,0
---t-lns,3529
---t-done,3530
---timestep-task-finished,1
---total-task-finished,98
---timestep,301
---t-update,0
---t-init,63
---op-flow,0
---vetex-flow,0
---op-flow,0
---vertex-flow,0
---t-lns,4544
---t-done,4546
---timestep-task-finished,1
---total-task-finished,99
---timestep,302
---t-update,0
---t-init,56
---op-flow,0
---vetex-flow,0
---op-flow,0
---vertex-flow,0
---t-lns,6054
---t-done,6056
---timestep-task-finished,0
---total-task-finished,99
---timestep,303
---t-update,0
---t-init,1
---op-flow,0
---vetex-flow,0
---op-flow,0
---vertex-flow,0
---t-lns,6191
---t-done,6193
---timestep-task-finished,0
---total-task-finished,99
---timestep,304
---t-update,0
---t-init,2
---op-flow,0
---vetex-flow,0
---op-flow,0
---vertex-flow,0
---t-lns,3310
---t-done,3311
---timestep-task-finished,0
---total-task-finished,99
---timestep,305
---t-update,0
---t-init,1
---op-flow,0
---vetex-flow,0
---op-flow,0
---vertex-flow,0
---t-lns,3290
---t-done,3292
---timestep-task-finished,0
---total-task-finished,99
---timestep,306
---t-update,0
---t-init,0
---op-flow,0
---vetex-flow,0
---op-flow,0
---vertex-flow,0
---t-lns,3103
---t-done,3104
---timestep-task-finished,0
---total-task-finished,99
---timestep,307
---t-update,0
---t-init,1
---op-flow,0
---vetex-flow,0
---op-flow,0
---vertex-flow,0
---t-lns,4348
---t-done,4349
---timestep-task-finished,0
---total-task-finished,99
---timestep,308
---t-update,0
---t-init,2
---op-flow,0
---vetex-flow,0
---op-flow,0
---vertex-flow,0
---t-lns,6628
---t-done,6630
---timestep-task-finished,0
---total-task-finished,99
---timestep,309
---t-update,0
---t-init,3
---op-flow,0
---vetex-flow,0
---op-flow,0
---vertex-flow,0
---t-lns,4802
---t-done,4804
---timestep-task-finished,0
---total-task-finished,99
---timestep,310
---t-update,0
---t-init,1
---op-flow,0
---vetex-flow,0
---op-flow,0
---vertex-flow,0
---t-lns,2925
---t-done,2926
---timestep-task-finished,0
---total-task-finished,99
---timestep,311
---t-update,0
---t-init,1
---op-flow,0
---vetex-flow,0
---op-flow,0
---vertex-flow,0
---t-lns,1794
---t-done,1794
---timestep-task-finished,1
---total-task-finished,100
---timestep,312
---t-update,0
---t-init,164
---op-flow,0
---vetex-flow,0
---op-flow,0
---vertex-flow,0
---t-lns,3432
---t-done,3433
---timestep-task-finished,0
---total-task-finished,100
---timestep,313
---t-update,0
---t-init,1
---op-flow,0
---vetex-flow,0
---op-flow,0
---vertex-flow,0
---t-lns,3797
---t-done,3798
---timestep-task-finished,0
---total-task-finished,100
---timestep,314
---t-update,0
---t-init,1
---op-flow,0
---vetex-flow,0
---op-flow,0
---vertex-flow,0
---t-lns,5357
---t-done,5359
---timestep-task-finished,0
---total-task-finished,100
---timestep,315
---t-update,0
---t-init,2
---op-flow,0
---vetex-flow,0
---op-flow,0
---vertex-flow,0
---t-lns,4549
---t-done,4550
---timestep-task-finished,0
---total-task-finished,100
---timestep,316
---t-update,0
---t-init,1
---op-flow,0
---vetex-flow,0
---op-flow,0
---vertex-flow,0
---t-lns,3978
---t-done,3979
---timestep-task-finished,0
---total-task-finished,100
---timestep,317
---t-update,0
---t-init,4
---op-flow,0
---vetex-flow,0
---op-flow,0
---vertex-flow,0
---t-lns,2186
---t-done,2187
---timestep-task-finished,1
---total-task-finished,101
---timestep,318
---t-update,0
---t-init,73
---op-flow,0
---vetex-flow,0
---op-flow,0
---vertex-flow,0
---t-lns,2957
---t-done,2958
---timestep-task-finished,0
---total-task-finished,101
---timestep,319
---t-update,0
---t-init,1
---op-flow,0
---vetex-flow,0
---op-flow,0
---vertex-flow,0
---t-lns,4133
---t-done,4134
---timestep-task-finished,0
---total-task-finished,101
---timestep,320
---t-update,0
---t-init,2
---op-flow,0
---vetex-flow,0
---op-flow,0
---vertex-flow,0
---t-lns,3919
---t-done,3921
---timestep-task-finished,0
---total-task-finished,101
---timestep,321
---t-update,0
---t-init,2
---op-flow,0
---vetex-flow,0
---op-flow,0
---vertex-flow,0
---t-lns,5177
---t-done,5179
---timestep-task-finished,0
---total-task-finished,101
---timestep,322
---t-update,0
---t-init,3
---op-flow,0
---vetex-flow,0
---op-flow,0
---vertex-flow,0
---t-lns,3454
---t-done,3456
---timestep-task-finished,0
---total-task-finished,101
---timestep,323
---t-update,0
---t-init,2
---op-flow,0
---vetex-flow,0
---op-flow,0
---vertex-flow,0
---t-lns,3139
---t-done,3140
---timestep-task-finished,1
---total-task-finished,102
---timestep,324
---t-update,0
---t-init,258
---op-flow,0
---vetex-flow,0
---op-flow,0
---vertex-flow,0
---t-lns,4456
---t-done,4457
---timestep-task-finished,0
---total-task-finished,102
---timestep,325
---t-update,0
---t-init,4
---op-flow,0
---vetex-flow,0
---op-flow,0
---vertex-flow,0
---t-lns,3303
---t-done,3305
---timestep-task-finished,1
---total-task-finished,103
---timestep,326
---t-update,0
---t-init,233
---op-flow,0
---vetex-flow,1
---op-flow,0
---vertex-flow,0
---t-lns,5386
---t-done,5387
---timestep-task-finished,1
---total-task-finished,104
---timestep,327
---t-update,0
---t-init,35
---op-flow,0
---vetex-flow,0
---op-flow,0
---vertex-flow,0
---t-lns,3401
---t-done,3402
---timestep-task-finished,0
---total-task-finished,104
---timestep,328
---t-update,0
---t-init,0
---op-flow,0
---vetex-flow,0
---op-flow,0
---vertex-flow,0
---t-lns,2389
---t-done,2390
---timestep-task-finished,0
---total-task-finished,104
---timestep,329
---t-update,0
---t-init,0
---op-flow,0
---vetex-flow,0
---op-flow,0
---vertex-flow,0
---t-lns,2389
---t-done,2390
---timestep-task-finished,0
---total-task-finished,104
---timestep,330
---t-update,0
---t-init,1
---op-flow,0
---vetex-flow,0
---op-flow,0
---vertex-flow,0
---t-lns,2190
---t-done,2191
---timestep-task-finished,2
---total-task-finished,106
---timestep,331
---t-update,0
---t-init,63
---op-flow,0
---vetex-flow,0
---op-flow,0
---vertex-flow,0
---t-lns,2563
---t-done,2564
---timestep-task-finished,1
---total-task-finished,107
---timestep,332
---t-update,0
---t-init,62
---op-flow,0
---vetex-flow,0
---op-flow,0
---vertex-flow,0
---t-lns,2460
---t-done,2461
---timestep-task-finished,0
---total-task-finished,107
---timestep,333
---t-update,0
---t-init,0
---op-flow,0
---vetex-flow,0
---op-flow,0
---vertex-flow,0
---t-lns,2260
---t-done,2261
---timestep-task-finished,0
---total-task-finished,107
---timestep,334
---t-update,0
---t-init,0
---op-flow,0
---vetex-flow,0
---op-flow,0
---vertex-flow,0
---t-lns,2045
---t-done,2045
---timestep-task-finished,0
---total-task-finished,107
---timestep,335
---t-update,0
---t-init,1
---op-flow,0
---vetex-flow,0
---op-flow,0
---vertex-flow,0
---t-lns,2284
---t-done,2285
---timestep-task-finished,1
---total-task-finished,108
---timestep,336
---t-update,0
---t-init,48
---op-flow,0
---vetex-flow,0
---op-flow,0
---vertex-flow,0
---t-lns,2148
---t-done,2149
---timestep-task-finished,1
---total-task-finished,109
---timestep,337
---t-update,0
---t-init,64
---op-flow,0
---vetex-flow,0
---op-flow,0
---vertex-flow,0
---t-lns,2007
---t-done,2008
---timestep-task-finished,0
---total-task-finished,109
---timestep,338
---t-update,0
---t-init,0
---op-flow,0
---vetex-flow,0
---op-flow,0
---vertex-flow,0
---t-lns,1752
---t-done,1753
---timestep-task-finished,0
---total-task-finished,109
---timestep,339
---t-update,0
---t-init,0
---op-flow,0
---vetex-flow,0
---op-flow,0
---vertex-flow,0
---t-lns,1712
---t-done,1713
---timestep-task-finished,1
---total-task-finished,110
---timestep,340
---t-update,0
---t-init,37
---op-flow,0
---vetex-flow,0
---op-flow,0
---vertex-flow,0
---t-lns,1797
---t-done,1797
---timestep-task-finished,0
---total-task-finished,110
---timestep,341
---t-update,0
---t-init,1
---op-flow,0
---vetex-flow,0
---op-flow,0
---vertex-flow,0
---t-lns,1786
---t-done,1787
---timestep-task-finished,0
---total-task-finished,110
---timestep,342
---t-update,0
---t-init,0
---op-flow,0
---vetex-flow,0
---op-flow,0
---vertex-flow,0
---t-lns,1508
---t-done,1509
---timestep-task-finished,0
---total-task-finished,110
---timestep,343
---t-update,0
---t-init,1
---op-flow,0
---vetex-flow,0
---op-flow,0
---vertex-flow,0
---t-lns,1414
---t-done,1415
---timestep-task-finished,1
---total-task-finished,111
---timestep,344
---t-update,0
---t-init,74
---op-flow,0
---vetex-flow,0
---op-flow,0
---vertex-flow,0
---t-lns,1484
---t-done,1484
---timestep-task-finished,0
---total-task-finished,111
---timestep,345
---t-update,0
---t-init,0
---op-flow,0
---vetex-flow,0
---op-flow,0
---vertex-flow,0
---t-lns,1280
---t-done,1281
---timestep-task-finished,0
---total-task-finished,111
---timestep,346
---t-update,0
---t-init,0
---op-flow,0
---vetex-flow,0
---op-flow,0
---vertex-flow,0
---t-lns,1146
---t-done,1148
---timestep-task-finished,0
---total-task-finished,111
---timestep,347
---t-update,0
---t-init,1
---op-flow,0
---vetex-flow,0
---op-flow,0
---vertex-flow,0
---t-lns,1091
---t-done,1091
---timestep-task-finished,0
---total-task-finished,111
---timestep,348
---t-update,0
---t-init,0
---op-flow,0
---vetex-flow,0
---op-flow,0
---vertex-flow,0
---t-lns,920
---t-done,920
---timestep-task-finished,1
---total-task-finished,112
---timestep,349
---t-update,0
---t-init,120
---op-flow,0
---vetex-flow,0
---op-flow,0
---vertex-flow,0
---t-lns,1673
---t-done,1674
---timestep-task-finished,0
---total-task-finished,112
---timestep,350
---t-update,0
---t-init,1
---op-flow,0
---vetex-flow,0
---op-flow,0
---vertex-flow,0
---t-lns,1645
---t-done,1646
---timestep-task-finished,0
---total-task-finished,112
---timestep,351
---t-update,0
---t-init,1
---op-flow,0
---vetex-flow,0
---op-flow,0
---vertex-flow,0
---t-lns,1585
---t-done,1586
---timestep-task-finished,0
---total-task-finished,112
---timestep,352
---t-update,0
---t-init,1
---op-flow,0
---vetex-flow,0
---op-flow,0
---vertex-flow,0
---t-lns,1631
---t-done,1632
---timestep-task-finished,1
---total-task-finished,113
---timestep,353
---t-update,0
---t-init,26
---op-flow,0
---vetex-flow,0
---op-flow,0
---vertex-flow,0
---t-lns,2171
---t-done,2172
---timestep-task-finished,1
---total-task-finished,114
---timestep,354
---t-update,0
---t-init,208
---op-flow,0
---vetex-flow,0
---op-flow,0
---vertex-flow,0
---t-lns,3552
---t-done,3554
---timestep-task-finished,2
---total-task-finished,116
---timestep,355
---t-update,0
---t-init,328
---op-flow,0
---vetex-flow,0
---op-flow,0
---vertex-flow,0
---t-lns,4327
---t-done,4328
---timestep-task-finished,1
---total-task-finished,117
---timestep,356
---t-update,0
---t-init,92
---op-flow,0
---vetex-flow,0
---op-flow,0
---vertex-flow,0
---t-lns,5759
---t-done,5761
---timestep-task-finished,0
---total-task-finished,117
---timestep,357
---t-update,0
---t-init,2
---op-flow,0
---vetex-flow,0
---op-flow,0
---vertex-flow,0
---t-lns,5044
---t-done,5045
---timestep-task-finished,1
---total-task-finished,118
---timestep,358
---t-update,0
---t-init,137
---op-flow,0
---vetex-flow,0
---op-flow,0
---vertex-flow,0
---t-lns,4703
---t-done,4704
---timestep-task-finished,0
---total-task-finished,118
---timestep,359
---t-update,0
---t-init,1
---op-flow,0
---vetex-flow,0
---op-flow,0
---vertex-flow,0
---t-lns,4207
---t-done,4208
---timestep-task-finished,0
---total-task-finished,118
---timestep,360
---t-update,0
---t-init,1
---op-flow,0
---vetex-flow,0
---op-flow,0
---vertex-flow,0
---t-lns,2598
---t-done,2599
---timestep-task-finished,1
---total-task-finished,119
---timestep,361
---t-update,0
---t-init,185
---op-flow,0
---vetex-flow,0
---op-flow,0
---vertex-flow,0
---t-lns,4595
---t-done,4596
---timestep-task-finished,1
---total-task-finished,120
---timestep,362
---t-update,0
---t-init,363
---op-flow,0
---vetex-flow,0
---op-flow,0
---vertex-flow,0
---t-lns,8339
---t-done,8341
---timestep-task-finished,0
---total-task-finished,120
---timestep,363
---t-update,0
---t-init,2
---op-flow,0
---vetex-flow,0
---op-flow,0
---vertex-flow,0
---t-lns,10520
---t-done,10522
---timestep-task-finished,0
---total-task-finished,120
---timestep,364
---t-update,0
---t-init,1
---op-flow,0
---vetex-flow,0
---op-flow,0
---vertex-flow,0
---t-lns,6765
---t-done,6767
---timestep-task-finished,0
---total-task-finished,120
---timestep,365
---t-update,0
---t-init,1
---op-flow,0
---vetex-flow,0
---op-flow,0
---vertex-flow,0
---t-lns,3791
---t-done,3792
---timestep-task-finished,1
---total-task-finished,121
---timestep,366
---t-update,0
---t-init,197
---op-flow,0
---vetex-flow,0
---op-flow,0
---vertex-flow,0
---t-lns,4625
---t-done,4626
---timestep-task-finished,0
---total-task-finished,121
---timestep,367
---t-update,0
---t-init,1
---op-flow,0
---vetex-flow,0
---op-flow,0
---vertex-flow,0
---t-lns,4393
---t-done,4394
---timestep-task-finished,0
---total-task-finished,121
---timestep,368
---t-update,0
---t-init,1
---op-flow,0
---vetex-flow,0
---op-flow,0
---vertex-flow,0
---t-lns,3625
---t-done,3626
---timestep-task-finished,0
---total-task-finished,121
---timestep,369
---t-update,0
---t-init,4
---op-flow,0
---vetex-flow,0
---op-flow,0
---vertex-flow,0
---t-lns,3920
---t-done,3921
---timestep-task-finished,0
---total-task-finished,121
---timestep,370
---t-update,0
---t-init,1
---op-flow,0
---vetex-flow,0
---op-flow,0
---vertex-flow,0
---t-lns,3841
---t-done,3841
---timestep-task-finished,1
---total-task-finished,122
---timestep,371
---t-update,0
---t-init,80
---op-flow,0
---vetex-flow,1
---op-flow,0
---vertex-flow,0
---t-lns,4889
---t-done,4890
---timestep-task-finished,0
---total-task-finished,122
---timestep,372
---t-update,0
---t-init,1
---op-flow,0
---vetex-flow,0
---op-flow,0
---vertex-flow,0
---t-lns,7617
---t-done,7619
---timestep-task-finished,0
---total-task-finished,122
---timestep,373
---t-update,0
---t-init,2
---op-flow,0
---vetex-flow,0
---op-flow,0
---vertex-flow,0
---t-lns,6660
---t-done,6662
---timestep-task-finished,0
---total-task-finished,122
---timestep,374
---t-update,0
---t-init,2
---op-flow,0
---vetex-flow,0
---op-flow,0
---vertex-flow,0
---t-lns,5779
---t-done,5780
---timestep-task-finished,0
---total-task-finished,122
---timestep,375
---t-update,0
---t-init,1
---op-flow,0
---vetex-flow,0
---op-flow,0
---vertex-flow,0
---t-lns,3812
---t-done,3813
---timestep-task-finished,0
---total-task-finished,122
---timestep,376
---t-update,0
---t-init,0
---op-flow,0
---vetex-flow,0
---op-flow,0
---vertex-flow,0
---t-lns,3119
---t-done,3119
---timestep-task-finished,0
---total-task-finished,122
---timestep,377
---t-update,0
---t-init,1
---op-flow,0
---vetex-flow,0
---op-flow,0
---vertex-flow,0
---t-lns,3210
---t-done,3211
---timestep-task-finished,0
---total-task-finished,122
---timestep,378
---t-update,0
---t-init,1
---op-flow,0
---vetex-flow,0
---op-flow,0
---vertex-flow,0
---t-lns,2978
---t-done,2979
---timestep-task-finished,0
---total-task-finished,122
---timestep,379
---t-update,0
---t-init,1
---op-flow,0
---vetex-flow,0
---op-flow,0
---vertex-flow,0
---t-lns,2447
---t-done,2447
---timestep-task-finished,0
---total-task-finished,122
---timestep,380
---t-update,0
---t-init,1
---op-flow,0
---vetex-flow,0
---op-flow,0
---vertex-flow,0
---t-lns,2233
---t-done,2233
---timestep-task-finished,0
---total-task-finished,122
---timestep,381
---t-update,0
---t-init,3
---op-flow,0
---vetex-flow,0
---op-flow,0
---vertex-flow,0
---t-lns,1920
---t-done,1921
---timestep-task-finished,0
---total-task-finished,122
---timestep,382
---t-update,0
---t-init,0
---op-flow,0
---vetex-flow,0
---op-flow,0
---vertex-flow,0
---t-lns,2225
---t-done,2226
---timestep-task-finished,0
---total-task-finished,122
---timestep,383
---t-update,0
---t-init,1
---op-flow,0
---vetex-flow,0
---op-flow,0
---vertex-flow,0
---t-lns,2139
---t-done,2140
---timestep-task-finished,1
---total-task-finished,123
---timestep,384
---t-update,0
---t-init,39
---op-flow,0
---vetex-flow,0
---op-flow,0
---vertex-flow,0
---t-lns,2123
---t-done,2124
---timestep-task-finished,0
---total-task-finished,123
---timestep,385
---t-update,0
---t-init,1
---op-flow,0
---vetex-flow,0
---op-flow,0
---vertex-flow,0
---t-lns,2090
---t-done,2091
---timestep-task-finished,0
---total-task-finished,123
---timestep,386
---t-update,0
---t-init,1
---op-flow,0
---vetex-flow,0
---op-flow,0
---vertex-flow,0
---t-lns,2577
---t-done,2578
---timestep-task-finished,0
---total-task-finished,123
---timestep,387
---t-update,0
---t-init,1
---op-flow,0
---vetex-flow,0
---op-flow,0
---vertex-flow,0
---t-lns,2301
---t-done,2301
---timestep-task-finished,0
---total-task-finished,123
---timestep,388
---t-update,0
---t-init,9
---op-flow,0
---vetex-flow,0
---op-flow,0
---vertex-flow,0
---t-lns,1801
---t-done,1802
---timestep-task-finished,0
---total-task-finished,123
---timestep,389
---t-update,0
---t-init,1
---op-flow,0
---vetex-flow,0
---op-flow,0
---vertex-flow,0
---t-lns,1345
---t-done,1346
---timestep-task-finished,0
---total-task-finished,123
---timestep,390
---t-update,0
---t-init,1
---op-flow,0
---vetex-flow,0
---op-flow,0
---vertex-flow,0
---t-lns,1553
---t-done,1554
---timestep-task-finished,1
---total-task-finished,124
---timestep,391
---t-update,0
---t-init,114
---op-flow,0
---vetex-flow,0
---op-flow,0
---vertex-flow,0
---t-lns,2726
---t-done,2728
---timestep-task-finished,0
---total-task-finished,124
---timestep,392
---t-update,0
---t-init,1
---op-flow,0
---vetex-flow,0
---op-flow,0
---vertex-flow,0
---t-lns,2487
---t-done,2488
---timestep-task-finished,0
---total-task-finished,124
---timestep,393
---t-update,0
---t-init,2
---op-flow,0
---vetex-flow,0
---op-flow,0
---vertex-flow,0
---t-lns,2257
---t-done,2257
---timestep-task-finished,0
---total-task-finished,124
---timestep,394
---t-update,0
---t-init,4
---op-flow,0
---vetex-flow,0
---op-flow,0
---vertex-flow,0
---t-lns,2590
---t-done,2591
---timestep-task-finished,0
---total-task-finished,124
---timestep,395
---t-update,0
---t-init,4
---op-flow,0
---vetex-flow,0
---op-flow,0
---vertex-flow,0
---t-lns,2408
---t-done,2409
---timestep-task-finished,0
---total-task-finished,124
---timestep,396
---t-update,0
---t-init,2
---op-flow,0
---vetex-flow,0
---op-flow,0
---vertex-flow,0
---t-lns,1921
---t-done,1922
---timestep-task-finished,0
---total-task-finished,124
---timestep,397
---t-update,0
---t-init,1
---op-flow,0
---vetex-flow,0
---op-flow,0
---vertex-flow,0
---t-lns,1736
---t-done,1737
---timestep-task-finished,1
---total-task-finished,125
---timestep,398
---t-update,0
---t-init,31
---op-flow,0
---vetex-flow,0
---op-flow,0
---vertex-flow,0
---t-lns,1592
---t-done,1594
---timestep-task-finished,1
---total-task-finished,126
---timestep,399
---t-update,0
---t-init,132
---op-flow,0
---vetex-flow,0
---op-flow,0
---vertex-flow,0
---t-lns,2344
---t-done,2345
---timestep-task-finished,2
---total-task-finished,128
---timestep,400
---t-update,0
---t-init,136
---op-flow,0
---vetex-flow,0
---op-flow,0
---vertex-flow,0
---t-lns,2709
---t-done,2711
---timestep-task-finished,0
---total-task-finished,128
---timestep,401
---t-update,0
---t-init,1
---op-flow,0
---vetex-flow,0
---op-flow,0
---vertex-flow,0
---t-lns,2366
---t-done,2366
---timestep-task-finished,0
---total-task-finished,128
---timestep,402
---t-update,0
---t-init,2
---op-flow,0
---vetex-flow,0
---op-flow,0
---vertex-flow,0
---t-lns,2059
---t-done,2060
---timestep-task-finished,0
---total-task-finished,128
---timestep,403
---t-update,0
---t-init,1
---op-flow,0
---vetex-flow,0
---op-flow,0
---vertex-flow,0
---t-lns,1244
---t-done,1245
---timestep-task-finished,0
---total-task-finished,128
---timestep,404
---t-update,0
---t-init,2
---op-flow,0
---vetex-flow,0
---op-flow,0
---vertex-flow,0
---t-lns,1120
---t-done,1120
---timestep-task-finished,1
---total-task-finished,129
---timestep,405
---t-update,0
---t-init,199
---op-flow,0
---vetex-flow,0
---op-flow,0
---vertex-flow,0
---t-lns,2136
---t-done,2137
---timestep-task-finished,0
---total-task-finished,129
---timestep,406
---t-update,0
---t-init,4
---op-flow,0
---vetex-flow,0
---op-flow,0
---vertex-flow,0
---t-lns,2196
---t-done,2197
---timestep-task-finished,0
---total-task-finished,129
---timestep,407
---t-update,0
---t-init,1
---op-flow,0
---vetex-flow,0
---op-flow,0
---vertex-flow,0
---t-lns,2047
---t-done,2048
---timestep-task-finished,1
---total-task-finished,130
---timestep,408
---t-update,0
---t-init,84
---op-flow,0
---vetex-flow,0
---op-flow,0
---vertex-flow,0
---t-lns,2368
---t-done,2369
---timestep-task-finished,0
---total-task-finished,130
---timestep,409
---t-update,0
---t-init,0
---op-flow,0
---vetex-flow,0
---op-flow,0
---vertex-flow,0
---t-lns,2074
---t-done,2075
---timestep-task-finished,0
---total-task-finished,130
---timestep,410
---t-update,0
---t-init,4
---op-flow,0
---vetex-flow,0
---op-flow,0
---vertex-flow,0
---t-lns,1706
---t-done,1707
---timestep-task-finished,0
---total-task-finished,130
---timestep,411
---t-update,0
---t-init,1
---op-flow,0
---vetex-flow,0
---op-flow,0
---vertex-flow,0
---t-lns,1760
---t-done,1761
---timestep-task-finished,0
---total-task-finished,130
---timestep,412
---t-update,0
---t-init,4
---op-flow,0
---vetex-flow,0
---op-flow,0
---vertex-flow,0
---t-lns,1560
---t-done,1561
---timestep-task-finished,0
---total-task-finished,130
---timestep,413
---t-update,0
---t-init,4
---op-flow,0
---vetex-flow,0
---op-flow,0
---vertex-flow,0
---t-lns,1534
---t-done,1534
---timestep-task-finished,1
---total-task-finished,131
---timestep,414
---t-update,0
---t-init,104
---op-flow,0
---vetex-flow,0
---op-flow,0
---vertex-flow,0
---t-lns,2068
---t-done,2069
---timestep-task-finished,0
---total-task-finished,131
---timestep,415
---t-update,0
---t-init,4
---op-flow,0
---vetex-flow,0
---op-flow,0
---vertex-flow,0
---t-lns,1936
---t-done,1936
---timestep-task-finished,1
---total-task-finished,132
---timestep,416
---t-update,0
---t-init,58
---op-flow,0
---vetex-flow,0
---op-flow,0
---vertex-flow,0
---t-lns,1964
---t-done,1964
---timestep-task-finished,0
---total-task-finished,132
---timestep,417
---t-update,0
---t-init,1
---op-flow,0
---vetex-flow,0
---op-flow,0
---vertex-flow,0
---t-lns,1783
---t-done,1784
---timestep-task-finished,1
---total-task-finished,133
---timestep,418
---t-update,0
---t-init,170
---op-flow,0
---vetex-flow,0
---op-flow,0
---vertex-flow,0
---t-lns,2957
---t-done,2958
---timestep-task-finished,2
---total-task-finished,135
---timestep,419
---t-update,0
---t-init,142
---op-flow,0
---vetex-flow,0
---op-flow,0
---vertex-flow,0
---t-lns,3697
---t-done,3697
---timestep-task-finished,1
---total-task-finished,136
---timestep,420
---t-update,0
---t-init,162
---op-flow,0
---vetex-flow,0
---op-flow,0
---vertex-flow,0
---t-lns,4407
---t-done,4407
---timestep-task-finished,1
---total-task-finished,137
---timestep,421
---t-update,0
---t-init,205
---op-flow,1
---vetex-flow,0
---op-flow,0
---vertex-flow,0
---t-lns,4189
---t-done,4190
---timestep-task-finished,0
---total-task-finished,137
---timestep,422
---t-update,0
---t-init,1
---op-flow,0
---vetex-flow,0
---op-flow,0
---vertex-flow,0
---t-lns,4339
---t-done,4339
---timestep-task-finished,0
---total-task-finished,137
---timestep,423
---t-update,0
---t-init,1
---op-flow,0
---vetex-flow,0
---op-flow,0
---vertex-flow,0
---t-lns,3719
---t-done,3720
---timestep-task-finished,0
---total-task-finished,137
---timestep,424
---t-update,0
---t-init,4
---op-flow,0
---vetex-flow,0
---op-flow,0
---vertex-flow,0
---t-lns,5044
---t-done,5045
---timestep-task-finished,0
---total-task-finished,137
---timestep,425
---t-update,0
---t-init,4
---op-flow,0
---vetex-flow,0
---op-flow,0
---vertex-flow,0
---t-lns,3916
---t-done,3917
---timestep-task-finished,0
---total-task-finished,137
---timestep,426
---t-update,0
---t-init,1
---op-flow,0
---vetex-flow,0
---op-flow,0
---vertex-flow,0
---t-lns,3480
---t-done,3480
---timestep-task-finished,0
---total-task-finished,137
---timestep,427
---t-update,0
---t-init,2
---op-flow,0
---vetex-flow,0
---op-flow,0
---vertex-flow,0
---t-lns,3744
---t-done,3745
---timestep-task-finished,0
---total-task-finished,137
---timestep,428
---t-update,0
---t-init,4
---op-flow,0
---vetex-flow,0
---op-flow,0
---vertex-flow,0
---t-lns,3576
---t-done,3577
---timestep-task-finished,1
---total-task-finished,138
---timestep,429
---t-update,0
---t-init,151
---op-flow,0
---vetex-flow,0
---op-flow,0
---vertex-flow,0
---t-lns,4483
---t-done,4483
---timestep-task-finished,0
---total-task-finished,138
---timestep,430
---t-update,0
---t-init,4
---op-flow,0
---vetex-flow,0
---op-flow,0
---vertex-flow,0
---t-lns,4233
---t-done,4233
---timestep-task-finished,0
---total-task-finished,138
---timestep,431
---t-update,0
---t-init,1
---op-flow,0
---vetex-flow,0
---op-flow,0
---vertex-flow,0
---t-lns,3553
---t-done,3554
---timestep-task-finished,0
---total-task-finished,138
---timestep,432
---t-update,0
---t-init,1
---op-flow,0
---vetex-flow,0
---op-flow,0
---vertex-flow,0
---t-lns,2983
---t-done,2984
---timestep-task-finished,1
---total-task-finished,139
---timestep,433
---t-update,0
---t-init,61
---op-flow,0
---vetex-flow,0
---op-flow,0
---vertex-flow,0
---t-lns,3824
---t-done,3825
---timestep-task-finished,0
---total-task-finished,139
---timestep,434
---t-update,0
---t-init,1
---op-flow,0
---vetex-flow,0
---op-flow,0
---vertex-flow,0
---t-lns,3455
---t-done,3455
---timestep-task-finished,0
---total-task-finished,139
---timestep,435
---t-update,0
---t-init,1
---op-flow,0
---vetex-flow,0
---op-flow,0
---vertex-flow,0
---t-lns,2754
---t-done,2754
---timestep-task-finished,0
---total-task-finished,139
---timestep,436
---t-update,0
---t-init,4
---op-flow,0
---vetex-flow,0
---op-flow,0
---vertex-flow,0
---t-lns,2898
---t-done,2899
---timestep-task-finished,0
---total-task-finished,139
---timestep,437
---t-update,0
---t-init,3
---op-flow,0
---vetex-flow,0
---op-flow,0
---vertex-flow,0
---t-lns,3024
---t-done,3025
---timestep-task-finished,1
---total-task-finished,140
---timestep,438
---t-update,0
---t-init,37
---op-flow,0
---vetex-flow,0
---op-flow,0
---vertex-flow,0
---t-lns,2612
---t-done,2612
---timestep-task-finished,0
---total-task-finished,140
---timestep,439
---t-update,0
---t-init,1
---op-flow,0
---vetex-flow,0
---op-flow,0
---vertex-flow,0
---t-lns,2576
---t-done,2577
---timestep-task-finished,0
---total-task-finished,140
---timestep,440
---t-update,0
---t-init,1
---op-flow,0
---vetex-flow,0
---op-flow,0
---vertex-flow,0
---t-lns,2076
---t-done,2076
---timestep-task-finished,0
---total-task-finished,140
---timestep,441
---t-update,0
---t-init,1
---op-flow,0
---vetex-flow,0
---op-flow,0
---vertex-flow,0
---t-lns,2330
---t-done,2330
---timestep-task-finished,0
---total-task-finished,140
---timestep,442
---t-update,0
---t-init,1
---op-flow,0
---vetex-flow,0
---op-flow,0
---vertex-flow,0
---t-lns,1961
---t-done,1962
---timestep-task-finished,0
---total-task-finished,140
---timestep,443
---t-update,0
---t-init,4
---op-flow,0
---vetex-flow,0
---op-flow,0
---vertex-flow,0
---t-lns,1909
---t-done,1910
---timestep-task-finished,0
---total-task-finished,140
---timestep,444
---t-update,0
---t-init,4
---op-flow,0
---vetex-flow,0
---op-flow,0
---vertex-flow,0
---t-lns,1802
---t-done,1802
---timestep-task-finished,0
---total-task-finished,140
---timestep,445
---t-update,0
---t-init,1
---op-flow,0
---vetex-flow,0
---op-flow,0
---vertex-flow,0
---t-lns,1712
---t-done,1712
---timestep-task-finished,1
---total-task-finished,141
---timestep,446
---t-update,0
---t-init,152
---op-flow,1
---vetex-flow,0
---op-flow,0
---vertex-flow,0
---t-lns,1779
---t-done,1780
---timestep-task-finished,0
---total-task-finished,141
---timestep,447
---t-update,0
---t-init,0
---op-flow,0
---vetex-flow,0
---op-flow,0
---vertex-flow,0
---t-lns,1360
---t-done,1361
---timestep-task-finished,0
---total-task-finished,141
---timestep,448
---t-update,0
---t-init,1
---op-flow,0
---vetex-flow,0
---op-flow,0
---vertex-flow,0
---t-lns,1282
---t-done,1282
---timestep-task-finished,0
---total-task-finished,141
---timestep,449
---t-update,0
---t-init,1
---op-flow,0
---vetex-flow,0
---op-flow,0
---vertex-flow,0
---t-lns,1314
---t-done,1315
---timestep-task-finished,0
---total-task-finished,141

Done!
