[  3%] Building CXX object CMakeFiles/simulate.dir/src/Algorithm/Astar.cpp.o
[  6%] Building CXX object CMakeFiles/simulate.dir/src/Algorithm/graph_algo.cpp.o
[ 10%] Building CXX object CMakeFiles/simulate.dir/src/Algorithm/heuristic.cpp.o
[ 13%] Building CXX object CMakeFiles/simulate.dir/src/ConstrainedGraph/CBS/CBS.cpp.o
[ 17%] Building CXX object CMakeFiles/simulate.dir/src/ConstrainedGraph/CBS/CBSHeuristic.cpp.o
[ 20%] Building CXX object CMakeFiles/simulate.dir/src/ConstrainedGraph/CBS/CBSNode.cpp.o
[ 24%] Building CXX object CMakeFiles/simulate.dir/src/ConstrainedGraph/CBS/Conflict.cpp.o
[ 27%] Building CXX object CMakeFiles/simulate.dir/src/ConstrainedGraph/CBS/ConstraintPropagation.cpp.o
[ 31%] Building CXX object CMakeFiles/simulate.dir/src/ConstrainedGraph/CBS/CorridorReasoning.cpp.o
[ 34%] Building CXX object CMakeFiles/simulate.dir/src/ConstrainedGraph/CBS/IncrementalPairwiseMutexPropagation.cpp.o
[ 37%] Building CXX object CMakeFiles/simulate.dir/src/ConstrainedGraph/CBS/MDD.cpp.o
[ 41%] Building CXX object CMakeFiles/simulate.dir/src/ConstrainedGraph/CBS/MutexReasoning.cpp.o
[ 44%] Building CXX object CMakeFiles/simulate.dir/src/ConstrainedGraph/CBS/RectangleReasoning.cpp.o
[ 48%] Building CXX object CMakeFiles/simulate.dir/src/ConstrainedGraph/ConstraintTable.cpp.o
[ 51%] Building CXX object CMakeFiles/simulate.dir/src/ConstrainedGraph/DelayInstance.cpp.o
[ 55%] Building CXX object CMakeFiles/simulate.dir/src/ConstrainedGraph/Instance.cpp.o
[ 58%] Building CXX object CMakeFiles/simulate.dir/src/ConstrainedGraph/PathTable.cpp.o
[ 62%] Building CXX object CMakeFiles/simulate.dir/src/ConstrainedGraph/ReservationTable.cpp.o
[ 65%] Building CXX object CMakeFiles/simulate.dir/src/ConstrainedGraph/SIPP.cpp.o
[ 68%] Building CXX object CMakeFiles/simulate.dir/src/ConstrainedGraph/SingleAgentSolver.cpp.o
[ 72%] Building CXX object CMakeFiles/simulate.dir/src/ConstrainedGraph/SpaceTimeAStar.cpp.o
[ 75%] Building CXX object CMakeFiles/simulate.dir/src/ConstrainedGraph/common.cpp.o
[ 79%] Building CXX object CMakeFiles/simulate.dir/src/ConstrainedGraph/constrained_graph_solver.cpp.o
[ 82%] Building CXX object CMakeFiles/simulate.dir/src/graph/generate_graph.cpp.o
[ 86%] Building CXX object CMakeFiles/simulate.dir/src/graph/graph.cpp.o
[ 89%] Building CXX object CMakeFiles/simulate.dir/src/simulation/simulator.cpp.o
[ 93%] Building CXX object CMakeFiles/simulate.dir/src/util/Timer.cpp.o
[ 96%] Building CXX object CMakeFiles/simulate.dir/src/simulate.cpp.o
[100%] Linking CXX executable simulate
[100%] Built target simulate
