/home/lyh/MAPF_PIED_MDDR_RESEARCH/implementation_binding_evidence/baseline_selection_20260929/Guided-PIBT/guided-pibt/benchmark-lifelong
*** Loading map ***
Map size: 33x57	Done! (load time: 0 s)
200 agents and 50000 tasks
---priority-initialization-seed,42
---timestep,0
---t-update,0
---init-agents:100
---t-init,10791
---t-lns,10793
---t-done,12496
---timestep-task-finished,1
---total-task-finished,1
---timestep,1
---t-update,0
---init-agents:100
---t-init,17083
---t-lns,17084
---t-done,18599
---timestep-task-finished,1
---total-task-finished,2
---timestep,2
---t-update,0
---t-init,429
---op-flow,44
---vetex-flow,2159
---op-flow,24
---vertex-flow,2145
---t-lns,15074
---t-done,15077
---timestep-task-finished,0
---total-task-finished,2
---timestep,3
---t-update,0
---t-init,1
---op-flow,24
---vetex-flow,2145
---op-flow,19
---vertex-flow,2075
---t-lns,14328
---t-done,14329
---timestep-task-finished,0
---total-task-finished,2
---timestep,4
---t-update,0
---t-init,5
---op-flow,19
---vetex-flow,2075
---op-flow,14
---vertex-flow,2022
---t-lns,12015
---t-done,12016
---timestep-task-finished,2
---total-task-finished,4
---timestep,5
---t-update,0
---t-init,394
---op-flow,15
---vetex-flow,2055
---op-flow,11
---vertex-flow,1957
---t-lns,13163
---t-done,13165
---timestep-task-finished,1
---total-task-finished,5
---timestep,6
---t-update,0
---t-init,74
---op-flow,13
---vetex-flow,1959
---op-flow,11
---vertex-flow,1909
---t-lns,12784
---t-done,12786
---timestep-task-finished,3
---total-task-finished,8
---timestep,7
---t-update,0
---t-init,458
---op-flow,11
---vetex-flow,1944
---op-flow,7
---vertex-flow,1855
---t-lns,22067
---t-done,22069
---timestep-task-finished,0
---total-task-finished,8
---timestep,8
---t-update,0
---t-init,2
---op-flow,7
---vetex-flow,1855
---op-flow,5
---vertex-flow,1746
---t-lns,12776
---t-done,12778
---timestep-task-finished,3
---total-task-finished,11
---timestep,9
---t-update,0
---t-init,268
---op-flow,7
---vetex-flow,1764
---op-flow,6
---vertex-flow,1663
---t-lns,13518
---t-done,13521
---timestep-task-finished,6
---total-task-finished,17
---timestep,10
---t-update,1
---t-init,1375
---op-flow,6
---vetex-flow,1748
---op-flow,4
---vertex-flow,1647
---t-lns,13511
---t-done,13514
---timestep-task-finished,1
---total-task-finished,18
---timestep,11
---t-update,0
---t-init,138
---op-flow,4
---vetex-flow,1666
---op-flow,1
---vertex-flow,1580
---t-lns,11340
---t-done,11341
---timestep-task-finished,2
---total-task-finished,20
---timestep,12
---t-update,0
---t-init,201
---op-flow,1
---vetex-flow,1605
---op-flow,1
---vertex-flow,1538
---t-lns,10324
---t-done,10326
---timestep-task-finished,7
---total-task-finished,27
---timestep,13
---t-update,1
---t-init,1122
---op-flow,4
---vetex-flow,1655
---op-flow,3
---vertex-flow,1506
---t-lns,11636
---t-done,11640
---timestep-task-finished,7
---total-task-finished,34
---timestep,14
---t-update,1
---t-init,1465
---op-flow,9
---vetex-flow,1656
---op-flow,6
---vertex-flow,1576
---t-lns,16089
---t-done,16093
---timestep-task-finished,1
---total-task-finished,35
---timestep,15
---t-update,0
---t-init,281
---op-flow,6
---vetex-flow,1602
---op-flow,3
---vertex-flow,1487
---t-lns,9245
---t-done,9246
---timestep-task-finished,3
---total-task-finished,38
---timestep,16
---t-update,0
---t-init,763
---op-flow,3
---vetex-flow,1575
---op-flow,2
---vertex-flow,1482
---t-lns,13872
---t-done,13875
---timestep-task-finished,2
---total-task-finished,40
---timestep,17
---t-update,0
---t-init,95
---op-flow,6
---vetex-flow,1497
---op-flow,4
---vertex-flow,1438
---t-lns,9404
---t-done,9406
---timestep-task-finished,6
---total-task-finished,46
---timestep,18
---t-update,1
---t-init,1778
---op-flow,4
---vetex-flow,1548
---op-flow,3
---vertex-flow,1450
---t-lns,14400
---t-done,14402
---timestep-task-finished,2
---total-task-finished,48
---timestep,19
---t-update,0
---t-init,585
---op-flow,3
---vetex-flow,1484
---op-flow,1
---vertex-flow,1417
---t-lns,9475
---t-done,9477
---timestep-task-finished,5
---total-task-finished,53
---timestep,20
---t-update,0
---t-init,967
---op-flow,4
---vetex-flow,1491
---op-flow,4
---vertex-flow,1417
---t-lns,9283
---t-done,9285
---timestep-task-finished,5
---total-task-finished,58
---timestep,21
---t-update,1
---t-init,1269
---op-flow,6
---vetex-flow,1488
---op-flow,5
---vertex-flow,1385
---t-lns,13057
---t-done,13060
---timestep-task-finished,3
---total-task-finished,61
---timestep,22
---t-update,0
---t-init,349
---op-flow,9
---vetex-flow,1413
---op-flow,7
---vertex-flow,1343
---t-lns,9298
---t-done,9302
---timestep-task-finished,0
---total-task-finished,61
---timestep,23
---t-update,0
---t-init,2
---op-flow,7
---vetex-flow,1343
---op-flow,6
---vertex-flow,1247
---t-lns,8204
---t-done,8206
---timestep-task-finished,8
---total-task-finished,69
---timestep,24
---t-update,2
---t-init,2320
---op-flow,6
---vetex-flow,1406
---op-flow,5
---vertex-flow,1348
---t-lns,12653
---t-done,12661
---timestep-task-finished,4
---total-task-finished,73
---timestep,25
---t-update,0
---t-init,416
---op-flow,5
---vetex-flow,1401
---op-flow,4
---vertex-flow,1258
---t-lns,6842
---t-done,6845
---timestep-task-finished,1
---total-task-finished,74
---timestep,26
---t-update,0
---t-init,421
---op-flow,4
---vetex-flow,1279
---op-flow,3
---vertex-flow,1207
---t-lns,7342
---t-done,7344
---timestep-task-finished,8
---total-task-finished,82
---timestep,27
---t-update,1
---t-init,1777
---op-flow,27
---vetex-flow,1355
---op-flow,18
---vertex-flow,1242
---t-lns,7524
---t-done,7527
---timestep-task-finished,6
---total-task-finished,88
---timestep,28
---t-update,1
---t-init,1543
---op-flow,21
---vetex-flow,1353
---op-flow,16
---vertex-flow,1314
---t-lns,7926
---t-done,7929
---timestep-task-finished,8
---total-task-finished,96
---timestep,29
---t-update,2
---t-init,2029
---op-flow,20
---vetex-flow,1454
---op-flow,8
---vertex-flow,1385
---t-lns,11015
---t-done,11028
---timestep-task-finished,5
---total-task-finished,101
---timestep,30
---t-update,0
---t-init,450
---op-flow,25
---vetex-flow,1429
---op-flow,18
---vertex-flow,1320
---t-lns,9270
---t-done,9278
---timestep-task-finished,3
---total-task-finished,104
---timestep,31
---t-update,1
---t-init,1365
---op-flow,18
---vetex-flow,1379
---op-flow,7
---vertex-flow,1308
---t-lns,10454
---t-done,10456
---timestep-task-finished,7
---total-task-finished,111
---timestep,32
---t-update,1
---t-init,1681
---op-flow,7
---vetex-flow,1465
---op-flow,6
---vertex-flow,1346
---t-lns,7488
---t-done,7491
---timestep-task-finished,5
---total-task-finished,116
---timestep,33
---t-update,0
---t-init,806
---op-flow,8
---vetex-flow,1430
---op-flow,4
---vertex-flow,1357
---t-lns,10710
---t-done,10712
---timestep-task-finished,4
---total-task-finished,120
---timestep,34
---t-update,1
---t-init,1265
---op-flow,13
---vetex-flow,1418
---op-flow,11
---vertex-flow,1336
---t-lns,9772
---t-done,9774
---timestep-task-finished,2
---total-task-finished,122
---timestep,35
---t-update,0
---t-init,491
---op-flow,11
---vetex-flow,1376
---op-flow,5
---vertex-flow,1268
---t-lns,7735
---t-done,7737
---timestep-task-finished,5
---total-task-finished,127
---timestep,36
---t-update,1
---t-init,1400
---op-flow,9
---vetex-flow,1375
---op-flow,3
---vertex-flow,1305
---t-lns,13571
---t-done,13573
---timestep-task-finished,7
---total-task-finished,134
---timestep,37
---t-update,1
---t-init,1854
---op-flow,5
---vetex-flow,1430
---op-flow,5
---vertex-flow,1327
---t-lns,10248
---t-done,10252
---timestep-task-finished,4
---total-task-finished,138
---timestep,38
---t-update,0
---t-init,286
---op-flow,9
---vetex-flow,1349
---op-flow,5
---vertex-flow,1260
---t-lns,10864
---t-done,10866
---timestep-task-finished,8
---total-task-finished,146
---timestep,39
---t-update,1
---t-init,1901
---op-flow,5
---vetex-flow,1402
---op-flow,5
---vertex-flow,1352
---t-lns,13001
---t-done,13009
---timestep-task-finished,4
---total-task-finished,150
---timestep,40
---t-update,0
---t-init,893
---op-flow,7
---vetex-flow,1433
---op-flow,6
---vertex-flow,1336
---t-lns,11421
---t-done,11425
---timestep-task-finished,9
---total-task-finished,159
---timestep,41
---t-update,1
---t-init,1982
---op-flow,9
---vetex-flow,1481
---op-flow,5
---vertex-flow,1397
---t-lns,12016
---t-done,12023
---timestep-task-finished,12
---total-task-finished,171
---timestep,42
---t-update,3
---t-init,3424
---op-flow,20
---vetex-flow,1590
---op-flow,11
---vertex-flow,1521
---t-lns,15706
---t-done,15711
---timestep-task-finished,3
---total-task-finished,174
---timestep,43
---t-update,1
---t-init,1542
---op-flow,12
---vetex-flow,1608
---op-flow,10
---vertex-flow,1521
---t-lns,12198
---t-done,12201
---timestep-task-finished,4
---total-task-finished,178
---timestep,44
---t-update,1
---t-init,1090
---op-flow,21
---vetex-flow,1581
---op-flow,10
---vertex-flow,1495
---t-lns,11391
---t-done,11393
---timestep-task-finished,4
---total-task-finished,182
---timestep,45
---t-update,0
---t-init,861
---op-flow,15
---vetex-flow,1572
---op-flow,9
---vertex-flow,1485
---t-lns,11592
---t-done,11597
---timestep-task-finished,4
---total-task-finished,186
---timestep,46
---t-update,1
---t-init,1154
---op-flow,9
---vetex-flow,1567
---op-flow,6
---vertex-flow,1459
---t-lns,10694
---t-done,10696
---timestep-task-finished,4
---total-task-finished,190
---timestep,47
---t-update,0
---t-init,556
---op-flow,6
---vetex-flow,1511
---op-flow,3
---vertex-flow,1409
---t-lns,8335
---t-done,8337
---timestep-task-finished,4
---total-task-finished,194
---timestep,48
---t-update,0
---t-init,643
---op-flow,6
---vetex-flow,1484
---op-flow,3
---vertex-flow,1400
---t-lns,6994
---t-done,6995
---timestep-task-finished,6
---total-task-finished,200
---timestep,49
---t-update,0
---t-init,600
---op-flow,3
---vetex-flow,1515
---op-flow,2
---vertex-flow,1398
---t-lns,7828
---t-done,7830
---timestep-task-finished,3
---total-task-finished,203
---timestep,50
---t-update,0
---t-init,481
---op-flow,2
---vetex-flow,1456
---op-flow,0
---vertex-flow,1343
---t-lns,6347
---t-done,6349
---timestep-task-finished,6
---total-task-finished,209
---timestep,51
---t-update,0
---t-init,454
---op-flow,2
---vetex-flow,1406
---op-flow,0
---vertex-flow,1331
---t-lns,6116
---t-done,6118
---timestep-task-finished,5
---total-task-finished,214
---timestep,52
---t-update,0
---t-init,689
---op-flow,4
---vetex-flow,1425
---op-flow,2
---vertex-flow,1348
---t-lns,6208
---t-done,6210
---timestep-task-finished,4
---total-task-finished,218
---timestep,53
---t-update,0
---t-init,393
---op-flow,7
---vetex-flow,1428
---op-flow,4
---vertex-flow,1344
---t-lns,5430
---t-done,5431
---timestep-task-finished,3
---total-task-finished,221
---timestep,54
---t-update,0
---t-init,291
---op-flow,7
---vetex-flow,1402
---op-flow,4
---vertex-flow,1304
---t-lns,6342
---t-done,6344
---timestep-task-finished,6
---total-task-finished,227
---timestep,55
---t-update,0
---t-init,492
---op-flow,5
---vetex-flow,1364
---op-flow,3
---vertex-flow,1312
---t-lns,5473
---t-done,5475
---timestep-task-finished,6
---total-task-finished,233
---timestep,56
---t-update,0
---t-init,854
---op-flow,3
---vetex-flow,1434
---op-flow,3
---vertex-flow,1372
---t-lns,6638
---t-done,6639
---timestep-task-finished,7
---total-task-finished,240
---timestep,57
---t-update,1
---t-init,1044
---op-flow,7
---vetex-flow,1532
---op-flow,5
---vertex-flow,1439
---t-lns,8311
---t-done,8315
---timestep-task-finished,4
---total-task-finished,244
---timestep,58
---t-update,1
---t-init,1079
---op-flow,5
---vetex-flow,1508
---op-flow,2
---vertex-flow,1416
---t-lns,18021
---t-done,18024
---timestep-task-finished,2
---total-task-finished,246
---timestep,59
---t-update,0
---t-init,453
---op-flow,3
---vetex-flow,1458
---op-flow,2
---vertex-flow,1327
---t-lns,10412
---t-done,10414
---timestep-task-finished,8
---total-task-finished,254
---timestep,60
---t-update,2
---t-init,2306
---op-flow,7
---vetex-flow,1477
---op-flow,5
---vertex-flow,1386
---t-lns,18226
---t-done,18228
---timestep-task-finished,6
---total-task-finished,260
---timestep,61
---t-update,1
---t-init,1134
---op-flow,12
---vetex-flow,1486
---op-flow,7
---vertex-flow,1384
---t-lns,8570
---t-done,8572
---timestep-task-finished,2
---total-task-finished,262
---timestep,62
---t-update,0
---t-init,570
---op-flow,7
---vetex-flow,1433
---op-flow,3
---vertex-flow,1372
---t-lns,15572
---t-done,15576
---timestep-task-finished,5
---total-task-finished,267
---timestep,63
---t-update,2
---t-init,2371
---op-flow,8
---vetex-flow,1466
---op-flow,6
---vertex-flow,1360
---t-lns,15926
---t-done,15929
---timestep-task-finished,2
---total-task-finished,269
---timestep,64
---t-update,0
---t-init,115
---op-flow,6
---vetex-flow,1372
---op-flow,6
---vertex-flow,1253
---t-lns,9019
---t-done,9020
---timestep-task-finished,8
---total-task-finished,277
---timestep,65
---t-update,1
---t-init,1355
---op-flow,6
---vetex-flow,1359
---op-flow,6
---vertex-flow,1279
---t-lns,11679
---t-done,11683
---timestep-task-finished,9
---total-task-finished,286
---timestep,66
---t-update,1
---t-init,1913
---op-flow,38
---vetex-flow,1442
---op-flow,6
---vertex-flow,1394
---t-lns,12486
---t-done,12492
---timestep-task-finished,3
---total-task-finished,289
---timestep,67
---t-update,0
---t-init,379
---op-flow,6
---vetex-flow,1442
---op-flow,6
---vertex-flow,1372
---t-lns,19273
---t-done,19278
---timestep-task-finished,4
---total-task-finished,293
---timestep,68
---t-update,0
---t-init,970
---op-flow,7
---vetex-flow,1412
---op-flow,6
---vertex-flow,1309
---t-lns,15578
---t-done,15583
---timestep-task-finished,7
---total-task-finished,300
---timestep,69
---t-update,1
---t-init,1734
---op-flow,9
---vetex-flow,1429
---op-flow,8
---vertex-flow,1367
---t-lns,16276
---t-done,16282
---timestep-task-finished,5
---total-task-finished,305
---timestep,70
---t-update,1
---t-init,1081
---op-flow,11
---vetex-flow,1424
---op-flow,6
---vertex-flow,1328
---t-lns,12376
---t-done,12380
---timestep-task-finished,2
---total-task-finished,307
---timestep,71
---t-update,0
---t-init,746
---op-flow,6
---vetex-flow,1368
---op-flow,3
---vertex-flow,1296
---t-lns,14207
---t-done,14209
---timestep-task-finished,6
---total-task-finished,313
---timestep,72
---t-update,1
---t-init,1538
---op-flow,5
---vetex-flow,1411
---op-flow,4
---vertex-flow,1328
---t-lns,12576
---t-done,12580
---timestep-task-finished,6
---total-task-finished,319
---timestep,73
---t-update,1
---t-init,1462
---op-flow,7
---vetex-flow,1414
---op-flow,6
---vertex-flow,1322
---t-lns,12895
---t-done,12903
---timestep-task-finished,5
---total-task-finished,324
---timestep,74
---t-update,2
---t-init,2301
---op-flow,6
---vetex-flow,1454
---op-flow,4
---vertex-flow,1300
---t-lns,14151
---t-done,14157
---timestep-task-finished,6
---total-task-finished,330
---timestep,75
---t-update,1
---t-init,1688
---op-flow,6
---vetex-flow,1392
---op-flow,4
---vertex-flow,1361
---t-lns,17161
---t-done,17165
---timestep-task-finished,4
---total-task-finished,334
---timestep,76
---t-update,0
---t-init,612
---op-flow,4
---vetex-flow,1415
---op-flow,3
---vertex-flow,1307
---t-lns,11131
---t-done,11134
---timestep-task-finished,6
---total-task-finished,340
---timestep,77
---t-update,1
---t-init,1465
---op-flow,7
---vetex-flow,1380
---op-flow,7
---vertex-flow,1327
---t-lns,10817
---t-done,10820
---timestep-task-finished,5
---total-task-finished,345
---timestep,78
---t-update,0
---t-init,364
---op-flow,7
---vetex-flow,1370
---op-flow,5
---vertex-flow,1313
---t-lns,7479
---t-done,7480
---timestep-task-finished,6
---total-task-finished,351
---timestep,79
---t-update,1
---t-init,1394
---op-flow,5
---vetex-flow,1454
---op-flow,2
---vertex-flow,1397
---t-lns,12873
---t-done,12878
---timestep-task-finished,8
---total-task-finished,359
---timestep,80
---t-update,2
---t-init,2580
---op-flow,8
---vetex-flow,1551
---op-flow,6
---vertex-flow,1471
---t-lns,13824
---t-done,13828
---timestep-task-finished,3
---total-task-finished,362
---timestep,81
---t-update,0
---t-init,663
---op-flow,11
---vetex-flow,1519
---op-flow,7
---vertex-flow,1406
---t-lns,11728
---t-done,11730
---timestep-task-finished,5
---total-task-finished,367
---timestep,82
---t-update,1
---t-init,1716
---op-flow,12
---vetex-flow,1509
---op-flow,5
---vertex-flow,1443
---t-lns,9023
---t-done,9025
---timestep-task-finished,4
---total-task-finished,371
---timestep,83
---t-update,0
---t-init,310
---op-flow,5
---vetex-flow,1507
---op-flow,4
---vertex-flow,1409
---t-lns,7579
---t-done,7581
---timestep-task-finished,1
---total-task-finished,372
---timestep,84
---t-update,0
---t-init,310
---op-flow,4
---vetex-flow,1436
---op-flow,2
---vertex-flow,1324
---t-lns,4485
---t-done,4486
---timestep-task-finished,6
---total-task-finished,378
---timestep,85
---t-update,0
---t-init,851
---op-flow,9
---vetex-flow,1400
---op-flow,4
---vertex-flow,1337
---t-lns,6045
---t-done,6048
---timestep-task-finished,8
---total-task-finished,386
---timestep,86
---t-update,1
---t-init,1441
---op-flow,6
---vetex-flow,1460
---op-flow,5
---vertex-flow,1356
---t-lns,7018
---t-done,7021
---timestep-task-finished,6
---total-task-finished,392
---timestep,87
---t-update,0
---t-init,836
---op-flow,8
---vetex-flow,1479
---op-flow,8
---vertex-flow,1343
---t-lns,6849
---t-done,6853
---timestep-task-finished,5
---total-task-finished,397
---timestep,88
---t-update,0
---t-init,988
---op-flow,8
---vetex-flow,1446
---op-flow,2
---vertex-flow,1379
---t-lns,7174
---t-done,7175
---timestep-task-finished,5
---total-task-finished,402
---timestep,89
---t-update,0
---t-init,574
---op-flow,6
---vetex-flow,1469
---op-flow,4
---vertex-flow,1373
---t-lns,8021
---t-done,8025
---timestep-task-finished,1
---total-task-finished,403
---timestep,90
---t-update,0
---t-init,185
---op-flow,4
---vetex-flow,1376
---op-flow,2
---vertex-flow,1264
---t-lns,9550
---t-done,9551
---timestep-task-finished,5
---total-task-finished,408
---timestep,91
---t-update,0
---t-init,749
---op-flow,4
---vetex-flow,1362
---op-flow,2
---vertex-flow,1272
---t-lns,6323
---t-done,6325
---timestep-task-finished,7
---total-task-finished,415
---timestep,92
---t-update,0
---t-init,968
---op-flow,3
---vetex-flow,1375
---op-flow,3
---vertex-flow,1318
---t-lns,8969
---t-done,8973
---timestep-task-finished,7
---total-task-finished,422
---timestep,93
---t-update,1
---t-init,1545
---op-flow,11
---vetex-flow,1446
---op-flow,4
---vertex-flow,1367
---t-lns,10597
---t-done,10599
---timestep-task-finished,6
---total-task-finished,428
---timestep,94
---t-update,0
---t-init,856
---op-flow,4
---vetex-flow,1475
---op-flow,4
---vertex-flow,1385
---t-lns,11668
---t-done,11672
---timestep-task-finished,3
---total-task-finished,431
---timestep,95
---t-update,0
---t-init,745
---op-flow,4
---vetex-flow,1472
---op-flow,3
---vertex-flow,1388
---t-lns,10832
---t-done,10836
---timestep-task-finished,8
---total-task-finished,439
---timestep,96
---t-update,2
---t-init,2927
---op-flow,5
---vetex-flow,1561
---op-flow,3
---vertex-flow,1467
---t-lns,13357
---t-done,13362
---timestep-task-finished,5
---total-task-finished,444
---timestep,97
---t-update,0
---t-init,690
---op-flow,9
---vetex-flow,1549
---op-flow,3
---vertex-flow,1449
---t-lns,11391
---t-done,11395
---timestep-task-finished,6
---total-task-finished,450
---timestep,98
---t-update,1
---t-init,1138
---op-flow,8
---vetex-flow,1531
---op-flow,8
---vertex-flow,1440
---t-lns,16114
---t-done,16116
---timestep-task-finished,1
---total-task-finished,451
---timestep,99
---t-update,0
---t-init,420
---op-flow,11
---vetex-flow,1461
---op-flow,5
---vertex-flow,1378
---t-lns,8087
---t-done,8089
---timestep-task-finished,6
---total-task-finished,457
---timestep,100
---t-update,1
---t-init,1033
---op-flow,7
---vetex-flow,1474
---op-flow,2
---vertex-flow,1356
---t-lns,9065
---t-done,9069
---timestep-task-finished,6
---total-task-finished,463
---timestep,101
---t-update,1
---t-init,1365
---op-flow,5
---vetex-flow,1439
---op-flow,4
---vertex-flow,1379
---t-lns,13342
---t-done,13346
---timestep-task-finished,6
---total-task-finished,469
---timestep,102
---t-update,1
---t-init,1729
---op-flow,6
---vetex-flow,1494
---op-flow,4
---vertex-flow,1418
---t-lns,10464
---t-done,10466
---timestep-task-finished,4
---total-task-finished,473
---timestep,103
---t-update,0
---t-init,563
---op-flow,4
---vetex-flow,1479
---op-flow,2
---vertex-flow,1398
---t-lns,17506
---t-done,17510
---timestep-task-finished,5
---total-task-finished,478
---timestep,104
---t-update,1
---t-init,1616
---op-flow,5
---vetex-flow,1476
---op-flow,2
---vertex-flow,1356
---t-lns,10322
---t-done,10324
---timestep-task-finished,3
---total-task-finished,481
---timestep,105
---t-update,0
---t-init,354
---op-flow,3
---vetex-flow,1414
---op-flow,3
---vertex-flow,1365
---t-lns,9426
---t-done,9429
---timestep-task-finished,4
---total-task-finished,485
---timestep,106
---t-update,0
---t-init,693
---op-flow,3
---vetex-flow,1433
---op-flow,2
---vertex-flow,1357
---t-lns,13623
---t-done,13628
---timestep-task-finished,6
---total-task-finished,491
---timestep,107
---t-update,0
---t-init,972
---op-flow,2
---vetex-flow,1446
---op-flow,2
---vertex-flow,1334
---t-lns,9604
---t-done,9606
---timestep-task-finished,5
---total-task-finished,496
---timestep,108
---t-update,0
---t-init,805
---op-flow,8
---vetex-flow,1423
---op-flow,3
---vertex-flow,1324
---t-lns,16142
---t-done,16144
---timestep-task-finished,6
---total-task-finished,502
---timestep,109
---t-update,1
---t-init,1051
---op-flow,3
---vetex-flow,1424
---op-flow,1
---vertex-flow,1342
---t-lns,7997
---t-done,8000
---timestep-task-finished,9
---total-task-finished,511
---timestep,110
---t-update,0
---t-init,682
---op-flow,4
---vetex-flow,1470
---op-flow,2
---vertex-flow,1391
---t-lns,10595
---t-done,10600
---timestep-task-finished,5
---total-task-finished,516
---timestep,111
---t-update,0
---t-init,834
---op-flow,3
---vetex-flow,1475
---op-flow,3
---vertex-flow,1440
---t-lns,12545
---t-done,12549
---timestep-task-finished,7
---total-task-finished,523
---timestep,112
---t-update,1
---t-init,1267
---op-flow,3
---vetex-flow,1543
---op-flow,2
---vertex-flow,1443
---t-lns,12101
---t-done,12104
---timestep-task-finished,7
---total-task-finished,530
---timestep,113
---t-update,1
---t-init,1912
---op-flow,2
---vetex-flow,1570
---op-flow,1
---vertex-flow,1475
---t-lns,12184
---t-done,12188
---timestep-task-finished,2
---total-task-finished,532
---timestep,114
---t-update,0
---t-init,581
---op-flow,2
---vetex-flow,1502
---op-flow,2
---vertex-flow,1446
---t-lns,9688
---t-done,9690
---timestep-task-finished,4
---total-task-finished,536
---timestep,115
---t-update,0
---t-init,388
---op-flow,19
---vetex-flow,1495
---op-flow,19
---vertex-flow,1370
---t-lns,8768
---t-done,8770
---timestep-task-finished,6
---total-task-finished,542
---timestep,116
---t-update,1
---t-init,1586
---op-flow,20
---vetex-flow,1465
---op-flow,3
---vertex-flow,1371
---t-lns,14702
---t-done,14704
---timestep-task-finished,1
---total-task-finished,543
---timestep,117
---t-update,0
---t-init,100
---op-flow,3
---vetex-flow,1377
---op-flow,2
---vertex-flow,1296
---t-lns,6904
---t-done,6906
---timestep-task-finished,4
---total-task-finished,547
---timestep,118
---t-update,0
---t-init,760
---op-flow,2
---vetex-flow,1358
---op-flow,2
---vertex-flow,1264
---t-lns,9838
---t-done,9842
---timestep-task-finished,7
---total-task-finished,554
---timestep,119
---t-update,2
---t-init,2325
---op-flow,9
---vetex-flow,1380
---op-flow,6
---vertex-flow,1283
---t-lns,10399
---t-done,10401
---timestep-task-finished,5
---total-task-finished,559
---timestep,120
---t-update,0
---t-init,729
---op-flow,7
---vetex-flow,1378
---op-flow,7
---vertex-flow,1304
---t-lns,7347
---t-done,7348
---timestep-task-finished,2
---total-task-finished,561
---timestep,121
---t-update,0
---t-init,132
---op-flow,7
---vetex-flow,1320
---op-flow,4
---vertex-flow,1239
---t-lns,10083
---t-done,10090
---timestep-task-finished,6
---total-task-finished,567
---timestep,122
---t-update,1
---t-init,1230
---op-flow,4
---vetex-flow,1347
---op-flow,2
---vertex-flow,1258
---t-lns,11642
---t-done,11646
---timestep-task-finished,7
---total-task-finished,574
---timestep,123
---t-update,1
---t-init,1024
---op-flow,2
---vetex-flow,1361
---op-flow,1
---vertex-flow,1309
---t-lns,9223
---t-done,9229
---timestep-task-finished,2
---total-task-finished,576
---timestep,124
---t-update,0
---t-init,341
---op-flow,1
---vetex-flow,1340
---op-flow,1
---vertex-flow,1234
---t-lns,10701
---t-done,10704
---timestep-task-finished,5
---total-task-finished,581
---timestep,125
---t-update,1
---t-init,1080
---op-flow,1
---vetex-flow,1298
---op-flow,0
---vertex-flow,1217
---t-lns,9525
---t-done,9528
---timestep-task-finished,5
---total-task-finished,586
---timestep,126
---t-update,0
---t-init,904
---op-flow,1
---vetex-flow,1285
---op-flow,1
---vertex-flow,1208
---t-lns,8841
---t-done,8844
---timestep-task-finished,8
---total-task-finished,594
---timestep,127
---t-update,1
---t-init,1117
---op-flow,4
---vetex-flow,1324
---op-flow,3
---vertex-flow,1304
---t-lns,10260
---t-done,10265
---timestep-task-finished,3
---total-task-finished,597
---timestep,128
---t-update,0
---t-init,946
---op-flow,8
---vetex-flow,1333
---op-flow,7
---vertex-flow,1167
---t-lns,12019
---t-done,12022
---timestep-task-finished,6
---total-task-finished,603
---timestep,129
---t-update,0
---t-init,730
---op-flow,8
---vetex-flow,1256
---op-flow,5
---vertex-flow,1160
---t-lns,9355
---t-done,9360
---timestep-task-finished,7
---total-task-finished,610
---timestep,130
---t-update,2
---t-init,2136
---op-flow,16
---vetex-flow,1267
---op-flow,10
---vertex-flow,1175
---t-lns,14189
---t-done,14191
---timestep-task-finished,6
---total-task-finished,616
---timestep,131
---t-update,1
---t-init,1210
---op-flow,11
---vetex-flow,1294
---op-flow,4
---vertex-flow,1215
---t-lns,12109
---t-done,12113
---timestep-task-finished,8
---total-task-finished,624
---timestep,132
---t-update,1
---t-init,1673
---op-flow,4
---vetex-flow,1399
---op-flow,2
---vertex-flow,1287
---t-lns,9981
---t-done,9984
---timestep-task-finished,8
---total-task-finished,632
---timestep,133
---t-update,0
---t-init,801
---op-flow,2
---vetex-flow,1426
---op-flow,1
---vertex-flow,1363
---t-lns,11809
---t-done,11814
---timestep-task-finished,6
---total-task-finished,638
---timestep,134
---t-update,0
---t-init,992
---op-flow,3
---vetex-flow,1466
---op-flow,0
---vertex-flow,1373
---t-lns,9958
---t-done,9962
---timestep-task-finished,11
---total-task-finished,649
---timestep,135
---t-update,2
---t-init,2930
---op-flow,10
---vetex-flow,1590
---op-flow,6
---vertex-flow,1510
---t-lns,10983
---t-done,10988
---timestep-task-finished,3
---total-task-finished,652
---timestep,136
---t-update,0
---t-init,405
---op-flow,6
---vetex-flow,1532
---op-flow,2
---vertex-flow,1417
---t-lns,10057
---t-done,10058
---timestep-task-finished,4
---total-task-finished,656
---timestep,137
---t-update,0
---t-init,397
---op-flow,7
---vetex-flow,1467
---op-flow,5
---vertex-flow,1369
---t-lns,8977
---t-done,8980
---timestep-task-finished,6
---total-task-finished,662
---timestep,138
---t-update,0
---t-init,583
---op-flow,25
---vetex-flow,1465
---op-flow,18
---vertex-flow,1369
---t-lns,14360
---t-done,14364
---timestep-task-finished,3
---total-task-finished,665
---timestep,139
---t-update,1
---t-init,1035
---op-flow,18
---vetex-flow,1468
---op-flow,15
---vertex-flow,1400
---t-lns,11849
---t-done,11852
---timestep-task-finished,5
---total-task-finished,670
---timestep,140
---t-update,1
---t-init,1866
---op-flow,15
---vetex-flow,1524
---op-flow,9
---vertex-flow,1453
---t-lns,17921
---t-done,17927
---timestep-task-finished,3
---total-task-finished,673
---timestep,141
---t-update,0
---t-init,866
---op-flow,9
---vetex-flow,1496
---op-flow,0
---vertex-flow,1400
---t-lns,10046
---t-done,10049
---timestep-task-finished,8
---total-task-finished,681
---timestep,142
---t-update,1
---t-init,1854
---op-flow,4
---vetex-flow,1524
---op-flow,4
---vertex-flow,1423
---t-lns,15872
---t-done,15877
---timestep-task-finished,2
---total-task-finished,683
---timestep,143
---t-update,0
---t-init,439
---op-flow,7
---vetex-flow,1444
---op-flow,2
---vertex-flow,1356
---t-lns,9505
---t-done,9507
---timestep-task-finished,4
---total-task-finished,687
---timestep,144
---t-update,0
---t-init,991
---op-flow,2
---vetex-flow,1442
---op-flow,2
---vertex-flow,1366
---t-lns,9531
---t-done,9534
---timestep-task-finished,3
---total-task-finished,690
---timestep,145
---t-update,0
---t-init,792
---op-flow,2
---vetex-flow,1411
---op-flow,1
---vertex-flow,1358
---t-lns,14916
---t-done,14920
---timestep-task-finished,4
---total-task-finished,694
---timestep,146
---t-update,1
---t-init,1508
---op-flow,2
---vetex-flow,1434
---op-flow,2
---vertex-flow,1327
---t-lns,11172
---t-done,11174
---timestep-task-finished,7
---total-task-finished,701
---timestep,147
---t-update,0
---t-init,661
---op-flow,10
---vetex-flow,1410
---op-flow,5
---vertex-flow,1314
---t-lns,14564
---t-done,14568
---timestep-task-finished,8
---total-task-finished,709
---timestep,148
---t-update,1
---t-init,1326
---op-flow,7
---vetex-flow,1418
---op-flow,6
---vertex-flow,1294
---t-lns,8593
---t-done,8595
---timestep-task-finished,5
---total-task-finished,714
---timestep,149
---t-update,0
---t-init,664
---op-flow,11
---vetex-flow,1387
---op-flow,3
---vertex-flow,1313
---t-lns,10171
---t-done,10174
---timestep-task-finished,5
---total-task-finished,719
---timestep,150
---t-update,1
---t-init,1265
---op-flow,9
---vetex-flow,1366
---op-flow,7
---vertex-flow,1279
---t-lns,13110
---t-done,13114
---timestep-task-finished,4
---total-task-finished,723
---timestep,151
---t-update,0
---t-init,890
---op-flow,8
---vetex-flow,1356
---op-flow,6
---vertex-flow,1280
---t-lns,10239
---t-done,10243
---timestep-task-finished,2
---total-task-finished,725
---timestep,152
---t-update,0
---t-init,359
---op-flow,10
---vetex-flow,1307
---op-flow,5
---vertex-flow,1220
---t-lns,11650
---t-done,11656
---timestep-task-finished,7
---total-task-finished,732
---timestep,153
---t-update,1
---t-init,1453
---op-flow,22
---vetex-flow,1298
---op-flow,11
---vertex-flow,1191
---t-lns,9474
---t-done,9478
---timestep-task-finished,6
---total-task-finished,738
---timestep,154
---t-update,0
---t-init,920
---op-flow,31
---vetex-flow,1295
---op-flow,16
---vertex-flow,1258
---t-lns,11325
---t-done,11329
---timestep-task-finished,8
---total-task-finished,746
---timestep,155
---t-update,1
---t-init,1836
---op-flow,16
---vetex-flow,1396
---op-flow,6
---vertex-flow,1337
---t-lns,16365
---t-done,16372
---timestep-task-finished,3
---total-task-finished,749
---timestep,156
---t-update,0
---t-init,600
---op-flow,12
---vetex-flow,1391
---op-flow,9
---vertex-flow,1304
---t-lns,11655
---t-done,11658
---timestep-task-finished,7
---total-task-finished,756
---timestep,157
---t-update,1
---t-init,1552
---op-flow,14
---vetex-flow,1421
---op-flow,8
---vertex-flow,1353
---t-lns,12971
---t-done,12975
---timestep-task-finished,8
---total-task-finished,764
---timestep,158
---t-update,0
---t-init,489
---op-flow,11
---vetex-flow,1440
---op-flow,10
---vertex-flow,1359
---t-lns,7921
---t-done,7925
---timestep-task-finished,5
---total-task-finished,769
---timestep,159
---t-update,1
---t-init,1038
---op-flow,14
---vetex-flow,1456
---op-flow,9
---vertex-flow,1377
---t-lns,11481
---t-done,11484
---timestep-task-finished,3
---total-task-finished,772
---timestep,160
---t-update,1
---t-init,1285
---op-flow,10
---vetex-flow,1446
---op-flow,4
---vertex-flow,1331
---t-lns,14889
---t-done,14892
---timestep-task-finished,3
---total-task-finished,775
---timestep,161
---t-update,1
---t-init,1284
---op-flow,4
---vetex-flow,1387
---op-flow,4
---vertex-flow,1304
---t-lns,9365
---t-done,9367
---timestep-task-finished,6
---total-task-finished,781
---timestep,162
---t-update,0
---t-init,184
---op-flow,4
---vetex-flow,1335
---op-flow,4
---vertex-flow,1257
---t-lns,9466
---t-done,9470
---timestep-task-finished,4
---total-task-finished,785
---timestep,163
---t-update,0
---t-init,839
---op-flow,6
---vetex-flow,1300
---op-flow,4
---vertex-flow,1213
---t-lns,8059
---t-done,8060
---timestep-task-finished,5
---total-task-finished,790
---timestep,164
---t-update,1
---t-init,1197
---op-flow,4
---vetex-flow,1322
---op-flow,3
---vertex-flow,1229
---t-lns,9123
---t-done,9126
---timestep-task-finished,9
---total-task-finished,799
---timestep,165
---t-update,1
---t-init,1430
---op-flow,3
---vetex-flow,1392
---op-flow,3
---vertex-flow,1316
---t-lns,7676
---t-done,7684
---timestep-task-finished,6
---total-task-finished,805
---timestep,166
---t-update,1
---t-init,1427
---op-flow,4
---vetex-flow,1398
---op-flow,4
---vertex-flow,1332
---t-lns,11772
---t-done,11774
---timestep-task-finished,2
---total-task-finished,807
---timestep,167
---t-update,0
---t-init,511
---op-flow,9
---vetex-flow,1374
---op-flow,7
---vertex-flow,1314
---t-lns,10056
---t-done,10059
---timestep-task-finished,6
---total-task-finished,813
---timestep,168
---t-update,2
---t-init,2161
---op-flow,11
---vetex-flow,1436
---op-flow,6
---vertex-flow,1349
---t-lns,11409
---t-done,11413
---timestep-task-finished,4
---total-task-finished,817
---timestep,169
---t-update,0
---t-init,556
---op-flow,10
---vetex-flow,1403
---op-flow,4
---vertex-flow,1297
---t-lns,7124
---t-done,7127
---timestep-task-finished,8
---total-task-finished,825
---timestep,170
---t-update,2
---t-init,2067
---op-flow,5
---vetex-flow,1468
---op-flow,4
---vertex-flow,1370
---t-lns,9451
---t-done,9455
---timestep-task-finished,6
---total-task-finished,831
---timestep,171
---t-update,1
---t-init,1087
---op-flow,6
---vetex-flow,1490
---op-flow,4
---vertex-flow,1394
---t-lns,12120
---t-done,12125
---timestep-task-finished,1
---total-task-finished,832
---timestep,172
---t-update,0
---t-init,168
---op-flow,4
---vetex-flow,1414
---op-flow,3
---vertex-flow,1309
---t-lns,6741
---t-done,6742
---timestep-task-finished,10
---total-task-finished,842
---timestep,173
---t-update,1
---t-init,1405
---op-flow,5
---vetex-flow,1436
---op-flow,4
---vertex-flow,1347
---t-lns,8874
---t-done,8879
---timestep-task-finished,5
---total-task-finished,847
---timestep,174
---t-update,0
---t-init,786
---op-flow,7
---vetex-flow,1433
---op-flow,6
---vertex-flow,1330
---t-lns,8244
---t-done,8247
---timestep-task-finished,6
---total-task-finished,853
---timestep,175
---t-update,0
---t-init,840
---op-flow,7
---vetex-flow,1437
---op-flow,5
---vertex-flow,1323
---t-lns,8354
---t-done,8357
---timestep-task-finished,6
---total-task-finished,859
---timestep,176
---t-update,1
---t-init,1799
---op-flow,7
---vetex-flow,1429
---op-flow,5
---vertex-flow,1352
---t-lns,12502
---t-done,12504
---timestep-task-finished,6
---total-task-finished,865
---timestep,177
---t-update,0
---t-init,942
---op-flow,10
---vetex-flow,1449
---op-flow,5
---vertex-flow,1333
---t-lns,6264
---t-done,6266
---timestep-task-finished,9
---total-task-finished,874
---timestep,178
---t-update,1
---t-init,1497
---op-flow,5
---vetex-flow,1536
---op-flow,5
---vertex-flow,1464
---t-lns,9155
---t-done,9159
---timestep-task-finished,5
---total-task-finished,879
---timestep,179
---t-update,0
---t-init,658
---op-flow,10
---vetex-flow,1551
---op-flow,7
---vertex-flow,1458
---t-lns,7312
---t-done,7314
---timestep-task-finished,6
---total-task-finished,885
---timestep,180
---t-update,1
---t-init,1420
---op-flow,9
---vetex-flow,1580
---op-flow,6
---vertex-flow,1494
---t-lns,7544
---t-done,7546
---timestep-task-finished,6
---total-task-finished,891
---timestep,181
---t-update,1
---t-init,1261
---op-flow,10
---vetex-flow,1586
---op-flow,5
---vertex-flow,1498
---t-lns,12036
---t-done,12042
---timestep-task-finished,3
---total-task-finished,894
---timestep,182
---t-update,0
---t-init,259
---op-flow,5
---vetex-flow,1524
---op-flow,3
---vertex-flow,1416
---t-lns,10714
---t-done,10717
---timestep-task-finished,3
---total-task-finished,897
---timestep,183
---t-update,0
---t-init,677
---op-flow,3
---vetex-flow,1473
---op-flow,3
---vertex-flow,1421
---t-lns,11712
---t-done,11715
---timestep-task-finished,5
---total-task-finished,902
---timestep,184
---t-update,0
---t-init,680
---op-flow,4
---vetex-flow,1481
---op-flow,2
---vertex-flow,1394
---t-lns,11628
---t-done,11632
---timestep-task-finished,8
---total-task-finished,910
---timestep,185
---t-update,1
---t-init,1384
---op-flow,3
---vetex-flow,1507
---op-flow,1
---vertex-flow,1405
---t-lns,9827
---t-done,9830
---timestep-task-finished,4
---total-task-finished,914
---timestep,186
---t-update,1
---t-init,1103
---op-flow,0
---vetex-flow,1471
---op-flow,0
---vertex-flow,1401
---t-lns,7920
---t-done,7923
---timestep-task-finished,6
---total-task-finished,920
---timestep,187
---t-update,0
---t-init,872
---op-flow,18
---vetex-flow,1492
---op-flow,5
---vertex-flow,1396
---t-lns,12798
---t-done,12802
---timestep-task-finished,5
---total-task-finished,925
---timestep,188
---t-update,0
---t-init,814
---op-flow,5
---vetex-flow,1499
---op-flow,3
---vertex-flow,1453
---t-lns,10163
---t-done,10167
---timestep-task-finished,7
---total-task-finished,932
---timestep,189
---t-update,1
---t-init,1639
---op-flow,5
---vetex-flow,1571
---op-flow,4
---vertex-flow,1499
---t-lns,11168
---t-done,11170
---timestep-task-finished,3
---total-task-finished,935
---timestep,190
---t-update,0
---t-init,322
---op-flow,4
---vetex-flow,1539
---op-flow,4
---vertex-flow,1453
---t-lns,10403
---t-done,10405
---timestep-task-finished,1
---total-task-finished,936
---timestep,191
---t-update,0
---t-init,202
---op-flow,4
---vetex-flow,1468
---op-flow,4
---vertex-flow,1358
---t-lns,8048
---t-done,8050
---timestep-task-finished,4
---total-task-finished,940
---timestep,192
---t-update,1
---t-init,1091
---op-flow,6
---vetex-flow,1425
---op-flow,4
---vertex-flow,1376
---t-lns,14503
---t-done,14507
---timestep-task-finished,5
---total-task-finished,945
---timestep,193
---t-update,1
---t-init,1110
---op-flow,17
---vetex-flow,1488
---op-flow,14
---vertex-flow,1373
---t-lns,9626
---t-done,9630
---timestep-task-finished,3
---total-task-finished,948
---timestep,194
---t-update,0
---t-init,859
---op-flow,18
---vetex-flow,1433
---op-flow,12
---vertex-flow,1344
---t-lns,11597
---t-done,11601
---timestep-task-finished,4
---total-task-finished,952
---timestep,195
---t-update,1
---t-init,1621
---op-flow,12
---vetex-flow,1456
---op-flow,9
---vertex-flow,1400
---t-lns,13977
---t-done,13980
---timestep-task-finished,6
---total-task-finished,958
---timestep,196
---t-update,1
---t-init,1583
---op-flow,9
---vetex-flow,1519
---op-flow,9
---vertex-flow,1452
---t-lns,13819
---t-done,13825
---timestep-task-finished,4
---total-task-finished,962
---timestep,197
---t-update,1
---t-init,1589
---op-flow,9
---vetex-flow,1529
---op-flow,2
---vertex-flow,1431
---t-lns,10854
---t-done,10855
---timestep-task-finished,3
---total-task-finished,965
---timestep,198
---t-update,0
---t-init,550
---op-flow,2
---vetex-flow,1485
---op-flow,1
---vertex-flow,1375
---t-lns,9340
---t-done,9342
---timestep-task-finished,4
---total-task-finished,969
---timestep,199
---t-update,0
---t-init,614
---op-flow,2
---vetex-flow,1436
---op-flow,1
---vertex-flow,1367
---t-lns,13975
---t-done,13979
---timestep-task-finished,5
---total-task-finished,974
---timestep,200
---t-update,0
---t-init,925
---op-flow,7
---vetex-flow,1429
---op-flow,7
---vertex-flow,1334
---t-lns,10931
---t-done,10934
---timestep-task-finished,4
---total-task-finished,978
---timestep,201
---t-update,0
---t-init,988
---op-flow,7
---vetex-flow,1410
---op-flow,6
---vertex-flow,1264
---t-lns,10816
---t-done,10818
---timestep-task-finished,5
---total-task-finished,983
---timestep,202
---t-update,0
---t-init,570
---op-flow,8
---vetex-flow,1363
---op-flow,5
---vertex-flow,1319
---t-lns,9772
---t-done,9777
---timestep-task-finished,6
---total-task-finished,989
---timestep,203
---t-update,0
---t-init,863
---op-flow,5
---vetex-flow,1396
---op-flow,0
---vertex-flow,1302
---t-lns,9727
---t-done,9730
---timestep-task-finished,1
---total-task-finished,990
---timestep,204
---t-update,0
---t-init,523
---op-flow,0
---vetex-flow,1339
---op-flow,0
---vertex-flow,1238
---t-lns,11130
---t-done,11132
---timestep-task-finished,4
---total-task-finished,994
---timestep,205
---t-update,1
---t-init,1392
---op-flow,51
---vetex-flow,1286
---op-flow,41
---vertex-flow,1204
---t-lns,9036
---t-done,9038
---timestep-task-finished,2
---total-task-finished,996
---timestep,206
---t-update,0
---t-init,232
---op-flow,41
---vetex-flow,1249
---op-flow,29
---vertex-flow,1131
---t-lns,7893
---t-done,7895
---timestep-task-finished,5
---total-task-finished,1001
---timestep,207
---t-update,1
---t-init,1369
---op-flow,33
---vetex-flow,1244
---op-flow,21
---vertex-flow,1173
---t-lns,10075
---t-done,10080
---timestep-task-finished,11
---total-task-finished,1012
---timestep,208
---t-update,3
---t-init,3056
---op-flow,25
---vetex-flow,1358
---op-flow,10
---vertex-flow,1230
---t-lns,11404
---t-done,11410
---timestep-task-finished,4
---total-task-finished,1016
---timestep,209
---t-update,0
---t-init,991
---op-flow,10
---vetex-flow,1322
---op-flow,4
---vertex-flow,1202
---t-lns,8313
---t-done,8315
---timestep-task-finished,4
---total-task-finished,1020
---timestep,210
---t-update,0
---t-init,448
---op-flow,20
---vetex-flow,1275
---op-flow,15
---vertex-flow,1204
---t-lns,8850
---t-done,8854
---timestep-task-finished,4
---total-task-finished,1024
---timestep,211
---t-update,0
---t-init,700
---op-flow,16
---vetex-flow,1268
---op-flow,5
---vertex-flow,1204
---t-lns,11879
---t-done,11881
---timestep-task-finished,6
---total-task-finished,1030
---timestep,212
---t-update,1
---t-init,1934
---op-flow,7
---vetex-flow,1377
---op-flow,5
---vertex-flow,1282
---t-lns,11685
---t-done,11688
---timestep-task-finished,7
---total-task-finished,1037
---timestep,213
---t-update,2
---t-init,2255
---op-flow,19
---vetex-flow,1391
---op-flow,9
---vertex-flow,1310
---t-lns,14694
---t-done,14700
---timestep-task-finished,11
---total-task-finished,1048
---timestep,214
---t-update,2
---t-init,2835
---op-flow,9
---vetex-flow,1575
---op-flow,6
---vertex-flow,1464
---t-lns,12455
---t-done,12461
---timestep-task-finished,4
---total-task-finished,1052
---timestep,215
---t-update,1
---t-init,1208
---op-flow,12
---vetex-flow,1537
---op-flow,6
---vertex-flow,1459
---t-lns,18162
---t-done,18165
---timestep-task-finished,5
---total-task-finished,1057
---timestep,216
---t-update,1
---t-init,1871
---op-flow,8
---vetex-flow,1587
---op-flow,5
---vertex-flow,1519
---t-lns,11854
---t-done,11859
---timestep-task-finished,7
---total-task-finished,1064
---timestep,217
---t-update,1
---t-init,1459
---op-flow,7
---vetex-flow,1637
---op-flow,4
---vertex-flow,1547
---t-lns,12785
---t-done,12788
---timestep-task-finished,4
---total-task-finished,1068
---timestep,218
---t-update,0
---t-init,473
---op-flow,9
---vetex-flow,1610
---op-flow,4
---vertex-flow,1503
---t-lns,11544
---t-done,11545
---timestep-task-finished,7
---total-task-finished,1075
---timestep,219
---t-update,1
---t-init,1016
---op-flow,4
---vetex-flow,1615
---op-flow,3
---vertex-flow,1522
---t-lns,11671
---t-done,11676
---timestep-task-finished,4
---total-task-finished,1079
---timestep,220
---t-update,1
---t-init,1332
---op-flow,7
---vetex-flow,1635
---op-flow,5
---vertex-flow,1551
---t-lns,14066
---t-done,14070
---timestep-task-finished,7
---total-task-finished,1086
---timestep,221
---t-update,1
---t-init,1269
---op-flow,8
---vetex-flow,1687
---op-flow,5
---vertex-flow,1611
---t-lns,13218
---t-done,13223
---timestep-task-finished,5
---total-task-finished,1091
---timestep,222
---t-update,1
---t-init,1093
---op-flow,6
---vetex-flow,1696
---op-flow,6
---vertex-flow,1589
---t-lns,15272
---t-done,15275
---timestep-task-finished,3
---total-task-finished,1094
---timestep,223
---t-update,0
---t-init,764
---op-flow,8
---vetex-flow,1648
---op-flow,7
---vertex-flow,1568
---t-lns,12902
---t-done,12905
---timestep-task-finished,3
---total-task-finished,1097
---timestep,224
---t-update,1
---t-init,1033
---op-flow,7
---vetex-flow,1622
---op-flow,5
---vertex-flow,1564
---t-lns,14848
---t-done,14850
---timestep-task-finished,8
---total-task-finished,1105
---timestep,225
---t-update,1
---t-init,1297
---op-flow,11
---vetex-flow,1708
---op-flow,7
---vertex-flow,1619
---t-lns,11994
---t-done,11997
---timestep-task-finished,2
---total-task-finished,1107
---timestep,226
---t-update,0
---t-init,389
---op-flow,7
---vetex-flow,1651
---op-flow,7
---vertex-flow,1617
---t-lns,16432
---t-done,16434
---timestep-task-finished,4
---total-task-finished,1111
---timestep,227
---t-update,0
---t-init,495
---op-flow,12
---vetex-flow,1661
---op-flow,10
---vertex-flow,1559
---t-lns,9913
---t-done,9915
---timestep-task-finished,7
---total-task-finished,1118
---timestep,228
---t-update,1
---t-init,1454
---op-flow,20
---vetex-flow,1629
---op-flow,11
---vertex-flow,1527
---t-lns,16520
---t-done,16523
---timestep-task-finished,2
---total-task-finished,1120
---timestep,229
---t-update,0
---t-init,643
---op-flow,11
---vetex-flow,1582
---op-flow,8
---vertex-flow,1498
---t-lns,8286
---t-done,8287
---timestep-task-finished,8
---total-task-finished,1128
---timestep,230
---t-update,0
---t-init,516
---op-flow,9
---vetex-flow,1604
---op-flow,5
---vertex-flow,1533
---t-lns,11590
---t-done,11593
---timestep-task-finished,5
---total-task-finished,1133
---timestep,231
---t-update,1
---t-init,1148
---op-flow,7
---vetex-flow,1635
---op-flow,5
---vertex-flow,1556
---t-lns,12994
---t-done,12999
---timestep-task-finished,4
---total-task-finished,1137
---timestep,232
---t-update,0
---t-init,700
---op-flow,11
---vetex-flow,1605
---op-flow,6
---vertex-flow,1525
---t-lns,9461
---t-done,9463
---timestep-task-finished,3
---total-task-finished,1140
---timestep,233
---t-update,0
---t-init,482
---op-flow,7
---vetex-flow,1553
---op-flow,5
---vertex-flow,1467
---t-lns,9079
---t-done,9082
---timestep-task-finished,5
---total-task-finished,1145
---timestep,234
---t-update,0
---t-init,829
---op-flow,5
---vetex-flow,1530
---op-flow,4
---vertex-flow,1438
---t-lns,12068
---t-done,12071
---timestep-task-finished,4
---total-task-finished,1149
---timestep,235
---t-update,0
---t-init,830
---op-flow,11
---vetex-flow,1504
---op-flow,5
---vertex-flow,1448
---t-lns,9036
---t-done,9043
---timestep-task-finished,3
---total-task-finished,1152
---timestep,236
---t-update,0
---t-init,722
---op-flow,5
---vetex-flow,1492
---op-flow,4
---vertex-flow,1421
---t-lns,16105
---t-done,16108
---timestep-task-finished,3
---total-task-finished,1155
---timestep,237
---t-update,0
---t-init,734
---op-flow,4
---vetex-flow,1481
---op-flow,3
---vertex-flow,1434
---t-lns,7866
---t-done,7868
---timestep-task-finished,5
---total-task-finished,1160
---timestep,238
---t-update,1
---t-init,1539
---op-flow,8
---vetex-flow,1544
---op-flow,6
---vertex-flow,1438
---t-lns,13117
---t-done,13120
---timestep-task-finished,7
---total-task-finished,1167
---timestep,239
---t-update,1
---t-init,1863
---op-flow,6
---vetex-flow,1583
---op-flow,2
---vertex-flow,1500
---t-lns,13039
---t-done,13045
---timestep-task-finished,5
---total-task-finished,1172
---timestep,240
---t-update,0
---t-init,931
---op-flow,7
---vetex-flow,1571
---op-flow,5
---vertex-flow,1457
---t-lns,11475
---t-done,11478
---timestep-task-finished,1
---total-task-finished,1173
---timestep,241
---t-update,0
---t-init,265
---op-flow,5
---vetex-flow,1478
---op-flow,3
---vertex-flow,1367
---t-lns,6685
---t-done,6692
---timestep-task-finished,1
---total-task-finished,1174
---timestep,242
---t-update,0
---t-init,59
---op-flow,3
---vetex-flow,1371
---op-flow,3
---vertex-flow,1346
---t-lns,11877
---t-done,11878
---timestep-task-finished,6
---total-task-finished,1180
---timestep,243
---t-update,1
---t-init,1375
---op-flow,4
---vetex-flow,1489
---op-flow,4
---vertex-flow,1352
---t-lns,8615
---t-done,8618
---timestep-task-finished,2
---total-task-finished,1182
---timestep,244
---t-update,0
---t-init,462
---op-flow,4
---vetex-flow,1393
---op-flow,4
---vertex-flow,1296
---t-lns,9416
---t-done,9417
---timestep-task-finished,5
---total-task-finished,1187
---timestep,245
---t-update,1
---t-init,1035
---op-flow,4
---vetex-flow,1393
---op-flow,2
---vertex-flow,1308
---t-lns,10713
---t-done,10717
---timestep-task-finished,5
---total-task-finished,1192
---timestep,246
---t-update,0
---t-init,970
---op-flow,6
---vetex-flow,1389
---op-flow,4
---vertex-flow,1297
---t-lns,8481
---t-done,8484
---timestep-task-finished,7
---total-task-finished,1199
---timestep,247
---t-update,1
---t-init,1634
---op-flow,12
---vetex-flow,1411
---op-flow,8
---vertex-flow,1341
---t-lns,14628
---t-done,14632
---timestep-task-finished,7
---total-task-finished,1206
---timestep,248
---t-update,1
---t-init,1242
---op-flow,11
---vetex-flow,1428
---op-flow,8
---vertex-flow,1340
---t-lns,11986
---t-done,11990
---timestep-task-finished,8
---total-task-finished,1214
---timestep,249
---t-update,2
---t-init,2345
---op-flow,10
---vetex-flow,1527
---op-flow,6
---vertex-flow,1475
---t-lns,13007
---t-done,13013
---timestep-task-finished,1
---total-task-finished,1215
---timestep,250
---t-update,0
---t-init,453
---op-flow,6
---vetex-flow,1498
---op-flow,5
---vertex-flow,1386
---t-lns,12088
---t-done,12090
---timestep-task-finished,3
---total-task-finished,1218
---timestep,251
---t-update,0
---t-init,494
---op-flow,5
---vetex-flow,1420
---op-flow,4
---vertex-flow,1287
---t-lns,6404
---t-done,6407
---timestep-task-finished,8
---total-task-finished,1226
---timestep,252
---t-update,1
---t-init,1267
---op-flow,13
---vetex-flow,1421
---op-flow,2
---vertex-flow,1288
---t-lns,9686
---t-done,9689
---timestep-task-finished,2
---total-task-finished,1228
---timestep,253
---t-update,0
---t-init,379
---op-flow,5
---vetex-flow,1309
---op-flow,1
---vertex-flow,1196
---t-lns,13254
---t-done,13257
---timestep-task-finished,6
---total-task-finished,1234
---timestep,254
---t-update,1
---t-init,1135
---op-flow,21
---vetex-flow,1267
---op-flow,6
---vertex-flow,1174
---t-lns,11783
---t-done,11785
---timestep-task-finished,4
---total-task-finished,1238
---timestep,255
---t-update,0
---t-init,861
---op-flow,5
---vetex-flow,1221
---op-flow,3
---vertex-flow,1132
---t-lns,11951
---t-done,11954
---timestep-task-finished,5
---total-task-finished,1243
---timestep,256
---t-update,1
---t-init,1287
---op-flow,10
---vetex-flow,1204
---op-flow,2
---vertex-flow,1083
---t-lns,9540
---t-done,9542
---timestep-task-finished,11
---total-task-finished,1254
---timestep,257
---t-update,1
---t-init,1877
---op-flow,6
---vetex-flow,1273
---op-flow,2
---vertex-flow,1214
---t-lns,14216
---t-done,14223
---timestep-task-finished,7
---total-task-finished,1261
---timestep,258
---t-update,1
---t-init,1904
---op-flow,2
---vetex-flow,1361
---op-flow,1
---vertex-flow,1266
---t-lns,9751
---t-done,9757
---timestep-task-finished,5
---total-task-finished,1266
---timestep,259
---t-update,0
---t-init,837
---op-flow,7
---vetex-flow,1329
---op-flow,4
---vertex-flow,1272
---t-lns,11489
---t-done,11497
---timestep-task-finished,4
---total-task-finished,1270
---timestep,260
---t-update,1
---t-init,1300
---op-flow,22
---vetex-flow,1361
---op-flow,19
---vertex-flow,1247
---t-lns,10365
---t-done,10367
---timestep-task-finished,4
---total-task-finished,1274
---timestep,261
---t-update,0
---t-init,997
---op-flow,21
---vetex-flow,1362
---op-flow,11
---vertex-flow,1275
---t-lns,5968
---t-done,5971
---timestep-task-finished,10
---total-task-finished,1284
---timestep,262
---t-update,1
---t-init,1699
---op-flow,14
---vetex-flow,1474
---op-flow,10
---vertex-flow,1374
---t-lns,7662
---t-done,7666
---timestep-task-finished,5
---total-task-finished,1289
---timestep,263
---t-update,0
---t-init,608
---op-flow,9
---vetex-flow,1459
---op-flow,7
---vertex-flow,1388
---t-lns,7059
---t-done,7062
---timestep-task-finished,7
---total-task-finished,1296
---timestep,264
---t-update,1
---t-init,1246
---op-flow,8
---vetex-flow,1517
---op-flow,3
---vertex-flow,1424
---t-lns,10225
---t-done,10232
---timestep-task-finished,5
---total-task-finished,1301
---timestep,265
---t-update,1
---t-init,1332
---op-flow,20
---vetex-flow,1521
---op-flow,13
---vertex-flow,1442
---t-lns,13546
---t-done,13551
---timestep-task-finished,4
---total-task-finished,1305
---timestep,266
---t-update,1
---t-init,1125
---op-flow,13
---vetex-flow,1512
---op-flow,11
---vertex-flow,1438
---t-lns,16348
---t-done,16350
---timestep-task-finished,7
---total-task-finished,1312
---timestep,267
---t-update,1
---t-init,1730
---op-flow,11
---vetex-flow,1597
---op-flow,5
---vertex-flow,1524
---t-lns,11264
---t-done,11267
---timestep-task-finished,4
---total-task-finished,1316
---timestep,268
---t-update,1
---t-init,1397
---op-flow,11
---vetex-flow,1584
---op-flow,2
---vertex-flow,1523
---t-lns,17001
---t-done,17006
---timestep-task-finished,4
---total-task-finished,1320
---timestep,269
---t-update,0
---t-init,908
---op-flow,6
---vetex-flow,1598
---op-flow,5
---vertex-flow,1527
---t-lns,11418
---t-done,11422
---timestep-task-finished,7
---total-task-finished,1327
---timestep,270
---t-update,2
---t-init,2936
---op-flow,8
---vetex-flow,1688
---op-flow,7
---vertex-flow,1604
---t-lns,16417
---t-done,16421
---timestep-task-finished,4
---total-task-finished,1331
---timestep,271
---t-update,0
---t-init,597
---op-flow,7
---vetex-flow,1663
---op-flow,5
---vertex-flow,1548
---t-lns,9121
---t-done,9123
---timestep-task-finished,3
---total-task-finished,1334
---timestep,272
---t-update,0
---t-init,630
---op-flow,8
---vetex-flow,1586
---op-flow,4
---vertex-flow,1480
---t-lns,9960
---t-done,9961
---timestep-task-finished,6
---total-task-finished,1340
---timestep,273
---t-update,0
---t-init,557
---op-flow,7
---vetex-flow,1563
---op-flow,6
---vertex-flow,1517
---t-lns,8330
---t-done,8332
---timestep-task-finished,5
---total-task-finished,1345
---timestep,274
---t-update,0
---t-init,846
---op-flow,10
---vetex-flow,1602
---op-flow,6
---vertex-flow,1531
---t-lns,12712
---t-done,12716
---timestep-task-finished,9
---total-task-finished,1354
---timestep,275
---t-update,2
---t-init,2424
---op-flow,14
---vetex-flow,1691
---op-flow,10
---vertex-flow,1580
---t-lns,18085
---t-done,18089
---timestep-task-finished,2
---total-task-finished,1356
---timestep,276
---t-update,0
---t-init,486
---op-flow,10
---vetex-flow,1606
---op-flow,7
---vertex-flow,1532
---t-lns,10261
---t-done,10263
---timestep-task-finished,9
---total-task-finished,1365
---timestep,277
---t-update,1
---t-init,1325
---op-flow,8
---vetex-flow,1661
---op-flow,5
---vertex-flow,1575
---t-lns,12151
---t-done,12153
---timestep-task-finished,4
---total-task-finished,1369
---timestep,278
---t-update,0
---t-init,319
---op-flow,5
---vetex-flow,1620
---op-flow,2
---vertex-flow,1492
---t-lns,8782
---t-done,8784
---timestep-task-finished,4
---total-task-finished,1373
---timestep,279
---t-update,0
---t-init,922
---op-flow,8
---vetex-flow,1551
---op-flow,6
---vertex-flow,1471
---t-lns,11504
---t-done,11506
---timestep-task-finished,2
---total-task-finished,1375
---timestep,280
---t-update,0
---t-init,346
---op-flow,6
---vetex-flow,1499
---op-flow,2
---vertex-flow,1417
---t-lns,13975
---t-done,13979
---timestep-task-finished,0
---total-task-finished,1375
---timestep,281
---t-update,0
---t-init,2
---op-flow,2
---vetex-flow,1417
---op-flow,2
---vertex-flow,1322
---t-lns,9598
---t-done,9599
---timestep-task-finished,5
---total-task-finished,1380
---timestep,282
---t-update,1
---t-init,1459
---op-flow,7
---vetex-flow,1421
---op-flow,6
---vertex-flow,1326
---t-lns,15062
---t-done,15067
---timestep-task-finished,3
---total-task-finished,1383
---timestep,283
---t-update,0
---t-init,345
---op-flow,16
---vetex-flow,1354
---op-flow,11
---vertex-flow,1233
---t-lns,11065
---t-done,11067
---timestep-task-finished,1
---total-task-finished,1384
---timestep,284
---t-update,0
---t-init,418
---op-flow,11
---vetex-flow,1260
---op-flow,6
---vertex-flow,1205
---t-lns,7166
---t-done,7169
---timestep-task-finished,6
---total-task-finished,1390
---timestep,285
---t-update,1
---t-init,1403
---op-flow,8
---vetex-flow,1316
---op-flow,7
---vertex-flow,1242
---t-lns,13019
---t-done,13024
---timestep-task-finished,6
---total-task-finished,1396
---timestep,286
---t-update,1
---t-init,1868
---op-flow,12
---vetex-flow,1375
---op-flow,3
---vertex-flow,1324
---t-lns,11203
---t-done,11206
---timestep-task-finished,8
---total-task-finished,1404
---timestep,287
---t-update,1
---t-init,1425
---op-flow,3
---vetex-flow,1476
---op-flow,1
---vertex-flow,1370
---t-lns,13769
---t-done,13777
---timestep-task-finished,7
---total-task-finished,1411
---timestep,288
---t-update,2
---t-init,2017
---op-flow,1
---vetex-flow,1513
---op-flow,1
---vertex-flow,1418
---t-lns,13687
---t-done,13690
---timestep-task-finished,3
---total-task-finished,1414
---timestep,289
---t-update,1
---t-init,1101
---op-flow,2
---vetex-flow,1483
---op-flow,2
---vertex-flow,1409
---t-lns,8470
---t-done,8471
---timestep-task-finished,6
---total-task-finished,1420
---timestep,290
---t-update,0
---t-init,798
---op-flow,3
---vetex-flow,1525
---op-flow,2
---vertex-flow,1364
---t-lns,7730
---t-done,7732
---timestep-task-finished,5
---total-task-finished,1425
---timestep,291
---t-update,0
---t-init,557
---op-flow,3
---vetex-flow,1427
---op-flow,3
---vertex-flow,1374
---t-lns,9390
---t-done,9392
---timestep-task-finished,6
---total-task-finished,1431
---timestep,292
---t-update,1
---t-init,1601
---op-flow,8
---vetex-flow,1472
---op-flow,7
---vertex-flow,1412
---t-lns,11986
---t-done,11987
---timestep-task-finished,5
---total-task-finished,1436
---timestep,293
---t-update,0
---t-init,857
---op-flow,11
---vetex-flow,1491
---op-flow,5
---vertex-flow,1391
---t-lns,9328
---t-done,9331
---timestep-task-finished,5
---total-task-finished,1441
---timestep,294
---t-update,1
---t-init,1180
---op-flow,5
---vetex-flow,1492
---op-flow,3
---vertex-flow,1397
---t-lns,10701
---t-done,10705
---timestep-task-finished,5
---total-task-finished,1446
---timestep,295
---t-update,0
---t-init,912
---op-flow,6
---vetex-flow,1481
---op-flow,3
---vertex-flow,1384
---t-lns,9566
---t-done,9570
---timestep-task-finished,8
---total-task-finished,1454
---timestep,296
---t-update,2
---t-init,2845
---op-flow,7
---vetex-flow,1511
---op-flow,7
---vertex-flow,1405
---t-lns,18928
---t-done,18932
---timestep-task-finished,4
---total-task-finished,1458
---timestep,297
---t-update,0
---t-init,783
---op-flow,7
---vetex-flow,1471
---op-flow,6
---vertex-flow,1383
---t-lns,12081
---t-done,12085
---timestep-task-finished,2
---total-task-finished,1460
---timestep,298
---t-update,0
---t-init,438
---op-flow,6
---vetex-flow,1433
---op-flow,3
---vertex-flow,1381
---t-lns,10869
---t-done,10871
---timestep-task-finished,8
---total-task-finished,1468
---timestep,299
---t-update,2
---t-init,2604
---op-flow,7
---vetex-flow,1544
---op-flow,4
---vertex-flow,1437
---t-lns,11328
---t-done,11333
---timestep-task-finished,4
---total-task-finished,1472
---timestep,300
---t-update,1
---t-init,1179
---op-flow,13
---vetex-flow,1475
---op-flow,7
---vertex-flow,1396
---t-lns,17463
---t-done,17467
---timestep-task-finished,6
---total-task-finished,1478
---timestep,301
---t-update,1
---t-init,1720
---op-flow,14
---vetex-flow,1506
---op-flow,12
---vertex-flow,1405
---t-lns,11591
---t-done,11593
---timestep-task-finished,8
---total-task-finished,1486
---timestep,302
---t-update,2
---t-init,2132
---op-flow,18
---vetex-flow,1565
---op-flow,15
---vertex-flow,1450
---t-lns,9506
---t-done,9508
---timestep-task-finished,3
---total-task-finished,1489
---timestep,303
---t-update,0
---t-init,397
---op-flow,16
---vetex-flow,1488
---op-flow,10
---vertex-flow,1408
---t-lns,10885
---t-done,10887
---timestep-task-finished,4
---total-task-finished,1493
---timestep,304
---t-update,1
---t-init,1151
---op-flow,14
---vetex-flow,1498
---op-flow,11
---vertex-flow,1417
---t-lns,9630
---t-done,9632
---timestep-task-finished,5
---total-task-finished,1498
---timestep,305
---t-update,1
---t-init,1322
---op-flow,11
---vetex-flow,1515
---op-flow,11
---vertex-flow,1426
---t-lns,14017
---t-done,14021
---timestep-task-finished,6
---total-task-finished,1504
---timestep,306
---t-update,1
---t-init,1267
---op-flow,16
---vetex-flow,1544
---op-flow,4
---vertex-flow,1458
---t-lns,11199
---t-done,11202
---timestep-task-finished,8
---total-task-finished,1512
---timestep,307
---t-update,1
---t-init,1310
---op-flow,5
---vetex-flow,1598
---op-flow,3
---vertex-flow,1531
---t-lns,10926
---t-done,10930
---timestep-task-finished,8
---total-task-finished,1520
---timestep,308
---t-update,1
---t-init,1166
---op-flow,4
---vetex-flow,1702
---op-flow,2
---vertex-flow,1616
---t-lns,7958
---t-done,7961
---timestep-task-finished,2
---total-task-finished,1522
---timestep,309
---t-update,0
---t-init,139
---op-flow,2
---vetex-flow,1640
---op-flow,1
---vertex-flow,1577
---t-lns,10723
---t-done,10724
---timestep-task-finished,1
---total-task-finished,1523
---timestep,310
---t-update,0
---t-init,134
---op-flow,1
---vetex-flow,1597
---op-flow,1
---vertex-flow,1517
---t-lns,12388
---t-done,12390
---timestep-task-finished,5
---total-task-finished,1528
---timestep,311
---t-update,1
---t-init,1306
---op-flow,2
---vetex-flow,1622
---op-flow,1
---vertex-flow,1476
---t-lns,10395
---t-done,10398
---timestep-task-finished,3
---total-task-finished,1531
---timestep,312
---t-update,0
---t-init,665
---op-flow,3
---vetex-flow,1524
---op-flow,1
---vertex-flow,1443
---t-lns,10057
---t-done,10060
---timestep-task-finished,3
---total-task-finished,1534
---timestep,313
---t-update,0
---t-init,332
---op-flow,2
---vetex-flow,1482
---op-flow,2
---vertex-flow,1354
---t-lns,10308
---t-done,10322
---timestep-task-finished,5
---total-task-finished,1539
---timestep,314
---t-update,1
---t-init,1692
---op-flow,6
---vetex-flow,1451
---op-flow,4
---vertex-flow,1392
---t-lns,11113
---t-done,11117
---timestep-task-finished,6
---total-task-finished,1545
---timestep,315
---t-update,1
---t-init,1022
---op-flow,4
---vetex-flow,1514
---op-flow,4
---vertex-flow,1417
---t-lns,10047
---t-done,10053
---timestep-task-finished,6
---total-task-finished,1551
---timestep,316
---t-update,1
---t-init,1578
---op-flow,11
---vetex-flow,1547
---op-flow,7
---vertex-flow,1470
---t-lns,14207
---t-done,14210
---timestep-task-finished,6
---total-task-finished,1557
---timestep,317
---t-update,0
---t-init,663
---op-flow,8
---vetex-flow,1556
---op-flow,5
---vertex-flow,1507
---t-lns,10177
---t-done,10181
---timestep-task-finished,6
---total-task-finished,1563
---timestep,318
---t-update,0
---t-init,829
---op-flow,6
---vetex-flow,1611
---op-flow,5
---vertex-flow,1529
---t-lns,14645
---t-done,14650
---timestep-task-finished,3
---total-task-finished,1566
---timestep,319
---t-update,0
---t-init,582
---op-flow,5
---vetex-flow,1594
---op-flow,5
---vertex-flow,1495
---t-lns,10181
---t-done,10183
---timestep-task-finished,4
---total-task-finished,1570
---timestep,320
---t-update,1
---t-init,1087
---op-flow,5
---vetex-flow,1573
---op-flow,5
---vertex-flow,1419
---t-lns,10273
---t-done,10278
---timestep-task-finished,3
---total-task-finished,1573
---timestep,321
---t-update,1
---t-init,1404
---op-flow,6
---vetex-flow,1499
---op-flow,5
---vertex-flow,1411
---t-lns,14679
---t-done,14681
---timestep-task-finished,7
---total-task-finished,1580
---timestep,322
---t-update,0
---t-init,657
---op-flow,5
---vetex-flow,1486
---op-flow,2
---vertex-flow,1364
---t-lns,9374
---t-done,9378
---timestep-task-finished,3
---total-task-finished,1583
---timestep,323
---t-update,0
---t-init,833
---op-flow,2
---vetex-flow,1430
---op-flow,0
---vertex-flow,1354
---t-lns,11472
---t-done,11476
---timestep-task-finished,4
---total-task-finished,1587
---timestep,324
---t-update,1
---t-init,1625
---op-flow,0
---vetex-flow,1457
---op-flow,0
---vertex-flow,1393
---t-lns,12355
---t-done,12358
---timestep-task-finished,4
---total-task-finished,1591
---timestep,325
---t-update,0
---t-init,523
---op-flow,0
---vetex-flow,1469
---op-flow,0
---vertex-flow,1368
---t-lns,5740
---t-done,5742
---timestep-task-finished,5
---total-task-finished,1596
---timestep,326
---t-update,1
---t-init,1352
---op-flow,9
---vetex-flow,1446
---op-flow,3
---vertex-flow,1375
---t-lns,12307
---t-done,12311
---timestep-task-finished,6
---total-task-finished,1602
---timestep,327
---t-update,0
---t-init,919
---op-flow,6
---vetex-flow,1474
---op-flow,3
---vertex-flow,1366
---t-lns,10895
---t-done,10899
---timestep-task-finished,2
---total-task-finished,1604
---timestep,328
---t-update,0
---t-init,634
---op-flow,5
---vetex-flow,1404
---op-flow,2
---vertex-flow,1309
---t-lns,11953
---t-done,11956
---timestep-task-finished,2
---total-task-finished,1606
---timestep,329
---t-update,0
---t-init,885
---op-flow,2
---vetex-flow,1353
---op-flow,2
---vertex-flow,1308
---t-lns,12453
---t-done,12456
---timestep-task-finished,6
---total-task-finished,1612
---timestep,330
---t-update,1
---t-init,1121
---op-flow,3
---vetex-flow,1419
---op-flow,3
---vertex-flow,1318
---t-lns,8894
---t-done,8899
---timestep-task-finished,8
---total-task-finished,1620
---timestep,331
---t-update,1
---t-init,1485
---op-flow,10
---vetex-flow,1466
---op-flow,7
---vertex-flow,1368
---t-lns,10067
---t-done,10070
---timestep-task-finished,3
---total-task-finished,1623
---timestep,332
---t-update,0
---t-init,422
---op-flow,7
---vetex-flow,1427
---op-flow,5
---vertex-flow,1346
---t-lns,9135
---t-done,9138
---timestep-task-finished,7
---total-task-finished,1630
---timestep,333
---t-update,0
---t-init,588
---op-flow,9
---vetex-flow,1424
---op-flow,6
---vertex-flow,1336
---t-lns,8192
---t-done,8195
---timestep-task-finished,5
---total-task-finished,1635
---timestep,334
---t-update,1
---t-init,1491
---op-flow,7
---vetex-flow,1437
---op-flow,5
---vertex-flow,1331
---t-lns,9915
---t-done,9919
---timestep-task-finished,5
---total-task-finished,1640
---timestep,335
---t-update,0
---t-init,716
---op-flow,13
---vetex-flow,1391
---op-flow,6
---vertex-flow,1301
---t-lns,6343
---t-done,6344
---timestep-task-finished,3
---total-task-finished,1643
---timestep,336
---t-update,0
---t-init,134
---op-flow,7
---vetex-flow,1326
---op-flow,5
---vertex-flow,1244
---t-lns,4206
---t-done,4207
---timestep-task-finished,5
---total-task-finished,1648
---timestep,337
---t-update,0
---t-init,460
---op-flow,11
---vetex-flow,1319
---op-flow,9
---vertex-flow,1256
---t-lns,4532
---t-done,4534
---timestep-task-finished,9
---total-task-finished,1657
---timestep,338
---t-update,1
---t-init,1152
---op-flow,16
---vetex-flow,1444
---op-flow,9
---vertex-flow,1367
---t-lns,6900
---t-done,6904
---timestep-task-finished,5
---total-task-finished,1662
---timestep,339
---t-update,0
---t-init,954
---op-flow,13
---vetex-flow,1486
---op-flow,7
---vertex-flow,1414
---t-lns,9177
---t-done,9182
---timestep-task-finished,6
---total-task-finished,1668
---timestep,340
---t-update,1
---t-init,1649
---op-flow,13
---vetex-flow,1501
---op-flow,8
---vertex-flow,1398
---t-lns,14799
---t-done,14803
---timestep-task-finished,7
---total-task-finished,1675
---timestep,341
---t-update,1
---t-init,1982
---op-flow,13
---vetex-flow,1519
---op-flow,10
---vertex-flow,1428
---t-lns,13778
---t-done,13782
---timestep-task-finished,3
---total-task-finished,1678
---timestep,342
---t-update,0
---t-init,381
---op-flow,11
---vetex-flow,1479
---op-flow,4
---vertex-flow,1415
---t-lns,13171
---t-done,13173
---timestep-task-finished,3
---total-task-finished,1681
---timestep,343
---t-update,0
---t-init,976
---op-flow,7
---vetex-flow,1463
---op-flow,5
---vertex-flow,1325
---t-lns,10409
---t-done,10413
---timestep-task-finished,6
---total-task-finished,1687
---timestep,344
---t-update,1
---t-init,1563
---op-flow,8
---vetex-flow,1413
---op-flow,5
---vertex-flow,1359
---t-lns,13368
---t-done,13372
---timestep-task-finished,4
---total-task-finished,1691
---timestep,345
---t-update,0
---t-init,717
---op-flow,9
---vetex-flow,1444
---op-flow,1
---vertex-flow,1323
---t-lns,9988
---t-done,9990
---timestep-task-finished,5
---total-task-finished,1696
---timestep,346
---t-update,0
---t-init,361
---op-flow,5
---vetex-flow,1382
---op-flow,3
---vertex-flow,1302
---t-lns,10497
---t-done,10499
---timestep-task-finished,6
---total-task-finished,1702
---timestep,347
---t-update,1
---t-init,1013
---op-flow,5
---vetex-flow,1424
---op-flow,1
---vertex-flow,1329
---t-lns,5686
---t-done,5687
---timestep-task-finished,6
---total-task-finished,1708
---timestep,348
---t-update,0
---t-init,653
---op-flow,6
---vetex-flow,1413
---op-flow,6
---vertex-flow,1325
---t-lns,6394
---t-done,6397
---timestep-task-finished,5
---total-task-finished,1713
---timestep,349
---t-update,1
---t-init,1350
---op-flow,6
---vetex-flow,1454
---op-flow,5
---vertex-flow,1400
---t-lns,9421
---t-done,9425
---timestep-task-finished,5
---total-task-finished,1718
---timestep,350
---t-update,0
---t-init,479
---op-flow,5
---vetex-flow,1479
---op-flow,4
---vertex-flow,1411
---t-lns,7205
---t-done,7209
---timestep-task-finished,7
---total-task-finished,1725
---timestep,351
---t-update,1
---t-init,1430
---op-flow,6
---vetex-flow,1518
---op-flow,4
---vertex-flow,1369
---t-lns,8746
---t-done,8750
---timestep-task-finished,7
---total-task-finished,1732
---timestep,352
---t-update,1
---t-init,1574
---op-flow,5
---vetex-flow,1499
---op-flow,5
---vertex-flow,1455
---t-lns,11003
---t-done,11009
---timestep-task-finished,7
---total-task-finished,1739
---timestep,353
---t-update,1
---t-init,1016
---op-flow,13
---vetex-flow,1573
---op-flow,8
---vertex-flow,1452
---t-lns,12900
---t-done,12903
---timestep-task-finished,2
---total-task-finished,1741
---timestep,354
---t-update,0
---t-init,407
---op-flow,8
---vetex-flow,1483
---op-flow,8
---vertex-flow,1381
---t-lns,8779
---t-done,8780
---timestep-task-finished,6
---total-task-finished,1747
---timestep,355
---t-update,0
---t-init,720
---op-flow,8
---vetex-flow,1480
---op-flow,5
---vertex-flow,1376
---t-lns,11020
---t-done,11024
---timestep-task-finished,3
---total-task-finished,1750
---timestep,356
---t-update,0
---t-init,753
---op-flow,5
---vetex-flow,1435
---op-flow,2
---vertex-flow,1367
---t-lns,12211
---t-done,12214
---timestep-task-finished,2
---total-task-finished,1752
---timestep,357
---t-update,0
---t-init,420
---op-flow,7
---vetex-flow,1389
---op-flow,6
---vertex-flow,1315
---t-lns,8703
---t-done,8704
---timestep-task-finished,8
---total-task-finished,1760
---timestep,358
---t-update,1
---t-init,1285
---op-flow,13
---vetex-flow,1401
---op-flow,5
---vertex-flow,1317
---t-lns,12749
---t-done,12753
---timestep-task-finished,2
---total-task-finished,1762
---timestep,359
---t-update,0
---t-init,547
---op-flow,3
---vetex-flow,1341
---op-flow,3
---vertex-flow,1250
---t-lns,9259
---t-done,9261
---timestep-task-finished,5
---total-task-finished,1767
---timestep,360
---t-update,0
---t-init,693
---op-flow,9
---vetex-flow,1340
---op-flow,6
---vertex-flow,1275
---t-lns,9009
---t-done,9012
---timestep-task-finished,3
---total-task-finished,1770
---timestep,361
---t-update,0
---t-init,658
---op-flow,6
---vetex-flow,1317
---op-flow,2
---vertex-flow,1192
---t-lns,9919
---t-done,9921
---timestep-task-finished,6
---total-task-finished,1776
---timestep,362
---t-update,0
---t-init,763
---op-flow,5
---vetex-flow,1270
---op-flow,5
---vertex-flow,1184
---t-lns,9681
---t-done,9685
---timestep-task-finished,6
---total-task-finished,1782
---timestep,363
---t-update,0
---t-init,667
---op-flow,8
---vetex-flow,1312
---op-flow,7
---vertex-flow,1220
---t-lns,8545
---t-done,8548
---timestep-task-finished,4
---total-task-finished,1786
---timestep,364
---t-update,0
---t-init,959
---op-flow,7
---vetex-flow,1288
---op-flow,4
---vertex-flow,1213
---t-lns,11960
---t-done,11965
---timestep-task-finished,5
---total-task-finished,1791
---timestep,365
---t-update,1
---t-init,1233
---op-flow,18
---vetex-flow,1301
---op-flow,10
---vertex-flow,1194
---t-lns,9471
---t-done,9473
---timestep-task-finished,5
---total-task-finished,1796
---timestep,366
---t-update,0
---t-init,998
---op-flow,16
---vetex-flow,1289
---op-flow,9
---vertex-flow,1201
---t-lns,9117
---t-done,9119
---timestep-task-finished,3
---total-task-finished,1799
---timestep,367
---t-update,0
---t-init,987
---op-flow,10
---vetex-flow,1262
---op-flow,8
---vertex-flow,1189
---t-lns,9369
---t-done,9373
---timestep-task-finished,3
---total-task-finished,1802
---timestep,368
---t-update,0
---t-init,236
---op-flow,10
---vetex-flow,1231
---op-flow,5
---vertex-flow,1150
---t-lns,7558
---t-done,7560
---timestep-task-finished,7
---total-task-finished,1809
---timestep,369
---t-update,1
---t-init,1047
---op-flow,8
---vetex-flow,1259
---op-flow,4
---vertex-flow,1209
---t-lns,8178
---t-done,8182
---timestep-task-finished,6
---total-task-finished,1815
---timestep,370
---t-update,1
---t-init,1409
---op-flow,9
---vetex-flow,1313
---op-flow,5
---vertex-flow,1221
---t-lns,12479
---t-done,12484
---timestep-task-finished,4
---total-task-finished,1819
---timestep,371
---t-update,0
---t-init,378
---op-flow,8
---vetex-flow,1255
---op-flow,7
---vertex-flow,1181
---t-lns,7973
---t-done,7977
---timestep-task-finished,8
---total-task-finished,1827
---timestep,372
---t-update,1
---t-init,1387
---op-flow,10
---vetex-flow,1309
---op-flow,7
---vertex-flow,1195
---t-lns,9780
---t-done,9785
---timestep-task-finished,8
---total-task-finished,1835
---timestep,373
---t-update,1
---t-init,1974
---op-flow,8
---vetex-flow,1330
---op-flow,3
---vertex-flow,1239
---t-lns,10039
---t-done,10043
---timestep-task-finished,9
---total-task-finished,1844
---timestep,374
---t-update,2
---t-init,2199
---op-flow,7
---vetex-flow,1409
---op-flow,6
---vertex-flow,1356
---t-lns,15152
---t-done,15157
---timestep-task-finished,3
---total-task-finished,1847
---timestep,375
---t-update,0
---t-init,662
---op-flow,6
---vetex-flow,1411
---op-flow,4
---vertex-flow,1320
---t-lns,13142
---t-done,13144
---timestep-task-finished,4
---total-task-finished,1851
---timestep,376
---t-update,1
---t-init,1260
---op-flow,6
---vetex-flow,1386
---op-flow,3
---vertex-flow,1310
---t-lns,12670
---t-done,12672
---timestep-task-finished,7
---total-task-finished,1858
---timestep,377
---t-update,1
---t-init,1432
---op-flow,7
---vetex-flow,1414
---op-flow,4
---vertex-flow,1313
---t-lns,11094
---t-done,11098
---timestep-task-finished,5
---total-task-finished,1863
---timestep,378
---t-update,0
---t-init,742
---op-flow,7
---vetex-flow,1411
---op-flow,6
---vertex-flow,1341
---t-lns,9061
---t-done,9063
---timestep-task-finished,5
---total-task-finished,1868
---timestep,379
---t-update,0
---t-init,545
---op-flow,6
---vetex-flow,1441
---op-flow,4
---vertex-flow,1315
---t-lns,8389
---t-done,8393
---timestep-task-finished,5
---total-task-finished,1873
---timestep,380
---t-update,0
---t-init,875
---op-flow,9
---vetex-flow,1400
---op-flow,5
---vertex-flow,1304
---t-lns,10845
---t-done,10848
---timestep-task-finished,4
---total-task-finished,1877
---timestep,381
---t-update,1
---t-init,1591
---op-flow,5
---vetex-flow,1388
---op-flow,4
---vertex-flow,1324
---t-lns,15137
---t-done,15141
---timestep-task-finished,4
---total-task-finished,1881
---timestep,382
---t-update,0
---t-init,591
---op-flow,5
---vetex-flow,1360
---op-flow,5
---vertex-flow,1291
---t-lns,10516
---t-done,10518
---timestep-task-finished,9
---total-task-finished,1890
---timestep,383
---t-update,1
---t-init,1381
---op-flow,12
---vetex-flow,1395
---op-flow,8
---vertex-flow,1326
---t-lns,9898
---t-done,9902
---timestep-task-finished,5
---total-task-finished,1895
---timestep,384
---t-update,1
---t-init,1010
---op-flow,8
---vetex-flow,1415
---op-flow,5
---vertex-flow,1341
---t-lns,9095
---t-done,9098
---timestep-task-finished,6
---total-task-finished,1901
---timestep,385
---t-update,1
---t-init,1136
---op-flow,7
---vetex-flow,1450
---op-flow,6
---vertex-flow,1367
---t-lns,10459
---t-done,10462
---timestep-task-finished,9
---total-task-finished,1910
---timestep,386
---t-update,0
---t-init,962
---op-flow,62
---vetex-flow,1489
---op-flow,36
---vertex-flow,1392
---t-lns,12842
---t-done,12850
---timestep-task-finished,4
---total-task-finished,1914
---timestep,387
---t-update,0
---t-init,555
---op-flow,36
---vetex-flow,1438
---op-flow,29
---vertex-flow,1367
---t-lns,10070
---t-done,10073
---timestep-task-finished,2
---total-task-finished,1916
---timestep,388
---t-update,0
---t-init,490
---op-flow,29
---vetex-flow,1405
---op-flow,27
---vertex-flow,1356
---t-lns,11087
---t-done,11091
---timestep-task-finished,6
---total-task-finished,1922
---timestep,389
---t-update,2
---t-init,2058
---op-flow,28
---vetex-flow,1501
---op-flow,22
---vertex-flow,1399
---t-lns,13789
---t-done,13792
---timestep-task-finished,7
---total-task-finished,1929
---timestep,390
---t-update,1
---t-init,1024
---op-flow,22
---vetex-flow,1492
---op-flow,13
---vertex-flow,1390
---t-lns,8976
---t-done,8980
---timestep-task-finished,6
---total-task-finished,1935
---timestep,391
---t-update,2
---t-init,2256
---op-flow,18
---vetex-flow,1522
---op-flow,9
---vertex-flow,1417
---t-lns,13852
---t-done,13853
---timestep-task-finished,3
---total-task-finished,1938
---timestep,392
---t-update,0
---t-init,419
---op-flow,9
---vetex-flow,1482
---op-flow,6
---vertex-flow,1407
---t-lns,6688
---t-done,6690
---timestep-task-finished,5
---total-task-finished,1943
---timestep,393
---t-update,0
---t-init,919
---op-flow,6
---vetex-flow,1476
---op-flow,3
---vertex-flow,1394
---t-lns,10040
---t-done,10045
---timestep-task-finished,7
---total-task-finished,1950
---timestep,394
---t-update,1
---t-init,1402
---op-flow,3
---vetex-flow,1518
---op-flow,3
---vertex-flow,1459
---t-lns,11860
---t-done,11868
---timestep-task-finished,5
---total-task-finished,1955
---timestep,395
---t-update,1
---t-init,1455
---op-flow,7
---vetex-flow,1564
---op-flow,4
---vertex-flow,1486
---t-lns,12654
---t-done,12657
---timestep-task-finished,9
---total-task-finished,1964
---timestep,396
---t-update,1
---t-init,1691
---op-flow,19
---vetex-flow,1652
---op-flow,8
---vertex-flow,1560
---t-lns,18466
---t-done,18470
---timestep-task-finished,4
---total-task-finished,1968
---timestep,397
---t-update,0
---t-init,759
---op-flow,10
---vetex-flow,1615
---op-flow,10
---vertex-flow,1512
---t-lns,11823
---t-done,11824
---timestep-task-finished,5
---total-task-finished,1973
---timestep,398
---t-update,0
---t-init,565
---op-flow,20
---vetex-flow,1585
---op-flow,14
---vertex-flow,1539
---t-lns,8648
---t-done,8649
---timestep-task-finished,6
---total-task-finished,1979
---timestep,399
---t-update,0
---t-init,479
---op-flow,14
---vetex-flow,1618
---op-flow,7
---vertex-flow,1517
---t-lns,6837
---t-done,6841
---timestep-task-finished,5
---total-task-finished,1984
---timestep,400
---t-update,0
---t-init,552
---op-flow,9
---vetex-flow,1629
---op-flow,6
---vertex-flow,1506
---t-lns,6589
---t-done,6592
---timestep-task-finished,3
---total-task-finished,1987
---timestep,401
---t-update,0
---t-init,105
---op-flow,6
---vetex-flow,1521
---op-flow,3
---vertex-flow,1431
---t-lns,6373
---t-done,6375
---timestep-task-finished,4
---total-task-finished,1991
---timestep,402
---t-update,0
---t-init,428
---op-flow,4
---vetex-flow,1490
---op-flow,2
---vertex-flow,1386
---t-lns,5869
---t-done,5871
---timestep-task-finished,6
---total-task-finished,1997
---timestep,403
---t-update,0
---t-init,460
---op-flow,2
---vetex-flow,1444
---op-flow,2
---vertex-flow,1352
---t-lns,6426
---t-done,6429
---timestep-task-finished,8
---total-task-finished,2005
---timestep,404
---t-update,0
---t-init,562
---op-flow,6
---vetex-flow,1444
---op-flow,3
---vertex-flow,1354
---t-lns,7720
---t-done,7722
---timestep-task-finished,8
---total-task-finished,2013
---timestep,405
---t-update,1
---t-init,1313
---op-flow,31
---vetex-flow,1505
---op-flow,26
---vertex-flow,1438
---t-lns,8713
---t-done,8717
---timestep-task-finished,8
---total-task-finished,2021
---timestep,406
---t-update,1
---t-init,1198
---op-flow,31
---vetex-flow,1594
---op-flow,26
---vertex-flow,1484
---t-lns,9701
---t-done,9705
---timestep-task-finished,0
---total-task-finished,2021
---timestep,407
---t-update,0
---t-init,6
---op-flow,26
---vetex-flow,1484
---op-flow,10
---vertex-flow,1381
---t-lns,7284
---t-done,7284
---timestep-task-finished,2
---total-task-finished,2023
---timestep,408
---t-update,0
---t-init,362
---op-flow,11
---vetex-flow,1413
---op-flow,3
---vertex-flow,1318
---t-lns,6876
---t-done,6878
---timestep-task-finished,4
---total-task-finished,2027
---timestep,409
---t-update,0
---t-init,991
---op-flow,5
---vetex-flow,1420
---op-flow,5
---vertex-flow,1349
---t-lns,10366
---t-done,10370
---timestep-task-finished,2
---total-task-finished,2029
---timestep,410
---t-update,0
---t-init,325
---op-flow,12
---vetex-flow,1374
---op-flow,8
---vertex-flow,1287
---t-lns,8492
---t-done,8493
---timestep-task-finished,10
---total-task-finished,2039
---timestep,411
---t-update,0
---t-init,734
---op-flow,58
---vetex-flow,1402
---op-flow,44
---vertex-flow,1290
---t-lns,7985
---t-done,7987
---timestep-task-finished,8
---total-task-finished,2047
---timestep,412
---t-update,1
---t-init,1166
---op-flow,51
---vetex-flow,1405
---op-flow,37
---vertex-flow,1309
---t-lns,10235
---t-done,10237
---timestep-task-finished,7
---total-task-finished,2054
---timestep,413
---t-update,1
---t-init,1118
---op-flow,40
---vetex-flow,1410
---op-flow,13
---vertex-flow,1340
---t-lns,12367
---t-done,12379
---timestep-task-finished,4
---total-task-finished,2058
---timestep,414
---t-update,0
---t-init,911
---op-flow,13
---vetex-flow,1392
---op-flow,7
---vertex-flow,1281
---t-lns,11286
---t-done,11290
---timestep-task-finished,3
---total-task-finished,2061
---timestep,415
---t-update,0
---t-init,417
---op-flow,7
---vetex-flow,1337
---op-flow,4
---vertex-flow,1244
---t-lns,5617
---t-done,5620
---timestep-task-finished,9
---total-task-finished,2070
---timestep,416
---t-update,1
---t-init,1839
---op-flow,7
---vetex-flow,1376
---op-flow,6
---vertex-flow,1309
---t-lns,7581
---t-done,7585
---timestep-task-finished,6
---total-task-finished,2076
---timestep,417
---t-update,0
---t-init,937
---op-flow,6
---vetex-flow,1437
---op-flow,3
---vertex-flow,1367
---t-lns,5607
---t-done,5609
---timestep-task-finished,3
---total-task-finished,2079
---timestep,418
---t-update,0
---t-init,609
---op-flow,3
---vetex-flow,1446
---op-flow,1
---vertex-flow,1388
---t-lns,6340
---t-done,6342
---timestep-task-finished,4
---total-task-finished,2083
---timestep,419
---t-update,0
---t-init,539
---op-flow,1
---vetex-flow,1472
---op-flow,0
---vertex-flow,1394
---t-lns,7075
---t-done,7076
---timestep-task-finished,5
---total-task-finished,2088
---timestep,420
---t-update,0
---t-init,860
---op-flow,2
---vetex-flow,1483
---op-flow,1
---vertex-flow,1371
---t-lns,12227
---t-done,12230
---timestep-task-finished,3
---total-task-finished,2091
---timestep,421
---t-update,0
---t-init,856
---op-flow,1
---vetex-flow,1419
---op-flow,1
---vertex-flow,1318
---t-lns,12798
---t-done,12802
---timestep-task-finished,4
---total-task-finished,2095
---timestep,422
---t-update,1
---t-init,1197
---op-flow,2
---vetex-flow,1412
---op-flow,2
---vertex-flow,1314
---t-lns,10598
---t-done,10601
---timestep-task-finished,10
---total-task-finished,2105
---timestep,423
---t-update,2
---t-init,2580
---op-flow,5
---vetex-flow,1526
---op-flow,3
---vertex-flow,1459
---t-lns,12798
---t-done,12803
---timestep-task-finished,4
---total-task-finished,2109
---timestep,424
---t-update,0
---t-init,927
---op-flow,6
---vetex-flow,1528
---op-flow,4
---vertex-flow,1416
---t-lns,11821
---t-done,11824
---timestep-task-finished,3
---total-task-finished,2112
---timestep,425
---t-update,0
---t-init,643
---op-flow,4
---vetex-flow,1465
---op-flow,2
---vertex-flow,1354
---t-lns,10924
---t-done,10926
---timestep-task-finished,7
---total-task-finished,2119
---timestep,426
---t-update,0
---t-init,526
---op-flow,8
---vetex-flow,1456
---op-flow,5
---vertex-flow,1407
---t-lns,8098
---t-done,8101
---timestep-task-finished,8
---total-task-finished,2127
---timestep,427
---t-update,1
---t-init,1262
---op-flow,11
---vetex-flow,1536
---op-flow,2
---vertex-flow,1463
---t-lns,12248
---t-done,12254
---timestep-task-finished,3
---total-task-finished,2130
---timestep,428
---t-update,0
---t-init,890
---op-flow,2
---vetex-flow,1527
---op-flow,0
---vertex-flow,1428
---t-lns,14574
---t-done,14576
---timestep-task-finished,4
---total-task-finished,2134
---timestep,429
---t-update,0
---t-init,545
---op-flow,1
---vetex-flow,1466
---op-flow,1
---vertex-flow,1401
---t-lns,8485
---t-done,8487
---timestep-task-finished,8
---total-task-finished,2142
---timestep,430
---t-update,0
---t-init,894
---op-flow,7
---vetex-flow,1567
---op-flow,7
---vertex-flow,1475
---t-lns,9601
---t-done,9603
---timestep-task-finished,6
---total-task-finished,2148
---timestep,431
---t-update,0
---t-init,788
---op-flow,16
---vetex-flow,1571
---op-flow,6
---vertex-flow,1490
---t-lns,5875
---t-done,5877
---timestep-task-finished,5
---total-task-finished,2153
---timestep,432
---t-update,0
---t-init,623
---op-flow,16
---vetex-flow,1566
---op-flow,13
---vertex-flow,1473
---t-lns,5152
---t-done,5153
---timestep-task-finished,2
---total-task-finished,2155
---timestep,433
---t-update,0
---t-init,80
---op-flow,14
---vetex-flow,1487
---op-flow,11
---vertex-flow,1395
---t-lns,9663
---t-done,9665
---timestep-task-finished,8
---total-task-finished,2163
---timestep,434
---t-update,1
---t-init,1444
---op-flow,42
---vetex-flow,1531
---op-flow,18
---vertex-flow,1468
---t-lns,8854
---t-done,8859
---timestep-task-finished,5
---total-task-finished,2168
---timestep,435
---t-update,0
---t-init,804
---op-flow,29
---vetex-flow,1573
---op-flow,18
---vertex-flow,1495
---t-lns,15488
---t-done,15492
---timestep-task-finished,5
---total-task-finished,2173
---timestep,436
---t-update,0
---t-init,494
---op-flow,25
---vetex-flow,1549
---op-flow,16
---vertex-flow,1450
---t-lns,10157
---t-done,10160
---timestep-task-finished,5
---total-task-finished,2178
---timestep,437
---t-update,0
---t-init,947
---op-flow,22
---vetex-flow,1532
---op-flow,15
---vertex-flow,1431
---t-lns,11840
---t-done,11842
---timestep-task-finished,4
---total-task-finished,2182
---timestep,438
---t-update,0
---t-init,373
---op-flow,20
---vetex-flow,1493
---op-flow,13
---vertex-flow,1398
---t-lns,8283
---t-done,8285
---timestep-task-finished,3
---total-task-finished,2185
---timestep,439
---t-update,0
---t-init,898
---op-flow,17
---vetex-flow,1453
---op-flow,7
---vertex-flow,1339
---t-lns,10671
---t-done,10675
---timestep-task-finished,4
---total-task-finished,2189
---timestep,440
---t-update,1
---t-init,1786
---op-flow,6
---vetex-flow,1422
---op-flow,4
---vertex-flow,1332
---t-lns,12725
---t-done,12729
---timestep-task-finished,6
---total-task-finished,2195
---timestep,441
---t-update,0
---t-init,751
---op-flow,8
---vetex-flow,1421
---op-flow,6
---vertex-flow,1312
---t-lns,9643
---t-done,9646
---timestep-task-finished,3
---total-task-finished,2198
---timestep,442
---t-update,0
---t-init,498
---op-flow,6
---vetex-flow,1365
---op-flow,5
---vertex-flow,1305
---t-lns,11308
---t-done,11311
---timestep-task-finished,4
---total-task-finished,2202
---timestep,443
---t-update,0
---t-init,910
---op-flow,5
---vetex-flow,1377
---op-flow,2
---vertex-flow,1310
---t-lns,10144
---t-done,10148
---timestep-task-finished,6
---total-task-finished,2208
---timestep,444
---t-update,0
---t-init,926
---op-flow,3
---vetex-flow,1407
---op-flow,2
---vertex-flow,1305
---t-lns,11823
---t-done,11828
---timestep-task-finished,6
---total-task-finished,2214
---timestep,445
---t-update,2
---t-init,2406
---op-flow,9
---vetex-flow,1420
---op-flow,6
---vertex-flow,1311
---t-lns,11606
---t-done,11612
---timestep-task-finished,4
---total-task-finished,2218
---timestep,446
---t-update,0
---t-init,431
---op-flow,8
---vetex-flow,1369
---op-flow,8
---vertex-flow,1310
---t-lns,8786
---t-done,8790
---timestep-task-finished,7
---total-task-finished,2225
---timestep,447
---t-update,0
---t-init,910
---op-flow,15
---vetex-flow,1416
---op-flow,9
---vertex-flow,1365
---t-lns,14489
---t-done,14496
---timestep-task-finished,2
---total-task-finished,2227
---timestep,448
---t-update,0
---t-init,342
---op-flow,10
---vetex-flow,1390
---op-flow,6
---vertex-flow,1311
---t-lns,13412
---t-done,13414
---timestep-task-finished,8
---total-task-finished,2235
---timestep,449
---t-update,1
---t-init,1700
---op-flow,8
---vetex-flow,1463
---op-flow,7
---vertex-flow,1375
---t-lns,13406
---t-done,13418
---timestep-task-finished,9
---total-task-finished,2244

Done!
