[ 10%] Building CXX object CMakeFiles/py_driver.dir/src/CompetitionSystem.cpp.o
[ 10%] Building CXX object CMakeFiles/py_driver.dir/src/py_driver.cpp.o
[ 20%] Building CXX object CMakeFiles/py_driver.dir/src/ActionModel.cpp.o
[ 20%] Building CXX object CMakeFiles/py_driver.dir/src/Evaluation.cpp.o
[ 25%] Building CXX object CMakeFiles/py_driver.dir/src/Grid.cpp.o
[ 30%] Building CXX object CMakeFiles/py_driver.dir/src/Logger.cpp.o
[ 35%] Building CXX object CMakeFiles/py_driver.dir/src/MAPFPlanner.cpp.o
[ 40%] Building CXX object CMakeFiles/py_driver.dir/src/States.cpp.o
[ 45%] Building CXX object CMakeFiles/py_driver.dir/src/TaskDistGenerator.cpp.o
[ 50%] Building CXX object CMakeFiles/py_driver.dir/src/Validator.cpp.o
[ 55%] Building CXX object CMakeFiles/py_driver.dir/src/analysis.cpp.o
[ 60%] Building CXX object CMakeFiles/py_driver.dir/src/common.cpp.o
[ 65%] Building CXX object CMakeFiles/py_driver.dir/src/driver.cpp.o
[ 70%] Building CXX object CMakeFiles/py_driver.dir/traffic_mapf/flow.cpp.o
[ 75%] Building CXX object CMakeFiles/py_driver.dir/traffic_mapf/heuristics.cpp.o
[ 80%] Building CXX object CMakeFiles/py_driver.dir/traffic_mapf/network.cpp.o
[ 85%] Building CXX object CMakeFiles/py_driver.dir/traffic_mapf/pibt.cpp.o
[ 90%] Building CXX object CMakeFiles/py_driver.dir/traffic_mapf/search.cpp.o
[ 95%] Building CXX object CMakeFiles/py_driver.dir/traffic_mapf/utils.cpp.o
[100%] Linking CXX shared module py_driver.cpython-310-x86_64-linux-gnu.so
[100%] Built target py_driver
