---priority-initialization-seed,42
---timestep,0
---t-update,0
---init-agents:2
---t-init,35
---t-lns,37
---t-done,88
---timestep,1
---t-update,0
---t-init,4
---op-flow,0
---vetex-flow,0
---op-flow,0
---vertex-flow,0
---t-lns,108
---t-done,112
---timestep,2
---t-update,0
---t-init,1
---op-flow,0
---vetex-flow,0
---op-flow,0
---vertex-flow,0
---t-lns,24
---t-done,24
---timestep,3
---t-update,0
---t-init,15
---op-flow,0
---vetex-flow,0
---op-flow,0
---vertex-flow,0
---t-lns,80
---t-done,82
---timestep,4
---t-update,0
---t-init,1
---op-flow,0
---vetex-flow,0
---op-flow,0
---vertex-flow,0
---t-lns,35
---t-done,36
