[  3%] Automatic MOC for target rpc
[  6%] Automatic MOC for target utils
[  6%] Built target utils_autogen
[  6%] Built target rpc_autogen
[ 10%] Building CXX object utils/CMakeFiles/utils.dir/utils_autogen/mocs_compilation.cpp.o
[ 13%] Building CXX object utils/CMakeFiles/utils.dir/common.cpp.o
[ 17%] Building CXX object externalDependencies/rpclib/CMakeFiles/rpc.dir/rpc_autogen/mocs_compilation.cpp.o
[ 20%] Building CXX object externalDependencies/rpclib/CMakeFiles/rpc.dir/lib/rpc/dispatcher.cc.o
[ 24%] Building CXX object externalDependencies/rpclib/CMakeFiles/rpc.dir/lib/rpc/server.cc.o
[ 27%] Building CXX object externalDependencies/rpclib/CMakeFiles/rpc.dir/lib/rpc/client.cc.o
[ 31%] Building CXX object externalDependencies/rpclib/CMakeFiles/rpc.dir/lib/rpc/this_handler.cc.o
[ 34%] Building CXX object externalDependencies/rpclib/CMakeFiles/rpc.dir/lib/rpc/this_session.cc.o
[ 37%] Building CXX object externalDependencies/rpclib/CMakeFiles/rpc.dir/lib/rpc/this_server.cc.o
[ 41%] Building CXX object externalDependencies/rpclib/CMakeFiles/rpc.dir/lib/rpc/rpc_error.cc.o
[ 44%] Building CXX object externalDependencies/rpclib/CMakeFiles/rpc.dir/lib/rpc/detail/server_session.cc.o
[ 48%] Building CXX object externalDependencies/rpclib/CMakeFiles/rpc.dir/lib/rpc/detail/response.cc.o
[ 51%] Building CXX object externalDependencies/rpclib/CMakeFiles/rpc.dir/lib/rpc/detail/client_error.cc.o
[ 55%] Building CXX object externalDependencies/rpclib/CMakeFiles/rpc.dir/lib/rpc/nonstd/optional.cc.o
[ 58%] Building CXX object externalDependencies/rpclib/CMakeFiles/rpc.dir/dependencies/src/format.cc.o
[ 62%] Building CXX object externalDependencies/rpclib/CMakeFiles/rpc.dir/dependencies/src/posix.cc.o
[ 65%] Linking CXX shared library libutils.so
[ 65%] Built target utils
[ 68%] Linking CXX static library librpc.a
[ 68%] Built target rpc
[ 72%] Automatic MOC for target footbot_diffusion
[ 72%] Built target footbot_diffusion_autogen
[ 75%] Building CXX object controllers/footbot_diffusion/CMakeFiles/footbot_diffusion.dir/footbot_diffusion_autogen/mocs_compilation.cpp.o
[ 79%] Building CXX object controllers/footbot_diffusion/CMakeFiles/footbot_diffusion.dir/footbot_diffusion.cpp.o
[ 82%] Linking CXX shared library libfootbot_diffusion.so
[ 82%] Built target footbot_diffusion
[ 86%] Automatic MOC for target trajectory_loop_functions
[ 86%] Built target trajectory_loop_functions_autogen
[ 89%] Building CXX object loop_functions/trajectory_loop_functions/CMakeFiles/trajectory_loop_functions.dir/trajectory_loop_functions_autogen/mocs_compilation.cpp.o
[ 93%] Building CXX object loop_functions/trajectory_loop_functions/CMakeFiles/trajectory_loop_functions.dir/trajectory_qtuser_functions.cpp.o
[ 96%] Building CXX object loop_functions/trajectory_loop_functions/CMakeFiles/trajectory_loop_functions.dir/trajectory_loop_functions.cpp.o
[100%] Linking CXX shared module libtrajectory_loop_functions.so
[100%] Built target trajectory_loop_functions
