-- The C compiler identification is GNU 11.4.0
-- The CXX compiler identification is GNU 11.4.0
-- Detecting C compiler ABI info
-- Detecting C compiler ABI info - done
-- Check for working C compiler: /usr/bin/cc - skipped
-- Detecting C compile features
-- Detecting C compile features - done
-- Detecting CXX compiler ABI info
-- Detecting CXX compiler ABI info - done
-- Check for working CXX compiler: /usr/bin/c++ - skipped
-- Detecting CXX compile features
-- Detecting CXX compile features - done
-- PYTHON: OFF
-- Guidance is enabled 
-- RELAX is enabled: 100 traj/dist/heu table initialization per timestep
-- Guidance LNS is enabled: 10
-- LNS_GROUP_SIZE is set to: 10
-- INIT_PP is enabled
-- OBJECTIVE is enabled: 1
-- FOCAL_SEARCH is enabled: 2
-- Found Boost: /usr/lib/x86_64-linux-gnu/cmake/Boost-1.74.0/BoostConfig.cmake (found suitable version "1.74.0", minimum required is "1.49.0") found components: program_options system filesystem log log_setup 
-- Python support is disabled
-- Configuring done
-- Generating done
-- Build files have been written to: /home/lyh/MAPF_PIED_MDDR_RESEARCH/implementation_binding_evidence/baseline_selection_20260929/gpibt_seeded_build_gp_r100_re10_f2
