---priority-initialization-seed,42
---timestep,0
---t-update,0
---init-agents:2
---t-init,50
---t-lns,52
---t-done,55
---timestep,1
---t-update,0
---t-init,2
---op-flow,0
---vetex-flow,0
---op-flow,0
---vertex-flow,0
---t-lns,46
---t-done,47
---timestep,2
---t-update,0
---t-init,3
---op-flow,0
---vetex-flow,0
---op-flow,0
---vertex-flow,0
---t-lns,52
---t-done,54
---timestep,3
---t-update,0
---t-init,15
---op-flow,0
---vetex-flow,0
---op-flow,0
---vertex-flow,0
---t-lns,71
---t-done,73
---timestep,4
---t-update,0
---t-init,2
---op-flow,0
---vetex-flow,0
---op-flow,0
---vertex-flow,0
---t-lns,57
---t-done,59
