---priority-initialization-seed,42
---timestep,0
---t-update,0
---init-agents:2
---t-init,81
---t-lns,85
---t-done,92
---timestep,1
---t-update,0
---t-init,2
---op-flow,0
---vetex-flow,0
---op-flow,0
---vertex-flow,0
---t-lns,65
---t-done,66
---timestep,2
---t-update,0
---t-init,2
---op-flow,0
---vetex-flow,0
---op-flow,0
---vertex-flow,0
---t-lns,54
---t-done,56
---timestep,3
---t-update,0
---t-init,16
---op-flow,0
---vetex-flow,0
---op-flow,0
---vertex-flow,0
---t-lns,86
---t-done,99
---timestep,4
---t-update,0
---t-init,3
---op-flow,0
---vetex-flow,0
---op-flow,0
---vertex-flow,0
---t-lns,60
---t-done,62
