[INFO] Loaded library "/home/lyh/.local/lib/argos3/libargos3plugin_simulator_drone.so"
[INFO] Loaded library "/home/lyh/.local/lib/argos3/libargos3plugin_simulator_pipuck.so"
[INFO] Loaded library "/home/lyh/.local/lib/argos3/libargos3plugin_simulator_builderbot.so"
[INFO] Loaded library "/home/lyh/.local/lib/argos3/libargos3plugin_simulator_pointmass3d.so"
[INFO] Loaded library "/home/lyh/.local/lib/argos3/libargos3plugin_simulator_genericrobot.so"
[INFO] Loaded library "/home/lyh/.local/lib/argos3/libargos3plugin_simulator_dynamics3d_magnetism.so"
[INFO] Loaded library "/home/lyh/.local/lib/argos3/libargos3core_simulator.so"
[INFO] Loaded library "/home/lyh/.local/lib/argos3/libargos3plugin_simulator_dynamics3d.so"
[INFO] Loaded library "/home/lyh/.local/lib/argos3/libargos3plugin_simulator_eyebot.so"
[INFO] Loaded library "/home/lyh/.local/lib/argos3/libargos3plugin_simulator_spiri.so"
[INFO] Loaded library "/home/lyh/.local/lib/argos3/libargos3plugin_simulator_footbot.so"
[INFO] Loaded library "/home/lyh/.local/lib/argos3/libargos3plugin_simulator_block.so"
[INFO] Loaded library "/home/lyh/.local/lib/argos3/libargos3plugin_simulator_entities.so"
[INFO] Loaded library "/home/lyh/.local/lib/argos3/libargos3plugin_simulator_prototype.so"
[INFO] Loaded library "/home/lyh/.local/lib/argos3/libargos3plugin_simulator_dynamics3d_srocs.so"
[INFO] Loaded library "/home/lyh/.local/lib/argos3/libargos3plugin_simulator_dynamics3d_floor.so"
[INFO] Loaded library "/home/lyh/.local/lib/argos3/libargos3plugin_simulator_qtopengl.so"
[INFO] Loaded library "/home/lyh/.local/lib/argos3/libargos3plugin_simulator_dynamics2d.so"
[INFO] Loaded library "/home/lyh/.local/lib/argos3/libargos3plugin_simulator_media.so"
[INFO] Loaded library "/home/lyh/.local/lib/argos3/libargos3plugin_simulator_epuck.so"
[INFO] Loaded library "/home/lyh/.local/lib/argos3/libargos3plugin_simulator_dynamics3d_gravity.so"
[INFO] Not using threads
[INFO] Using random seed = 42
[INFO] Using simulation clock tick = 0.1
[INFO] Total experiment length in clock ticks = unlimited
[INFO] Loaded library "/home/lyh/MAPF_PIED_MDDR_RESEARCH/implementation_binding_evidence/gpibt_lsmart_integration_20260930/client_build/controllers/footbot_diffusion/libfootbot_diffusion.so"
[INFO] Loaded library "/home/lyh/MAPF_PIED_MDDR_RESEARCH/implementation_binding_evidence/gpibt_lsmart_integration_20260930/client_build/loop_functions/trajectory_loop_functions/libtrajectory_loop_functions.so"
[2026-09-30 09:53:00.095] [Argos Client] [info] Loop func: Connected to server at port 9241
[INFO] The physics engine "dyn2d" will perform 10 iterations per tick (dt = 0.01 sec)
[INFO] No visualization selected.
