+ v_0_6_g + v_1_6_g 
v_0_0_s_to_v_0_0_g: -1.0 v_0_0_s +1.0 v_0_0_g >= 1.01
v_0_1_s_to_v_0_1_g: -1.0 v_0_1_s +1.0 v_0_1_g >= 1.01
v_0_2_s_to_v_0_2_g: -1.0 v_0_2_s +1.0 v_0_2_g >= 1.01
v_0_3_s_to_v_0_3_g: -1.0 v_0_3_s +1.0 v_0_3_g >= 1.01
v_0_4_s_to_v_0_4_g: -1.0 v_0_4_s +1.0 v_0_4_g >= 1.01
v_0_5_s_to_v_0_5_g: -1.0 v_0_5_s +1.0 v_0_5_g >= 1.01
v_0_6_s_to_v_0_6_g: -1.0 v_0_6_s +1.0 v_0_6_g >= 1.01
v_1_0_s_to_v_1_0_g: -1.0 v_1_0_s +1.0 v_1_0_g >= 1.01
v_1_1_s_to_v_1_1_g: -1.0 v_1_1_s +1.0 v_1_1_g >= 1.01
v_1_2_s_to_v_1_2_g: -1.0 v_1_2_s +1.0 v_1_2_g >= 1.01
v_1_3_s_to_v_1_3_g: -1.0 v_1_3_s +1.0 v_1_3_g >= 1.01
v_1_4_s_to_v_1_4_g: -1.0 v_1_4_s +1.0 v_1_4_g >= 1.01
v_1_5_s_to_v_1_5_g: -1.0 v_1_5_s +1.0 v_1_5_g >= 1.01
v_1_6_s_to_v_1_6_g: -1.0 v_1_6_s +1.0 v_1_6_g >= 1.01
v_0_0_g_to_v_0_1_s: -1.0 v_0_0_g +1.0 v_0_1_s >= 0.01
v_0_1_g_to_v_0_2_s: -1.0 v_0_1_g +1.0 v_0_2_s >= 0.01
v_0_2_g_to_v_0_3_s: -1.0 v_0_2_g +1.0 v_0_3_s >= 0.01
v_0_3_g_to_v_0_4_s: -1.0 v_0_3_g +1.0 v_0_4_s >= 0.01
v_0_4_g_to_v_0_5_s: -1.0 v_0_4_g +1.0 v_0_5_s >= 0.01
v_0_5_g_to_v_0_6_s: -1.0 v_0_5_g +1.0 v_0_6_s >= 0.01
v_1_0_g_to_v_1_1_s: -1.0 v_1_0_g +1.0 v_1_1_s >= 0.01
v_1_1_g_to_v_1_2_s: -1.0 v_1_1_g +1.0 v_1_2_s >= 0.01
v_1_2_g_to_v_1_3_s: -1.0 v_1_2_g +1.0 v_1_3_s >= 0.01
v_1_3_g_to_v_1_4_s: -1.0 v_1_3_g +1.0 v_1_4_s >= 0.01
v_1_4_g_to_v_1_5_s: -1.0 v_1_4_g +1.0 v_1_5_s >= 0.01
v_1_5_g_to_v_1_6_s: -1.0 v_1_5_g +1.0 v_1_6_s >= 0.01
sw_fwd_v_0_4_g_to_v_1_3_s: -1.0 v_0_4_g +1.0 v_1_3_s +1000000.0 dg_agent0_0 >= 0.01
sw_rev_v_1_4_g_to_v_0_3_s: +1.0 v_0_3_s -1.0 v_1_4_g -1000000.0 dg_agent0_0 >= -999999.99
boundary_v_0_1_g: +1.0 v_0_1_g >= 0.625
boundary_v_1_1_g: +1.0 v_1_1_g >= 0.5
13.240000000037252
Values of optimization variables
v_0_0_s: -1.405
v_0_0_g: -0.395
v_0_1_s: -0.385
v_0_1_g: 0.625
v_0_2_s: 0.635
v_0_2_g: 1.645
v_0_3_s: 3.5700000000651926
v_0_3_g: 4.580000000065192
v_0_4_s: 4.590000000065192
v_0_4_g: 5.600000000065192
v_0_5_s: 5.610000000065192
v_0_5_g: 6.6200000000651915
v_0_6_s: 6.630000000065191
v_0_6_g: 7.640000000065191
v_1_0_s: -1.5299999999999998
v_1_0_g: -0.52
v_1_1_s: -0.51
v_1_1_g: 0.5
v_1_2_s: 0.51
v_1_2_g: 1.52
v_1_3_s: 1.53
v_1_3_g: 2.54
v_1_4_s: 2.55
v_1_4_g: 3.5599999999999996
v_1_5_s: 3.5699999999999994
v_1_5_g: 4.579999999999999
v_1_6_s: 4.589999999999999
v_1_6_g: 5.599999999999999
dg_agent0_0: 1.0
--------------------------------
