/home/lyh/MAPF_PIED_MDDR_RESEARCH/implementation_binding_evidence/baseline_selection_20260929/PIED-full/lifelong_benchmark/random
*** Loading map ***
Map size: 32x32	Done! (load time: 0 s)
100 agents and 12500 tasks
computing all pair
----------------------------
Timestep 0
start
939 153 337 561 298 440 714 426 331 883 66 466 380 877 637 521 680 732 516 388 160 756 366 65 918 868 731 267 29 347 555 666 980 9 664 856 670 544 886 151 484 281 897 613 462 529 704 389 52 303 348 391 220 86 232 97 269 696 274 492 240 775 192 931 95 783 255 774 566 884 583 740 31 827 676 970 443 949 140 688 650 26 735 777 425 770 247 317 691 119 857 941 781 946 478 483 106 242 91 603 
goal
976 709 579 989 18 801 1012 464 551 753 876 400 848 589 138 910 712 784 144 19 269 465 162 409 79 590 688 981 506 67 909 504 817 910 192 855 546 222 786 74 50 285 836 448 1013 277 314 983 835 400 683 59 909 401 228 755 306 43 817 172 275 999 843 773 294 675 99 628 360 303 183 260 913 756 709 538 602 398 75 781 1023 639 254 168 616 343 373 638 186 548 266 894 902 738 795 194 936 406 528 580 
num of goal reached 100
LNS(LACAM;PP): runtime = 1.00001, deleted timesteps = 0,iterations = 3593, solution cost = 2145, initial solution cost = 2415, failed iterations = 3552
iterations details
0.00128597 1.00001 
2415 2145 
time 1.00001
Fix Solution with LACAM
start
940 185 336 593 266 472 715 427 330 851 67 465 412 845 636 522 712 731 484 389 161 724 365 66 886 836 730 299 61 379 587 667 948 41 696 855 702 512 885 150 485 313 865 581 494 530 705 421 84 335 380 359 252 85 231 98 301 728 306 460 241 807 224 930 94 782 254 775 534 883 551 741 30 859 677 1002 475 917 139 720 651 58 703 776 424 771 279 349 692 151 856 909 780 914 510 482 107 274 123 571 
goal
976 709 579 989 18 801 1012 464 551 753 876 400 848 589 138 910 423 784 144 19 269 465 162 409 79 590 688 981 506 67 909 504 817 910 192 90 546 222 786 74 50 285 836 448 1013 277 314 983 835 400 683 59 909 401 228 755 306 43 817 172 275 999 843 773 294 675 99 628 360 303 183 260 913 756 709 538 602 398 75 781 1023 639 254 168 616 343 373 638 186 548 266 894 902 738 795 194 936 406 528 580 
num of goal reached 100
LNS(LACAM;PP): runtime = 1.00001, deleted timesteps = 0,iterations = 3767, solution cost = 2089, initial solution cost = 2154, failed iterations = 3741
iterations details
0.00161519 1.00001 
2154 2089 
time 1.00001
delay agents at time 0: 89 92 
original delay count 2
Simulate PIBT window size:1
Start 2.08739
simulating t = 0
delaying 89 at 0
delaying 92 at 0
simulating t = 1
Simulation done at 2.0875
----------------------------
Timestep 1

2 tasks has been finished in this timestep
2 tasks has been finished by far in total
Fix Solution with LACAM
start
941 217 368 625 234 504 747 428 329 850 68 433 411 813 604 523 680 730 485 357 162 692 333 67 854 837 729 331 60 378 619 635 916 73 728 823 670 480 884 118 486 345 864 549 526 531 673 422 116 367 379 360 284 117 263 99 302 727 338 460 242 839 256 929 126 781 222 776 502 851 519 741 62 858 709 1003 507 885 107 752 683 90 671 744 456 772 311 381 660 151 855 877 780 882 509 450 108 275 122 539 
goal
976 709 579 989 18 801 1012 464 551 753 876 400 848 589 138 910 423 784 144 19 269 465 162 409 79 590 688 981 506 67 909 504 817 910 192 90 546 222 786 74 50 285 836 448 1013 277 314 983 835 400 683 59 909 401 228 755 306 43 817 172 275 999 843 773 294 675 99 628 360 303 183 260 913 756 449 538 602 398 75 781 1023 639 254 168 616 343 373 638 186 548 266 894 902 738 795 194 936 406 528 580 
num of goal reached 100
LNS(LACAM;PP): runtime = 0.999982, deleted timesteps = 0,iterations = 4760, solution cost = 2000, initial solution cost = 2063, failed iterations = 4730
iterations details
0.00135106 
2063 
time 0.999982
delay agents at time 0: 89 92 95 
original delay count 3
Simulate PIBT window size:1
Start 3.08827
simulating t = 0
delaying 89 at 0
delaying 92 at 0
delaying 65 at 0
delaying 95 at 0
simulating t = 1
Simulation done at 3.08839
----------------------------
Timestep 2

1 tasks has been finished in this timestep
3 tasks has been finished by far in total
Fix Solution with LACAM
start
973 216 400 657 235 503 748 429 361 849 100 401 443 814 572 555 648 729 486 358 163 660 301 68 822 805 728 363 59 377 651 603 884 105 727 824 638 448 883 117 454 345 832 548 558 499 674 423 148 368 378 328 285 149 295 131 303 726 339 428 243 871 288 897 158 781 221 777 470 819 520 709 61 857 677 1004 539 885 75 784 715 89 670 712 455 773 310 380 661 118 854 878 780 881 508 450 140 276 121 538 
goal
976 709 579 989 18 801 1012 464 551 753 876 400 848 589 138 910 423 784 144 19 269 465 162 409 79 590 688 981 506 67 909 504 817 910 192 90 546 222 786 74 50 285 836 448 1013 277 314 983 835 400 683 59 909 401 228 755 306 43 817 172 275 999 843 773 294 675 99 628 360 303 183 260 913 756 449 538 602 398 985 781 1023 639 254 168 616 343 373 638 186 548 266 894 902 738 795 194 936 406 528 580 
num of goal reached 100
LNS(LACAM;PP): runtime = 1.00001, deleted timesteps = 0,iterations = 5574, solution cost = 1950, initial solution cost = 1991, failed iterations = 5555
iterations details
0.00132504 1.00001 
1991 1950 
time 1.00001
delay agents at time 0: 76 89 92 95 
original delay count 4
Simulate PIBT window size:1
Start 4.08918
simulating t = 0
delaying 76 at 0
delaying 89 at 0
delaying 92 at 0
delaying 65 at 0
delaying 95 at 0
simulating t = 1
Simulation done at 4.08929
----------------------------
Timestep 3

1 tasks has been finished in this timestep
4 tasks has been finished by far in total
Fix Solution with LACAM
start
974 215 432 656 236 502 748 430 393 848 132 401 475 782 540 587 647 728 454 359 164 659 300 69 821 806 727 395 91 376 683 602 883 137 726 792 637 449 851 116 422 345 800 516 590 467 675 455 180 400 377 296 317 148 294 163 335 725 371 429 275 903 289 865 157 781 220 778 469 787 521 677 60 856 676 1005 539 884 107 783 747 121 638 680 487 774 309 412 629 118 822 879 780 880 508 450 172 308 153 506 
goal
976 709 579 989 18 801 1012 464 551 753 876 400 848 589 138 910 423 784 144 19 269 465 162 409 79 590 688 981 506 67 909 504 817 910 192 90 546 222 786 74 50 285 836 448 1013 277 314 983 835 333 683 59 909 401 228 755 306 43 817 172 44 999 843 773 294 675 99 628 360 303 183 260 913 756 449 538 602 398 985 781 1023 639 254 168 616 343 373 638 186 548 266 894 902 738 795 194 936 406 528 580 
num of goal reached 100
LNS(LACAM;PP): runtime = 0.999959, deleted timesteps = 0,iterations = 5532, solution cost = 1875, initial solution cost = 1907, failed iterations = 5520
iterations details
0.00127462 
1907 
time 0.999959
delay agents at time 0: 68 76 89 92 
original delay count 4
Simulate PIBT window size:1
Start 5.09006
simulating t = 0
delaying 68 at 0
delaying 76 at 0
delaying 89 at 0
delaying 92 at 0
delaying 65 at 0
delaying 13 at 0
simulating t = 1
Simulation done at 5.09017
----------------------------
Timestep 4

2 tasks has been finished in this timestep
6 tasks has been finished by far in total
Fix Solution with LACAM
start
975 214 431 655 237 534 748 462 425 847 133 400 507 814 539 619 615 727 422 327 165 658 299 70 820 807 726 427 90 375 715 570 851 136 725 793 636 450 819 84 390 377 801 515 591 435 676 487 212 368 376 264 349 180 293 195 336 724 403 430 243 935 321 864 156 781 188 746 469 755 522 645 59 855 644 973 508 883 108 782 747 153 637 648 519 742 341 444 597 118 821 880 780 848 540 418 204 309 185 505 
goal
976 709 579 989 18 801 1012 464 551 753 876 456 848 589 138 910 423 784 144 19 269 465 162 409 79 590 688 981 506 67 909 504 817 910 192 90 546 222 786 74 50 285 836 448 1013 277 314 983 835 333 683 59 909 401 228 755 306 43 817 172 44 999 843 773 294 675 99 628 360 303 183 260 913 756 449 538 602 398 985 781 1023 639 254 168 616 343 373 638 186 548 266 894 902 738 795 194 936 406 528 580 
num of goal reached 100
LNS(LACAM;PP): runtime = 1.00001, deleted timesteps = 0,iterations = 6553, solution cost = 1800, initial solution cost = 1839, failed iterations = 6539
iterations details
0.00126589 1.00001 
1839 1800 
time 1.00001
delay agents at time 0: 76 89 92 
original delay count 3
Simulate PIBT window size:1
Start 6.09095
simulating t = 0
delaying 76 at 0
delaying 12 at 0
delaying 89 at 0
delaying 92 at 0
delaying 65 at 0
delaying 79 at 0
simulating t = 1
Simulation done at 6.09109
----------------------------
Timestep 5

1 tasks has been finished in this timestep
7 tasks has been finished by far in total
Fix Solution with LACAM
start
976 213 430 687 205 566 748 463 457 815 134 432 474 782 507 651 583 726 390 328 133 657 298 71 788 808 725 459 89 343 747 538 850 168 724 761 604 418 787 83 391 378 802 483 623 403 677 519 244 367 408 232 381 212 261 227 337 692 404 398 242 936 353 832 124 781 156 714 468 756 523 613 91 854 612 974 508 851 140 783 779 185 636 616 551 710 373 476 565 118 820 881 780 847 572 419 236 341 184 504 
goal
400 709 579 989 18 801 1012 464 551 753 876 456 848 589 138 910 423 784 144 19 269 465 162 409 79 590 688 981 506 67 909 504 817 910 192 90 546 222 786 74 50 285 836 448 1013 277 314 983 835 333 683 59 909 401 228 755 306 43 817 172 44 999 843 773 294 675 99 628 360 303 183 260 913 756 449 538 602 398 985 781 1023 639 254 168 616 343 41 638 186 548 266 894 902 738 795 194 936 406 528 580 
num of goal reached 100
LNS(LACAM;PP): runtime = 1.00001, deleted timesteps = 0,iterations = 4462, solution cost = 1748, initial solution cost = 1827, failed iterations = 4434
iterations details
0.0012856 1.00001 
1827 1748 
time 1.00001
delay agents at time 0: 76 89 92 
original delay count 3
Simulate PIBT window size:1
Start 7.09206
simulating t = 0
delaying 76 at 0
delaying 14 at 0
delaying 89 at 0
delaying 92 at 0
delaying 65 at 0
delaying 13 at 0
simulating t = 1
Simulation done at 7.09219
----------------------------
Timestep 6

2 tasks has been finished in this timestep
9 tasks has been finished by far in total
Fix Solution with LACAM
start
944 212 429 719 173 565 748 464 489 783 135 431 473 814 507 683 551 725 358 296 134 625 297 72 788 809 724 491 121 311 779 506 849 200 692 729 603 419 786 82 359 379 803 482 655 371 645 520 243 367 440 233 380 244 260 259 338 660 405 366 241 968 354 800 123 781 124 682 467 756 524 581 90 822 580 975 475 850 172 782 811 217 635 584 550 678 341 508 533 118 819 882 780 846 604 387 268 340 183 503 
goal
400 709 579 989 18 801 1012 14 551 753 876 456 848 589 138 910 423 784 144 19 269 465 162 409 79 590 688 981 506 67 909 504 817 910 192 90 546 222 359 74 50 285 836 448 1013 277 314 983 835 333 683 59 909 401 228 755 306 43 817 172 44 999 843 773 294 675 99 628 360 303 183 260 913 756 449 538 602 398 985 781 1023 639 254 168 616 343 41 638 186 548 266 894 902 738 795 194 936 406 528 580 
num of goal reached 100
LNS(LACAM;PP): runtime = 0.999983, deleted timesteps = 0,iterations = 4409, solution cost = 1702, initial solution cost = 1756, failed iterations = 4378
iterations details
0.00129171 
1756 
time 0.999983
delay agents at time 0: 23 57 89 92 
original delay count 4
Simulate PIBT window size:1
Start 8.09293
simulating t = 0
delaying 23 at 0
delaying 57 at 0
delaying 34 at 0
delaying 26 at 0
delaying 17 at 0
delaying 89 at 0
delaying 92 at 0
delaying 65 at 0
delaying 79 at 0
delaying 9 at 0
simulating t = 1
Simulation done at 8.09305
----------------------------
Timestep 7

2 tasks has been finished in this timestep
11 tasks has been finished by far in total
Fix Solution with LACAM
start
912 244 428 751 141 597 748 432 489 783 167 430 472 782 506 715 519 725 326 264 135 593 296 72 756 777 757 523 153 310 811 505 817 232 692 728 571 420 818 81 360 347 835 481 687 339 613 521 242 366 439 234 412 243 228 260 306 691 437 365 240 1000 354 768 122 781 123 683 466 724 525 549 89 821 548 976 474 849 204 784 843 249 603 583 582 646 309 540 534 118 787 883 780 814 636 355 300 341 215 502 
goal
400 709 579 989 18 801 1012 14 551 753 876 456 848 589 138 910 423 784 144 19 269 465 162 409 79 590 688 981 506 67 909 504 705 910 192 90 546 222 359 74 50 285 836 448 1013 277 314 983 835 333 683 59 909 401 753 755 100 43 817 172 44 999 843 773 294 675 99 628 360 303 183 260 913 756 449 538 602 398 985 781 1023 639 254 168 616 343 41 638 186 548 266 894 902 738 795 194 936 406 528 580 
num of goal reached 100
LNS(LACAM;PP): runtime = 0.999997, deleted timesteps = 0,iterations = 4296, solution cost = 1698, initial solution cost = 1757, failed iterations = 4269
iterations details
0.00125888 
1757 
time 0.999997
delay agents at time 0: 23 89 92 
original delay count 3
Simulate PIBT window size:1
Start 9.09379
simulating t = 0
delaying 23 at 0
delaying 89 at 0
delaying 92 at 0
delaying 65 at 0
delaying 13 at 0
delaying 93 at 0
simulating t = 1
Simulation done at 9.09394
----------------------------
Timestep 8

3 tasks has been finished in this timestep
14 tasks has been finished by far in total
Fix Solution with LACAM
start
880 243 460 719 109 629 748 400 521 751 199 429 440 782 505 747 487 726 327 265 167 561 295 72 724 745 725 555 185 309 843 504 849 264 660 696 539 421 850 80 361 348 836 449 687 340 581 522 241 365 438 235 444 275 260 261 274 659 469 333 208 999 355 769 154 781 122 684 465 692 526 517 121 820 516 944 506 848 205 783 844 281 571 551 583 647 277 572 502 118 788 884 780 845 637 323 299 373 214 470 
goal
400 709 579 989 18 801 1012 14 551 753 876 456 848 589 138 910 423 784 144 19 269 465 162 409 79 590 688 981 506 67 909 990 705 910 192 90 546 222 359 74 50 285 483 448 1013 277 314 983 835 333 683 59 909 401 753 755 100 43 817 172 44 288 843 773 294 675 99 628 360 303 183 260 913 756 449 538 602 398 985 781 1023 639 254 168 616 343 41 638 186 548 266 894 902 738 795 194 936 406 528 580 
num of goal reached 100
LNS(LACAM;PP): runtime = 1.00001, deleted timesteps = 0,iterations = 4699, solution cost = 1678, initial solution cost = 1738, failed iterations = 4670
iterations details
0.00135605 1.00001 
1738 1678 
time 1.00001
delay agents at time 0: 76 89 
original delay count 2
Simulate PIBT window size:1
Start 10.0947
simulating t = 0
delaying 76 at 0
delaying 89 at 0
simulating t = 1
Simulation done at 10.0948
----------------------------
Timestep 9

3 tasks has been finished in this timestep
17 tasks has been finished by far in total
Fix Solution with LACAM
start
879 242 459 751 110 628 748 368 520 752 200 428 472 750 473 779 455 725 328 266 199 529 294 104 692 713 724 587 217 308 844 505 848 296 659 664 507 422 849 79 362 349 804 448 719 341 549 523 240 333 437 236 443 274 261 293 273 658 501 301 176 1000 356 770 186 780 121 685 433 691 494 485 120 788 484 912 506 847 206 782 845 313 572 519 615 648 276 604 470 118 756 885 812 813 638 291 331 405 213 469 
goal
400 709 579 989 18 801 1012 14 551 753 876 456 848 589 138 910 423 784 144 19 269 465 162 409 79 590 688 981 506 67 909 990 705 910 192 90 546 222 359 74 50 285 483 572 1013 277 314 983 835 984 683 59 909 401 753 755 100 43 817 172 44 288 843 773 294 675 99 628 360 303 183 260 913 756 449 538 602 398 985 781 1023 639 254 168 616 343 41 638 186 548 266 894 902 738 795 194 936 406 528 580 
num of goal reached 100
LNS(LACAM;PP): runtime = 1, deleted timesteps = 0,iterations = 4595, solution cost = 1649, initial solution cost = 1686, failed iterations = 4577
iterations details
0.00129789 1 
1686 1649 
time 1
delay agents at time 0: 76 89 98 
original delay count 3
Simulate PIBT window size:1
Start 11.0957
simulating t = 0
delaying 76 at 0
delaying 89 at 0
delaying 98 at 0
simulating t = 1
Simulation done at 11.0958
----------------------------
Timestep 10

2 tasks has been finished in this timestep
19 tasks has been finished by far in total
Fix Solution with LACAM
start
880 242 491 783 111 627 780 336 519 753 232 427 504 718 441 811 423 757 329 234 231 530 294 136 660 714 692 619 249 276 876 506 847 297 658 632 507 422 848 47 330 317 805 449 751 309 517 555 239 365 469 237 475 306 293 325 241 657 533 269 144 968 357 771 185 779 120 686 432 659 462 486 119 756 483 913 474 815 207 781 877 345 540 487 616 649 244 636 438 118 724 886 844 812 670 259 363 406 213 468 
goal
400 709 579 989 18 801 1012 14 551 204 876 456 848 589 138 910 835 784 144 19 269 465 162 409 79 590 688 981 506 67 909 990 705 910 192 90 546 222 359 74 50 285 483 572 1013 277 314 983 835 984 683 59 909 401 753 755 100 43 817 172 44 288 843 773 294 675 99 628 360 303 183 260 913 748 449 538 602 398 985 489 1023 639 254 168 750 343 41 638 186 548 266 894 902 738 795 194 936 239 528 580 
num of goal reached 100
LNS(LACAM;PP): runtime = 1, deleted timesteps = 0,iterations = 5190, solution cost = 1655, initial solution cost = 1721, failed iterations = 5162
iterations details
0.00121887 1 
1721 1655 
time 1
delay agents at time 0: 76 78 98 
original delay count 3
Simulate PIBT window size:1
Start 12.0965
simulating t = 0
delaying 78 at 0
delaying 98 at 0
simulating t = 1
Simulation done at 12.0966
----------------------------
Timestep 11

6 tasks has been finished in this timestep
25 tasks has been finished by far in total
Fix Solution with LACAM
start
848 241 490 815 79 628 781 335 551 752 233 459 503 686 409 843 455 756 330 235 263 498 293 168 659 682 660 651 281 275 877 538 846 329 657 600 507 423 847 46 331 285 773 450 783 277 485 556 271 366 468 238 474 338 325 326 240 625 565 237 112 936 358 772 184 778 119 687 431 658 430 454 151 788 482 914 506 814 207 782 878 377 541 486 648 650 243 637 406 117 692 887 876 811 702 227 395 405 213 467 
goal
400 709 579 989 18 801 1012 14 132 204 876 456 848 589 138 910 835 784 144 19 269 465 162 409 79 590 688 981 506 67 909 990 705 910 192 90 546 222 359 74 50 797 483 572 1013 798 314 983 835 984 683 59 909 401 753 755 100 43 817 172 44 288 843 773 294 675 99 628 360 303 183 260 913 748 449 538 602 398 985 489 1023 639 254 168 750 343 41 638 186 548 266 894 902 738 795 194 936 239 528 580 
num of goal reached 100
LNS(LACAM;PP): runtime = 1, deleted timesteps = 0,iterations = 6252, solution cost = 1620, initial solution cost = 1652, failed iterations = 6234
iterations details
0.00121084 1 
1652 1620 
time 1
delay agents at time 0: 70 76 78 79 98 
original delay count 5
Simulate PIBT window size:1
Start 13.0974
simulating t = 0
delaying 70 at 0
delaying 76 at 0
delaying 52 at 0
delaying 78 at 0
delaying 79 at 0
delaying 6 at 0
delaying 98 at 0
simulating t = 1
Simulation done at 13.0975
----------------------------
Timestep 12

3 tasks has been finished in this timestep
28 tasks has been finished by far in total
Fix Solution with LACAM
start
848 240 522 847 47 627 812 303 519 751 265 458 502 654 408 844 487 755 331 236 264 498 261 200 658 650 659 683 313 274 909 539 845 361 625 601 506 424 846 45 299 317 741 418 815 309 486 588 270 367 467 206 475 337 326 327 239 593 597 205 80 904 390 773 216 777 118 688 430 657 462 422 183 787 481 882 474 782 207 781 879 409 509 454 649 651 242 638 407 116 660 888 875 779 701 226 427 404 213 466 
goal
400 709 579 989 18 801 1012 14 132 204 876 456 848 589 138 910 835 784 144 19 269 465 162 409 79 590 688 981 506 67 775 990 705 910 192 90 546 222 359 74 50 797 483 572 1013 798 314 983 835 984 683 59 909 401 753 755 100 43 817 172 44 288 843 1004 294 675 99 628 360 303 183 260 913 748 449 538 602 398 985 489 1023 639 254 168 750 343 41 240 186 548 266 894 902 738 795 194 936 239 528 580 
num of goal reached 100
LNS(LACAM;PP): runtime = 1.00001, deleted timesteps = 0,iterations = 6873, solution cost = 1583, initial solution cost = 1634, failed iterations = 6853
iterations details
0.00116847 1.00001 
1634 1583 
time 1.00001
delay agents at time 0: 1 70 76 78 79 98 
original delay count 6
Simulate PIBT window size:1
Start 14.0984
simulating t = 0
delaying 1 at 0
delaying 78 at 0
delaying 51 at 0
delaying 98 at 0
simulating t = 1
Simulation done at 14.0985
----------------------------
Timestep 13

3 tasks has been finished in this timestep
31 tasks has been finished by far in total
Fix Solution with LACAM
start
848 240 521 879 48 627 844 271 487 719 297 457 501 622 407 876 486 787 299 237 265 466 260 232 657 651 658 715 345 242 877 540 813 393 593 569 505 425 814 44 300 349 709 419 847 310 454 589 269 368 499 206 507 369 358 328 238 561 629 204 79 903 391 805 216 776 86 656 429 625 463 390 215 819 449 883 506 750 207 782 880 441 477 422 650 619 241 637 375 148 659 889 874 778 733 194 459 403 213 465 
goal
400 709 579 989 18 801 1012 14 132 204 876 456 848 589 138 910 835 784 144 19 269 465 162 409 79 590 688 981 506 67 775 990 705 910 192 90 546 222 359 74 50 797 483 572 1013 798 314 983 835 984 683 59 909 401 753 755 100 43 817 172 44 288 843 1004 294 675 99 628 360 303 183 260 913 748 714 538 602 398 985 489 1023 639 254 168 750 343 41 240 186 548 266 894 902 738 795 227 936 239 528 580 
num of goal reached 100
LNS(LACAM;PP): runtime = 0.999998, deleted timesteps = 0,iterations = 8238, solution cost = 1506, initial solution cost = 1568, failed iterations = 8223
iterations details
0.00117915 
1568 
time 0.999998
delay agents at time 0: 70 76 78 79 98 
original delay count 5
Simulate PIBT window size:1
Start 15.0994
simulating t = 0
delaying 70 at 0
delaying 76 at 0
delaying 78 at 0
delaying 51 at 0
delaying 56 at 0
delaying 79 at 0
delaying 98 at 0
simulating t = 1
Simulation done at 15.0996
----------------------------
Timestep 14

2 tasks has been finished in this timestep
33 tasks has been finished by far in total
Fix Solution with LACAM
start
847 239 520 880 49 659 845 270 486 718 298 456 533 622 406 908 485 819 267 205 266 465 228 264 625 619 657 747 377 241 876 572 781 425 561 570 504 426 813 43 301 381 677 420 879 311 455 590 268 400 498 206 506 401 359 329 238 529 628 172 47 902 423 806 215 775 85 656 428 593 463 358 247 818 481 851 474 751 207 782 881 473 445 390 682 587 240 636 376 180 658 890 906 777 765 195 491 371 213 464 
goal
400 709 579 989 18 801 1012 14 132 204 876 178 848 589 138 910 835 784 144 19 269 521 162 409 79 590 688 981 506 67 775 990 705 910 192 90 546 222 359 74 50 797 483 572 1013 798 314 983 835 984 683 59 909 615 753 755 100 43 817 448 44 288 843 1004 294 675 99 628 360 303 183 260 913 748 714 538 602 398 985 489 1023 639 254 168 750 343 41 240 186 548 266 894 902 738 795 227 936 239 528 580 
num of goal reached 100
LNS(LACAM;PP): runtime = 0.999955, deleted timesteps = 0,iterations = 7680, solution cost = 1488, initial solution cost = 1529, failed iterations = 7654
iterations details
0.00111177 
1529 
time 0.999955
delay agents at time 0: 37 78 79 85 
original delay count 4
Simulate PIBT window size:1
Start 16.0991
simulating t = 0
delaying 37 at 0
delaying 33 at 0
delaying 78 at 0
delaying 51 at 0
delaying 56 at 0
delaying 1 at 0
delaying 86 at 0
delaying 29 at 0
delaying 79 at 0
delaying 32 at 0
delaying 38 at 0
delaying 85 at 0
delaying 25 at 0
simulating t = 1
Simulation done at 16.0993
----------------------------
Timestep 15

4 tasks has been finished in this timestep
37 tasks has been finished by far in total
Fix Solution with LACAM
start
815 239 519 881 50 658 846 269 454 686 330 424 565 590 405 909 484 818 268 173 267 464 196 265 593 619 656 748 409 241 844 604 812 425 560 538 503 426 813 75 302 380 676 421 880 343 456 591 300 432 530 206 505 433 360 361 238 528 660 204 46 870 455 807 214 774 84 655 427 561 431 357 279 817 482 819 506 719 207 782 882 474 413 391 683 620 240 635 344 179 657 891 905 776 797 227 523 339 212 463 
goal
400 709 579 989 18 801 1012 14 132 204 876 178 848 589 138 910 835 784 144 19 269 521 162 409 79 590 688 981 506 67 775 990 705 910 192 90 546 222 359 74 50 797 483 572 1013 798 314 983 835 984 683 59 909 615 753 755 100 43 817 448 44 288 843 1004 294 675 99 628 360 303 183 260 913 748 714 538 602 398 985 489 1023 639 254 168 750 343 41 240 186 548 266 894 902 738 795 950 936 239 528 580 
num of goal reached 100
LNS(LACAM;PP): runtime = 0.999968, deleted timesteps = 0,iterations = 7437, solution cost = 1441, initial solution cost = 1452, failed iterations = 7425
iterations details
0.00119792 
1452 
time 0.999968
delay agents at time 0: 37 65 78 79 85 98 
original delay count 6
Simulate PIBT window size:1
Start 17.0989
simulating t = 0
delaying 37 at 0
delaying 33 at 0
delaying 65 at 0
delaying 78 at 0
delaying 51 at 0
delaying 56 at 0
delaying 1 at 0
delaying 86 at 0
delaying 29 at 0
delaying 79 at 0
delaying 85 at 0
delaying 25 at 0
delaying 98 at 0
simulating t = 1
Simulation done at 17.099
----------------------------
Timestep 16

1 tasks has been finished in this timestep
38 tasks has been finished by far in total
Fix Solution with LACAM
start
783 239 551 882 18 657 847 237 422 654 331 425 597 589 373 910 516 817 269 141 268 463 164 266 592 619 688 780 441 241 843 636 811 393 528 539 502 426 812 74 270 412 644 389 881 375 457 623 299 464 529 206 504 465 361 362 238 496 692 236 45 838 487 839 213 774 83 656 395 560 432 325 278 849 483 820 538 687 207 782 883 475 381 359 684 620 240 603 312 178 625 892 904 775 829 259 555 338 212 462 
goal
400 709 579 989 640 801 1012 14 132 204 876 178 848 547 138 161 835 784 144 19 269 521 162 409 79 590 719 981 506 67 775 990 705 910 192 90 546 222 359 268 50 797 483 572 1013 798 314 983 835 984 683 59 909 615 753 755 100 43 817 448 44 288 843 1004 294 675 99 628 360 303 183 260 913 748 714 538 602 398 985 489 1023 639 254 168 750 343 41 240 186 548 266 894 902 738 795 950 936 239 528 580 
num of goal reached 100
LNS(LACAM;PP): runtime = 0.999993, deleted timesteps = 0,iterations = 9176, solution cost = 1458, initial solution cost = 1523, failed iterations = 9156
iterations details
0.00113328 
1523 
time 0.999993
delay agents at time 0: 25 37 53 65 79 85 98 
original delay count 7
Simulate PIBT window size:1
Start 18.0984
simulating t = 0
delaying 25 at 0
delaying 37 at 0
delaying 11 at 0
delaying 53 at 0
delaying 65 at 0
delaying 93 at 0
delaying 79 at 0
delaying 85 at 0
delaying 98 at 0
delaying 64 at 0
simulating t = 1
Simulation done at 18.0986
----------------------------
Timestep 17

5 tasks has been finished in this timestep
43 tasks has been finished by far in total
Fix Solution with LACAM
start
751 271 550 883 50 689 879 205 421 622 331 424 629 589 341 878 548 849 237 109 269 462 163 267 560 619 720 781 473 209 811 637 810 425 496 538 470 426 780 75 238 444 612 390 882 407 458 655 298 465 561 207 503 433 393 361 206 464 724 235 44 806 519 871 213 774 82 657 363 528 400 293 277 848 484 788 570 686 208 782 884 507 349 360 685 620 239 571 313 210 593 893 903 775 861 291 587 306 212 494 
goal
400 709 579 989 640 801 1012 14 132 204 876 178 848 547 138 161 835 784 144 19 207 521 162 409 79 590 719 981 506 67 775 990 705 910 192 90 546 222 359 268 50 797 483 572 1013 798 314 983 835 984 683 59 909 615 753 755 100 43 817 448 908 288 843 1004 294 675 99 628 360 303 183 260 913 748 714 538 602 398 985 489 1023 639 254 168 750 343 41 240 186 548 266 894 902 738 795 950 936 239 528 580 
num of goal reached 100
LNS(LACAM;PP): runtime = 0.999989, deleted timesteps = 0,iterations = 8486, solution cost = 1411, initial solution cost = 1494, failed iterations = 8454
iterations details
0.00113013 
1494 
time 0.999989
delay agents at time 0: 4 25 37 53 65 79 85 98 
original delay count 8
Simulate PIBT window size:1
Start 19.0995
simulating t = 0
delaying 4 at 0
delaying 25 at 0
delaying 37 at 0
delaying 33 at 0
delaying 54 at 0
delaying 55 at 0
delaying 65 at 0
delaying 93 at 0
delaying 79 at 0
delaying 27 at 0
delaying 38 at 0
delaying 85 at 0
delaying 98 at 0
delaying 64 at 0
simulating t = 1
Simulation done at 19.0996
----------------------------
Timestep 18

2 tasks has been finished in this timestep
45 tasks has been finished by far in total
Fix Solution with LACAM
start
751 303 582 884 50 721 880 173 389 590 363 424 628 589 340 846 580 848 238 77 270 494 162 268 528 651 719 781 505 177 810 638 778 425 464 506 469 426 811 107 239 476 611 391 883 439 459 656 330 466 593 208 502 465 393 361 205 432 724 267 76 805 551 903 213 774 81 658 362 496 401 261 309 847 485 756 602 654 209 782 885 508 350 328 717 620 207 539 281 242 592 894 902 775 860 323 619 274 212 526 
goal
400 709 579 989 640 801 1012 14 132 204 876 178 848 547 138 161 835 784 144 19 207 521 134 409 79 590 776 981 506 67 775 990 705 910 192 90 546 222 359 268 50 797 483 572 1013 798 314 983 835 984 683 59 909 615 753 755 100 43 817 448 908 288 843 1004 294 675 99 628 360 303 183 260 913 748 714 538 306 398 985 489 1023 639 254 168 750 343 41 240 186 548 266 510 184 738 795 950 936 239 528 580 
num of goal reached 100
LNS(LACAM;PP): runtime = 1, deleted timesteps = 0,iterations = 8080, solution cost = 1422, initial solution cost = 1504, failed iterations = 8052
iterations details
0.00119877 1 
1504 1422 
time 1
delay agents at time 0: 25 37 43 53 65 79 85 98 
original delay count 8
Simulate PIBT window size:1
Start 20.1005
simulating t = 0
delaying 37 at 0
delaying 33 at 0
delaying 54 at 0
delaying 55 at 0
delaying 68 at 0
delaying 10 at 0
delaying 43 at 0
delaying 53 at 0
delaying 65 at 0
delaying 93 at 0
delaying 79 at 0
delaying 27 at 0
delaying 85 at 0
delaying 96 at 0
delaying 98 at 0
delaying 64 at 0
simulating t = 1
Simulation done at 20.1006
----------------------------
Timestep 19

5 tasks has been finished in this timestep
50 tasks has been finished by far in total
Fix Solution with LACAM
start
719 302 581 885 49 753 881 141 357 558 363 424 660 590 339 814 612 847 239 45 238 526 163 269 496 683 687 812 506 176 778 670 777 425 432 474 468 426 810 107 240 508 579 391 884 440 460 657 329 498 625 209 534 465 393 361 173 400 756 266 108 773 583 935 213 774 113 659 362 464 402 260 341 846 517 757 570 622 210 781 886 540 318 296 718 620 206 507 249 241 560 862 903 775 859 324 619 242 212 525 
goal
400 709 579 989 640 801 1012 14 132 204 876 178 848 547 138 161 835 784 144 19 207 521 134 409 79 590 776 981 416 67 775 990 705 910 192 90 546 222 359 268 50 797 483 572 1013 798 314 983 835 984 683 59 909 615 753 755 100 43 817 448 908 288 843 1004 294 675 99 628 360 303 183 769 913 748 714 538 306 398 985 489 1023 639 254 168 750 343 41 240 186 548 266 510 184 738 795 950 936 239 528 580 
num of goal reached 100
LNS(LACAM;PP): runtime = 1, deleted timesteps = 0,iterations = 8761, solution cost = 1389, initial solution cost = 1422, failed iterations = 8746
iterations details
0.00102995 1 
1422 1389 
time 1
delay agents at time 0: 0 3 25 37 43 53 65 79 85 98 
original delay count 10
Simulate PIBT window size:1
Start 21.1016
simulating t = 0
delaying 0 at 0
delaying 3 at 0
delaying 44 at 0
delaying 25 at 0
delaying 37 at 0
delaying 33 at 0
delaying 54 at 0
delaying 55 at 0
delaying 68 at 0
delaying 10 at 0
delaying 43 at 0
delaying 53 at 0
delaying 65 at 0
delaying 93 at 0
delaying 85 at 0
delaying 96 at 0
delaying 98 at 0
delaying 64 at 0
simulating t = 1
Simulation done at 21.1018
----------------------------
Timestep 20

2 tasks has been finished in this timestep
52 tasks has been finished by far in total

Done!
delays insert 2 4 5 6 6 6 10 6 2 3 2 7 4 7 13 13 10 14 16 18 
replan time 0.0016146 0.00135064 0.00132461 0.00127418 0.00126529 0.00128507 0.00129135 0.00125842 0.00135563 0.00129742 0.00121854 0.00121045 0.00116815 0.00117844 0.00111141 0.00119742 0.00113281 0.00112973 0.00119842 0.00102956 
replan cost 2154 2063 1991 1907 1839 1827 1756 1757 1738 1686 1721 1652 1634 1568 1529 1452 1523 1494 1504 1422 
replan due to delay 0 2 4 5 6 4 6 8 6 2 3 2 7 4 7 11 12 9 13 13 
 success rate 1
avg delay insert 7.7
avg replan time 1.05633
avg replan cost-1.07375e+263
avg replan due to delay6.2
