[2026-09-30 21:14:58.928] [info] Invoke policy: joint_settled
[2026-09-30 21:14:58.928] [info] Look ahead tick: 0
[2026-09-30 21:14:58.928] [info] Look ahead dist: 0
[2026-09-30 21:14:58.928] [info] Simulation window tick: 10
[2026-09-30 21:14:58.972] [ExecutionManager] [info] Setting up backup planner...
[2026-09-30 21:14:58.972] [ExecutionManager] [info] *** Loading map ***
[2026-09-30 21:14:58.972] [ExecutionManager] [info] Map size: 5x5 with 0 endpoints and 0 workstations.
[2026-09-30 21:14:58.972] [ExecutionManager] [info] Done! (0.00 s)
[2026-09-30 21:14:58.972] [ExecutionManager] [info] Setting up single-agent planner: ASTAR...
[2026-09-30 21:14:58.972] [ExecutionManager] [info] Setting up heuristic table: basic...
[2026-09-30 21:14:58.972] [ExecutionManager] [info] *** Computing heuristics ***
[2026-09-30 21:14:58.973] [ExecutionManager] [info] Done! (0 s)
[2026-09-30 21:14:58.973] [ExecutionManager] [info] Backup planner: PIBT
[2026-09-30 21:14:58.973] [ExecutionManager] [info] Setting up task assigner...
[2026-09-30 21:14:58.973] [ExecutionManager] [info] Loading tasks from file: 
[2026-09-30 21:14:58.973] [ExecutionManager] [info] No task file provided, using random tasks.
[2026-09-30 21:14:59.623] [ExecutionManager] [info] Closing server at port 9352
[2026-09-30 21:14:59.624] [ExecutionManager] [info] Simulation count: 200
[2026-09-30 21:14:59.624] [ExecutionManager] [info] Number of finished tasks: 1
[2026-09-30 21:14:59.624] [ExecutionManager] [info] Number of finished backup tasks: 0
[2026-09-30 21:14:59.624] [ExecutionManager] [info] Overall runtime: 83136.00 seconds
[2026-09-30 21:14:59.624] [ExecutionManager] [info] mean_avg_rotation: 3.5
[2026-09-30 21:14:59.624] [ExecutionManager] [info] mean_avg_move: 5.5
[2026-09-30 21:14:59.624] [ExecutionManager] [info] avg_total_actions: 9
[2026-09-30 21:14:59.624] [ExecutionManager] [info] n_planner_invokes: 4
[2026-09-30 21:14:59.624] [ExecutionManager] [info] Statistics written to /home/lyh/MAPF_LMAPF_ERROR_GUIDANCE_EXPLORE/exploration/error_guidance/gpibt_lsmart_active_20260930_r3/attempts/pause/stats.json
[2026-09-30 21:14:59.624] [ExecutionManager] [info] Server closed successfully.
