/home/lyh/MAPF_PIED_MDDR_RESEARCH/implementation_binding_evidence/baseline_selection_20260929/Guided-PIBT/guided-pibt/benchmark-lifelong
*** Loading map ***
Map size: 33x57	Done! (load time: 0 s)
200 agents and 50000 tasks
---priority-initialization-seed,43
---timestep,0
---t-update,0
---init-agents:100
---t-init,7056
---t-lns,7057
---t-done,8780
---timestep-task-finished,1
---total-task-finished,1
---timestep,1
---t-update,0
---init-agents:100
---t-init,17609
---t-lns,17609
---t-done,18506
---timestep-task-finished,1
---total-task-finished,2
---timestep,2
---t-update,0
---t-init,269
---op-flow,48
---vetex-flow,2181
---op-flow,29
---vertex-flow,2160
---t-lns,12401
---t-done,12403
---timestep-task-finished,0
---total-task-finished,2
---timestep,3
---t-update,0
---t-init,1
---op-flow,29
---vetex-flow,2160
---op-flow,18
---vertex-flow,2069
---t-lns,9977
---t-done,9979
---timestep-task-finished,0
---total-task-finished,2
---timestep,4
---t-update,0
---t-init,1
---op-flow,18
---vetex-flow,2069
---op-flow,13
---vertex-flow,1998
---t-lns,10012
---t-done,10013
---timestep-task-finished,2
---total-task-finished,4
---timestep,5
---t-update,0
---t-init,320
---op-flow,14
---vetex-flow,2030
---op-flow,13
---vertex-flow,1988
---t-lns,7770
---t-done,7772
---timestep-task-finished,1
---total-task-finished,5
---timestep,6
---t-update,0
---t-init,59
---op-flow,26
---vetex-flow,1994
---op-flow,8
---vertex-flow,1922
---t-lns,7868
---t-done,7869
---timestep-task-finished,2
---total-task-finished,7
---timestep,7
---t-update,0
---t-init,300
---op-flow,8
---vetex-flow,1950
---op-flow,6
---vertex-flow,1907
---t-lns,9705
---t-done,9706
---timestep-task-finished,2
---total-task-finished,9
---timestep,8
---t-update,0
---t-init,174
---op-flow,6
---vetex-flow,1934
---op-flow,4
---vertex-flow,1833
---t-lns,9596
---t-done,9598
---timestep-task-finished,3
---total-task-finished,12
---timestep,9
---t-update,0
---t-init,242
---op-flow,4
---vetex-flow,1866
---op-flow,3
---vertex-flow,1783
---t-lns,7284
---t-done,7285
---timestep-task-finished,6
---total-task-finished,18
---timestep,10
---t-update,0
---t-init,857
---op-flow,10
---vetex-flow,1890
---op-flow,5
---vertex-flow,1792
---t-lns,9075
---t-done,9078
---timestep-task-finished,1
---total-task-finished,19
---timestep,11
---t-update,0
---t-init,202
---op-flow,5
---vetex-flow,1817
---op-flow,4
---vertex-flow,1720
---t-lns,9919
---t-done,9920
---timestep-task-finished,4
---total-task-finished,23
---timestep,12
---t-update,0
---t-init,346
---op-flow,5
---vetex-flow,1757
---op-flow,3
---vertex-flow,1670
---t-lns,14254
---t-done,14257
---timestep-task-finished,5
---total-task-finished,28
---timestep,13
---t-update,0
---t-init,524
---op-flow,7
---vetex-flow,1733
---op-flow,5
---vertex-flow,1595
---t-lns,11328
---t-done,11330
---timestep-task-finished,5
---total-task-finished,33
---timestep,14
---t-update,1
---t-init,1318
---op-flow,4
---vetex-flow,1717
---op-flow,4
---vertex-flow,1633
---t-lns,11370
---t-done,11374
---timestep-task-finished,2
---total-task-finished,35
---timestep,15
---t-update,0
---t-init,468
---op-flow,4
---vetex-flow,1677
---op-flow,1
---vertex-flow,1582
---t-lns,10294
---t-done,10296
---timestep-task-finished,4
---total-task-finished,39
---timestep,16
---t-update,1
---t-init,1186
---op-flow,5
---vetex-flow,1661
---op-flow,2
---vertex-flow,1609
---t-lns,8083
---t-done,8085
---timestep-task-finished,2
---total-task-finished,41
---timestep,17
---t-update,0
---t-init,255
---op-flow,2
---vetex-flow,1644
---op-flow,2
---vertex-flow,1570
---t-lns,8908
---t-done,8909
---timestep-task-finished,2
---total-task-finished,43
---timestep,18
---t-update,0
---t-init,398
---op-flow,2
---vetex-flow,1616
---op-flow,1
---vertex-flow,1503
---t-lns,6234
---t-done,6235
---timestep-task-finished,3
---total-task-finished,46
---timestep,19
---t-update,0
---t-init,610
---op-flow,3
---vetex-flow,1542
---op-flow,2
---vertex-flow,1437
---t-lns,7252
---t-done,7253
---timestep-task-finished,7
---total-task-finished,53
---timestep,20
---t-update,0
---t-init,901
---op-flow,5
---vetex-flow,1530
---op-flow,4
---vertex-flow,1474
---t-lns,10907
---t-done,10912
---timestep-task-finished,4
---total-task-finished,57
---timestep,21
---t-update,0
---t-init,990
---op-flow,8
---vetex-flow,1535
---op-flow,4
---vertex-flow,1467
---t-lns,8996
---t-done,8998
---timestep-task-finished,3
---total-task-finished,60
---timestep,22
---t-update,0
---t-init,368
---op-flow,6
---vetex-flow,1503
---op-flow,6
---vertex-flow,1437
---t-lns,8784
---t-done,8786
---timestep-task-finished,2
---total-task-finished,62
---timestep,23
---t-update,0
---t-init,386
---op-flow,6
---vetex-flow,1466
---op-flow,5
---vertex-flow,1425
---t-lns,9332
---t-done,9333
---timestep-task-finished,6
---total-task-finished,68
---timestep,24
---t-update,1
---t-init,1218
---op-flow,5
---vetex-flow,1539
---op-flow,3
---vertex-flow,1395
---t-lns,8778
---t-done,8782
---timestep-task-finished,6
---total-task-finished,74
---timestep,25
---t-update,1
---t-init,1846
---op-flow,6
---vetex-flow,1456
---op-flow,6
---vertex-flow,1384
---t-lns,9989
---t-done,9992
---timestep-task-finished,6
---total-task-finished,80
---timestep,26
---t-update,0
---t-init,783
---op-flow,7
---vetex-flow,1499
---op-flow,6
---vertex-flow,1391
---t-lns,8644
---t-done,8649
---timestep-task-finished,6
---total-task-finished,86
---timestep,27
---t-update,2
---t-init,2661
---op-flow,27
---vetex-flow,1519
---op-flow,14
---vertex-flow,1391
---t-lns,12328
---t-done,12332
---timestep-task-finished,3
---total-task-finished,89
---timestep,28
---t-update,1
---t-init,1307
---op-flow,14
---vetex-flow,1455
---op-flow,12
---vertex-flow,1384
---t-lns,12312
---t-done,12316
---timestep-task-finished,3
---total-task-finished,92
---timestep,29
---t-update,0
---t-init,813
---op-flow,12
---vetex-flow,1452
---op-flow,9
---vertex-flow,1327
---t-lns,15631
---t-done,15633
---timestep-task-finished,5
---total-task-finished,97
---timestep,30
---t-update,1
---t-init,1267
---op-flow,9
---vetex-flow,1417
---op-flow,6
---vertex-flow,1363
---t-lns,10801
---t-done,10805
---timestep-task-finished,3
---total-task-finished,100
---timestep,31
---t-update,0
---t-init,748
---op-flow,6
---vetex-flow,1416
---op-flow,2
---vertex-flow,1343
---t-lns,10169
---t-done,10171
---timestep-task-finished,6
---total-task-finished,106
---timestep,32
---t-update,0
---t-init,875
---op-flow,10
---vetex-flow,1427
---op-flow,6
---vertex-flow,1328
---t-lns,10055
---t-done,10058
---timestep-task-finished,7
---total-task-finished,113
---timestep,33
---t-update,1
---t-init,1728
---op-flow,13
---vetex-flow,1475
---op-flow,8
---vertex-flow,1334
---t-lns,11533
---t-done,11535
---timestep-task-finished,7
---total-task-finished,120
---timestep,34
---t-update,1
---t-init,1189
---op-flow,13
---vetex-flow,1493
---op-flow,7
---vertex-flow,1418
---t-lns,8416
---t-done,8420
---timestep-task-finished,6
---total-task-finished,126
---timestep,35
---t-update,2
---t-init,2865
---op-flow,11
---vetex-flow,1558
---op-flow,8
---vertex-flow,1437
---t-lns,17189
---t-done,17192
---timestep-task-finished,4
---total-task-finished,130
---timestep,36
---t-update,0
---t-init,389
---op-flow,13
---vetex-flow,1499
---op-flow,7
---vertex-flow,1381
---t-lns,5221
---t-done,5222
---timestep-task-finished,4
---total-task-finished,134
---timestep,37
---t-update,0
---t-init,874
---op-flow,11
---vetex-flow,1451
---op-flow,7
---vertex-flow,1377
---t-lns,7094
---t-done,7096
---timestep-task-finished,4
---total-task-finished,138
---timestep,38
---t-update,0
---t-init,587
---op-flow,7
---vetex-flow,1444
---op-flow,4
---vertex-flow,1349
---t-lns,7598
---t-done,7599
---timestep-task-finished,5
---total-task-finished,143
---timestep,39
---t-update,0
---t-init,341
---op-flow,13
---vetex-flow,1402
---op-flow,7
---vertex-flow,1325
---t-lns,8529
---t-done,8532
---timestep-task-finished,3
---total-task-finished,146
---timestep,40
---t-update,0
---t-init,379
---op-flow,7
---vetex-flow,1371
---op-flow,4
---vertex-flow,1228
---t-lns,8854
---t-done,8857
---timestep-task-finished,11
---total-task-finished,157
---timestep,41
---t-update,2
---t-init,2883
---op-flow,4
---vetex-flow,1425
---op-flow,4
---vertex-flow,1377
---t-lns,18950
---t-done,18958
---timestep-task-finished,6
---total-task-finished,163
---timestep,42
---t-update,1
---t-init,1705
---op-flow,4
---vetex-flow,1512
---op-flow,4
---vertex-flow,1437
---t-lns,14878
---t-done,14880
---timestep-task-finished,6
---total-task-finished,169
---timestep,43
---t-update,0
---t-init,811
---op-flow,7
---vetex-flow,1509
---op-flow,6
---vertex-flow,1404
---t-lns,10853
---t-done,10857
---timestep-task-finished,7
---total-task-finished,176
---timestep,44
---t-update,1
---t-init,1215
---op-flow,16
---vetex-flow,1515
---op-flow,7
---vertex-flow,1438
---t-lns,8895
---t-done,8897
---timestep-task-finished,2
---total-task-finished,178
---timestep,45
---t-update,0
---t-init,362
---op-flow,7
---vetex-flow,1474
---op-flow,5
---vertex-flow,1388
---t-lns,5730
---t-done,5731
---timestep-task-finished,8
---total-task-finished,186
---timestep,46
---t-update,1
---t-init,1136
---op-flow,7
---vetex-flow,1510
---op-flow,6
---vertex-flow,1424
---t-lns,7834
---t-done,7835
---timestep-task-finished,2
---total-task-finished,188
---timestep,47
---t-update,0
---t-init,174
---op-flow,6
---vetex-flow,1450
---op-flow,3
---vertex-flow,1376
---t-lns,8351
---t-done,8352
---timestep-task-finished,3
---total-task-finished,191
---timestep,48
---t-update,0
---t-init,562
---op-flow,3
---vetex-flow,1468
---op-flow,3
---vertex-flow,1369
---t-lns,7037
---t-done,7040
---timestep-task-finished,6
---total-task-finished,197
---timestep,49
---t-update,1
---t-init,1353
---op-flow,7
---vetex-flow,1475
---op-flow,5
---vertex-flow,1386
---t-lns,7914
---t-done,7915
---timestep-task-finished,3
---total-task-finished,200
---timestep,50
---t-update,0
---t-init,596
---op-flow,5
---vetex-flow,1450
---op-flow,1
---vertex-flow,1352
---t-lns,6261
---t-done,6262
---timestep-task-finished,5
---total-task-finished,205
---timestep,51
---t-update,0
---t-init,631
---op-flow,4
---vetex-flow,1439
---op-flow,2
---vertex-flow,1316
---t-lns,6240
---t-done,6243
---timestep-task-finished,3
---total-task-finished,208
---timestep,52
---t-update,0
---t-init,526
---op-flow,1
---vetex-flow,1366
---op-flow,0
---vertex-flow,1297
---t-lns,6207
---t-done,6208
---timestep-task-finished,7
---total-task-finished,215
---timestep,53
---t-update,0
---t-init,949
---op-flow,0
---vetex-flow,1448
---op-flow,0
---vertex-flow,1342
---t-lns,6269
---t-done,6271
---timestep-task-finished,6
---total-task-finished,221
---timestep,54
---t-update,0
---t-init,745
---op-flow,3
---vetex-flow,1447
---op-flow,0
---vertex-flow,1334
---t-lns,10766
---t-done,10768
---timestep-task-finished,7
---total-task-finished,228
---timestep,55
---t-update,0
---t-init,852
---op-flow,4
---vetex-flow,1484
---op-flow,0
---vertex-flow,1397
---t-lns,8728
---t-done,8732
---timestep-task-finished,7
---total-task-finished,235
---timestep,56
---t-update,1
---t-init,1342
---op-flow,1
---vetex-flow,1534
---op-flow,0
---vertex-flow,1424
---t-lns,14721
---t-done,14726
---timestep-task-finished,3
---total-task-finished,238
---timestep,57
---t-update,0
---t-init,735
---op-flow,0
---vetex-flow,1467
---op-flow,0
---vertex-flow,1396
---t-lns,17063
---t-done,17066
---timestep-task-finished,5
---total-task-finished,243
---timestep,58
---t-update,1
---t-init,1314
---op-flow,3
---vetex-flow,1470
---op-flow,2
---vertex-flow,1414
---t-lns,11111
---t-done,11113
---timestep-task-finished,4
---total-task-finished,247
---timestep,59
---t-update,0
---t-init,487
---op-flow,2
---vetex-flow,1464
---op-flow,1
---vertex-flow,1372
---t-lns,8794
---t-done,8796
---timestep-task-finished,3
---total-task-finished,250
---timestep,60
---t-update,0
---t-init,279
---op-flow,1
---vetex-flow,1405
---op-flow,1
---vertex-flow,1297
---t-lns,6561
---t-done,6563
---timestep-task-finished,5
---total-task-finished,255
---timestep,61
---t-update,0
---t-init,704
---op-flow,7
---vetex-flow,1393
---op-flow,4
---vertex-flow,1298
---t-lns,4861
---t-done,4862
---timestep-task-finished,5
---total-task-finished,260
---timestep,62
---t-update,0
---t-init,768
---op-flow,4
---vetex-flow,1408
---op-flow,2
---vertex-flow,1315
---t-lns,6405
---t-done,6406
---timestep-task-finished,4
---total-task-finished,264
---timestep,63
---t-update,0
---t-init,454
---op-flow,3
---vetex-flow,1360
---op-flow,3
---vertex-flow,1282
---t-lns,8241
---t-done,8243
---timestep-task-finished,4
---total-task-finished,268
---timestep,64
---t-update,0
---t-init,776
---op-flow,5
---vetex-flow,1345
---op-flow,3
---vertex-flow,1295
---t-lns,12281
---t-done,12283
---timestep-task-finished,7
---total-task-finished,275
---timestep,65
---t-update,1
---t-init,1214
---op-flow,16
---vetex-flow,1415
---op-flow,9
---vertex-flow,1323
---t-lns,13250
---t-done,13254
---timestep-task-finished,4
---total-task-finished,279
---timestep,66
---t-update,0
---t-init,887
---op-flow,13
---vetex-flow,1379
---op-flow,7
---vertex-flow,1318
---t-lns,9007
---t-done,9010
---timestep-task-finished,5
---total-task-finished,284
---timestep,67
---t-update,0
---t-init,405
---op-flow,7
---vetex-flow,1366
---op-flow,3
---vertex-flow,1289
---t-lns,9297
---t-done,9301
---timestep-task-finished,4
---total-task-finished,288
---timestep,68
---t-update,0
---t-init,737
---op-flow,4
---vetex-flow,1340
---op-flow,3
---vertex-flow,1242
---t-lns,8401
---t-done,8403
---timestep-task-finished,10
---total-task-finished,298
---timestep,69
---t-update,1
---t-init,1564
---op-flow,7
---vetex-flow,1423
---op-flow,5
---vertex-flow,1320
---t-lns,8896
---t-done,8902
---timestep-task-finished,6
---total-task-finished,304
---timestep,70
---t-update,0
---t-init,513
---op-flow,10
---vetex-flow,1377
---op-flow,9
---vertex-flow,1291
---t-lns,8243
---t-done,8247
---timestep-task-finished,3
---total-task-finished,307
---timestep,71
---t-update,0
---t-init,570
---op-flow,11
---vetex-flow,1318
---op-flow,9
---vertex-flow,1218
---t-lns,8583
---t-done,8586
---timestep-task-finished,5
---total-task-finished,312
---timestep,72
---t-update,0
---t-init,893
---op-flow,14
---vetex-flow,1316
---op-flow,8
---vertex-flow,1233
---t-lns,7752
---t-done,7756
---timestep-task-finished,7
---total-task-finished,319
---timestep,73
---t-update,0
---t-init,861
---op-flow,23
---vetex-flow,1331
---op-flow,15
---vertex-flow,1257
---t-lns,6187
---t-done,6189
---timestep-task-finished,2
---total-task-finished,321
---timestep,74
---t-update,0
---t-init,137
---op-flow,15
---vetex-flow,1284
---op-flow,12
---vertex-flow,1230
---t-lns,5128
---t-done,5129
---timestep-task-finished,3
---total-task-finished,324
---timestep,75
---t-update,0
---t-init,460
---op-flow,12
---vetex-flow,1289
---op-flow,9
---vertex-flow,1215
---t-lns,4821
---t-done,4823
---timestep-task-finished,9
---total-task-finished,333
---timestep,76
---t-update,0
---t-init,649
---op-flow,22
---vetex-flow,1338
---op-flow,16
---vertex-flow,1262
---t-lns,5416
---t-done,5419
---timestep-task-finished,8
---total-task-finished,341
---timestep,77
---t-update,1
---t-init,1152
---op-flow,27
---vetex-flow,1382
---op-flow,17
---vertex-flow,1317
---t-lns,8785
---t-done,8789
---timestep-task-finished,5
---total-task-finished,346
---timestep,78
---t-update,1
---t-init,1012
---op-flow,17
---vetex-flow,1389
---op-flow,12
---vertex-flow,1334
---t-lns,11939
---t-done,11943
---timestep-task-finished,3
---total-task-finished,349
---timestep,79
---t-update,0
---t-init,553
---op-flow,18
---vetex-flow,1359
---op-flow,10
---vertex-flow,1293
---t-lns,10329
---t-done,10334
---timestep-task-finished,6
---total-task-finished,355
---timestep,80
---t-update,1
---t-init,1623
---op-flow,12
---vetex-flow,1413
---op-flow,8
---vertex-flow,1280
---t-lns,7627
---t-done,7633
---timestep-task-finished,6
---total-task-finished,361
---timestep,81
---t-update,1
---t-init,1492
---op-flow,9
---vetex-flow,1406
---op-flow,6
---vertex-flow,1368
---t-lns,12173
---t-done,12175
---timestep-task-finished,4
---total-task-finished,365
---timestep,82
---t-update,0
---t-init,883
---op-flow,7
---vetex-flow,1447
---op-flow,6
---vertex-flow,1348
---t-lns,9596
---t-done,9598
---timestep-task-finished,4
---total-task-finished,369
---timestep,83
---t-update,0
---t-init,547
---op-flow,6
---vetex-flow,1406
---op-flow,3
---vertex-flow,1335
---t-lns,8167
---t-done,8169
---timestep-task-finished,6
---total-task-finished,375
---timestep,84
---t-update,1
---t-init,1243
---op-flow,7
---vetex-flow,1442
---op-flow,3
---vertex-flow,1334
---t-lns,11122
---t-done,11126
---timestep-task-finished,2
---total-task-finished,377
---timestep,85
---t-update,0
---t-init,398
---op-flow,3
---vetex-flow,1353
---op-flow,2
---vertex-flow,1263
---t-lns,6396
---t-done,6397
---timestep-task-finished,4
---total-task-finished,381
---timestep,86
---t-update,0
---t-init,561
---op-flow,2
---vetex-flow,1344
---op-flow,2
---vertex-flow,1227
---t-lns,6015
---t-done,6017
---timestep-task-finished,7
---total-task-finished,388
---timestep,87
---t-update,1
---t-init,1148
---op-flow,14
---vetex-flow,1331
---op-flow,3
---vertex-flow,1235
---t-lns,9370
---t-done,9374
---timestep-task-finished,5
---total-task-finished,393
---timestep,88
---t-update,1
---t-init,1114
---op-flow,3
---vetex-flow,1335
---op-flow,3
---vertex-flow,1222
---t-lns,7971
---t-done,7974
---timestep-task-finished,4
---total-task-finished,397
---timestep,89
---t-update,0
---t-init,413
---op-flow,3
---vetex-flow,1286
---op-flow,3
---vertex-flow,1201
---t-lns,5902
---t-done,5904
---timestep-task-finished,10
---total-task-finished,407
---timestep,90
---t-update,0
---t-init,856
---op-flow,6
---vetex-flow,1381
---op-flow,4
---vertex-flow,1299
---t-lns,4961
---t-done,4965
---timestep-task-finished,6
---total-task-finished,413
---timestep,91
---t-update,0
---t-init,641
---op-flow,8
---vetex-flow,1396
---op-flow,3
---vertex-flow,1315
---t-lns,6506
---t-done,6508
---timestep-task-finished,2
---total-task-finished,415
---timestep,92
---t-update,0
---t-init,321
---op-flow,3
---vetex-flow,1350
---op-flow,2
---vertex-flow,1255
---t-lns,5150
---t-done,5151
---timestep-task-finished,4
---total-task-finished,419
---timestep,93
---t-update,0
---t-init,640
---op-flow,2
---vetex-flow,1336
---op-flow,1
---vertex-flow,1243
---t-lns,6332
---t-done,6335
---timestep-task-finished,11
---total-task-finished,430
---timestep,94
---t-update,1
---t-init,1695
---op-flow,4
---vetex-flow,1388
---op-flow,4
---vertex-flow,1349
---t-lns,9099
---t-done,9105
---timestep-task-finished,4
---total-task-finished,434
---timestep,95
---t-update,0
---t-init,831
---op-flow,4
---vetex-flow,1416
---op-flow,3
---vertex-flow,1318
---t-lns,8257
---t-done,8261
---timestep-task-finished,10
---total-task-finished,444
---timestep,96
---t-update,2
---t-init,2439
---op-flow,10
---vetex-flow,1487
---op-flow,10
---vertex-flow,1455
---t-lns,16609
---t-done,16613
---timestep-task-finished,6
---total-task-finished,450
---timestep,97
---t-update,1
---t-init,1131
---op-flow,12
---vetex-flow,1552
---op-flow,10
---vertex-flow,1439
---t-lns,9519
---t-done,9521
---timestep-task-finished,5
---total-task-finished,455
---timestep,98
---t-update,0
---t-init,550
---op-flow,10
---vetex-flow,1513
---op-flow,7
---vertex-flow,1416
---t-lns,11659
---t-done,11663
---timestep-task-finished,4
---total-task-finished,459
---timestep,99
---t-update,0
---t-init,851
---op-flow,7
---vetex-flow,1470
---op-flow,6
---vertex-flow,1420
---t-lns,14471
---t-done,14475
---timestep-task-finished,8
---total-task-finished,467
---timestep,100
---t-update,1
---t-init,1166
---op-flow,13
---vetex-flow,1527
---op-flow,7
---vertex-flow,1429
---t-lns,13077
---t-done,13083
---timestep-task-finished,5
---total-task-finished,472
---timestep,101
---t-update,1
---t-init,1293
---op-flow,7
---vetex-flow,1522
---op-flow,6
---vertex-flow,1406
---t-lns,13965
---t-done,13969
---timestep-task-finished,2
---total-task-finished,474
---timestep,102
---t-update,0
---t-init,396
---op-flow,6
---vetex-flow,1437
---op-flow,5
---vertex-flow,1346
---t-lns,9599
---t-done,9601
---timestep-task-finished,2
---total-task-finished,476
---timestep,103
---t-update,0
---t-init,515
---op-flow,5
---vetex-flow,1391
---op-flow,3
---vertex-flow,1301
---t-lns,9973
---t-done,9975
---timestep-task-finished,4
---total-task-finished,480
---timestep,104
---t-update,1
---t-init,1089
---op-flow,5
---vetex-flow,1381
---op-flow,3
---vertex-flow,1316
---t-lns,12508
---t-done,12514
---timestep-task-finished,8
---total-task-finished,488
---timestep,105
---t-update,1
---t-init,1606
---op-flow,5
---vetex-flow,1429
---op-flow,1
---vertex-flow,1339
---t-lns,9993
---t-done,9997
---timestep-task-finished,5
---total-task-finished,493
---timestep,106
---t-update,0
---t-init,657
---op-flow,2
---vetex-flow,1403
---op-flow,0
---vertex-flow,1282
---t-lns,10289
---t-done,10291
---timestep-task-finished,7
---total-task-finished,500
---timestep,107
---t-update,0
---t-init,795
---op-flow,0
---vetex-flow,1424
---op-flow,0
---vertex-flow,1353
---t-lns,5676
---t-done,5680
---timestep-task-finished,4
---total-task-finished,504
---timestep,108
---t-update,0
---t-init,695
---op-flow,1
---vetex-flow,1429
---op-flow,1
---vertex-flow,1344
---t-lns,8078
---t-done,8080
---timestep-task-finished,2
---total-task-finished,506
---timestep,109
---t-update,0
---t-init,169
---op-flow,3
---vetex-flow,1351
---op-flow,2
---vertex-flow,1270
---t-lns,7366
---t-done,7368
---timestep-task-finished,5
---total-task-finished,511
---timestep,110
---t-update,0
---t-init,582
---op-flow,5
---vetex-flow,1334
---op-flow,3
---vertex-flow,1258
---t-lns,6462
---t-done,6463
---timestep-task-finished,5
---total-task-finished,516
---timestep,111
---t-update,0
---t-init,510
---op-flow,10
---vetex-flow,1320
---op-flow,3
---vertex-flow,1223
---t-lns,7009
---t-done,7012
---timestep-task-finished,7
---total-task-finished,523
---timestep,112
---t-update,1
---t-init,1265
---op-flow,8
---vetex-flow,1306
---op-flow,2
---vertex-flow,1202
---t-lns,8142
---t-done,8143
---timestep-task-finished,5
---total-task-finished,528
---timestep,113
---t-update,0
---t-init,658
---op-flow,2
---vetex-flow,1282
---op-flow,2
---vertex-flow,1158
---t-lns,5208
---t-done,5210
---timestep-task-finished,4
---total-task-finished,532
---timestep,114
---t-update,0
---t-init,359
---op-flow,4
---vetex-flow,1183
---op-flow,3
---vertex-flow,1129
---t-lns,5352
---t-done,5353
---timestep-task-finished,9
---total-task-finished,541
---timestep,115
---t-update,2
---t-init,2221
---op-flow,16
---vetex-flow,1277
---op-flow,6
---vertex-flow,1222
---t-lns,9085
---t-done,9088
---timestep-task-finished,6
---total-task-finished,547
---timestep,116
---t-update,0
---t-init,428
---op-flow,6
---vetex-flow,1298
---op-flow,4
---vertex-flow,1269
---t-lns,5794
---t-done,5797
---timestep-task-finished,5
---total-task-finished,552
---timestep,117
---t-update,0
---t-init,275
---op-flow,18
---vetex-flow,1318
---op-flow,7
---vertex-flow,1241
---t-lns,7874
---t-done,7876
---timestep-task-finished,6
---total-task-finished,558
---timestep,118
---t-update,1
---t-init,1087
---op-flow,8
---vetex-flow,1312
---op-flow,7
---vertex-flow,1245
---t-lns,11490
---t-done,11495
---timestep-task-finished,5
---total-task-finished,563
---timestep,119
---t-update,1
---t-init,1231
---op-flow,8
---vetex-flow,1345
---op-flow,5
---vertex-flow,1260
---t-lns,10807
---t-done,10809
---timestep-task-finished,4
---total-task-finished,567
---timestep,120
---t-update,0
---t-init,952
---op-flow,5
---vetex-flow,1350
---op-flow,3
---vertex-flow,1258
---t-lns,9806
---t-done,9812
---timestep-task-finished,7
---total-task-finished,574
---timestep,121
---t-update,2
---t-init,2644
---op-flow,5
---vetex-flow,1367
---op-flow,1
---vertex-flow,1300
---t-lns,14615
---t-done,14617
---timestep-task-finished,7
---total-task-finished,581
---timestep,122
---t-update,1
---t-init,1334
---op-flow,2
---vetex-flow,1422
---op-flow,2
---vertex-flow,1345
---t-lns,13076
---t-done,13081
---timestep-task-finished,8
---total-task-finished,589
---timestep,123
---t-update,1
---t-init,1990
---op-flow,6
---vetex-flow,1469
---op-flow,4
---vertex-flow,1373
---t-lns,11178
---t-done,11181
---timestep-task-finished,2
---total-task-finished,591
---timestep,124
---t-update,0
---t-init,133
---op-flow,4
---vetex-flow,1397
---op-flow,4
---vertex-flow,1305
---t-lns,7943
---t-done,7946
---timestep-task-finished,5
---total-task-finished,596
---timestep,125
---t-update,1
---t-init,1179
---op-flow,6
---vetex-flow,1420
---op-flow,5
---vertex-flow,1319
---t-lns,10965
---t-done,10970
---timestep-task-finished,4
---total-task-finished,600
---timestep,126
---t-update,1
---t-init,1313
---op-flow,5
---vetex-flow,1405
---op-flow,3
---vertex-flow,1312
---t-lns,12600
---t-done,12602
---timestep-task-finished,5
---total-task-finished,605
---timestep,127
---t-update,0
---t-init,917
---op-flow,8
---vetex-flow,1366
---op-flow,3
---vertex-flow,1324
---t-lns,7839
---t-done,7841
---timestep-task-finished,5
---total-task-finished,610
---timestep,128
---t-update,1
---t-init,1090
---op-flow,3
---vetex-flow,1396
---op-flow,2
---vertex-flow,1375
---t-lns,14783
---t-done,14789
---timestep-task-finished,5
---total-task-finished,615
---timestep,129
---t-update,1
---t-init,1594
---op-flow,4
---vetex-flow,1461
---op-flow,3
---vertex-flow,1375
---t-lns,10251
---t-done,10254
---timestep-task-finished,7
---total-task-finished,622
---timestep,130
---t-update,1
---t-init,1226
---op-flow,3
---vetex-flow,1499
---op-flow,2
---vertex-flow,1374
---t-lns,10830
---t-done,10834
---timestep-task-finished,7
---total-task-finished,629
---timestep,131
---t-update,1
---t-init,1686
---op-flow,5
---vetex-flow,1499
---op-flow,5
---vertex-flow,1441
---t-lns,13204
---t-done,13207
---timestep-task-finished,8
---total-task-finished,637
---timestep,132
---t-update,1
---t-init,1686
---op-flow,6
---vetex-flow,1601
---op-flow,4
---vertex-flow,1483
---t-lns,9586
---t-done,9594
---timestep-task-finished,5
---total-task-finished,642
---timestep,133
---t-update,0
---t-init,633
---op-flow,5
---vetex-flow,1549
---op-flow,2
---vertex-flow,1434
---t-lns,10159
---t-done,10162
---timestep-task-finished,5
---total-task-finished,647
---timestep,134
---t-update,1
---t-init,1077
---op-flow,9
---vetex-flow,1539
---op-flow,7
---vertex-flow,1408
---t-lns,9425
---t-done,9429
---timestep-task-finished,1
---total-task-finished,648
---timestep,135
---t-update,0
---t-init,469
---op-flow,7
---vetex-flow,1451
---op-flow,7
---vertex-flow,1381
---t-lns,6432
---t-done,6435
---timestep-task-finished,4
---total-task-finished,652
---timestep,136
---t-update,0
---t-init,894
---op-flow,7
---vetex-flow,1471
---op-flow,4
---vertex-flow,1367
---t-lns,9282
---t-done,9287
---timestep-task-finished,8
---total-task-finished,660
---timestep,137
---t-update,0
---t-init,994
---op-flow,16
---vetex-flow,1493
---op-flow,12
---vertex-flow,1417
---t-lns,11450
---t-done,11453
---timestep-task-finished,6
---total-task-finished,666
---timestep,138
---t-update,0
---t-init,915
---op-flow,12
---vetex-flow,1512
---op-flow,8
---vertex-flow,1395
---t-lns,9709
---t-done,9712
---timestep-task-finished,9
---total-task-finished,675
---timestep,139
---t-update,1
---t-init,1483
---op-flow,22
---vetex-flow,1547
---op-flow,13
---vertex-flow,1458
---t-lns,14926
---t-done,14933
---timestep-task-finished,5
---total-task-finished,680
---timestep,140
---t-update,1
---t-init,1484
---op-flow,18
---vetex-flow,1546
---op-flow,14
---vertex-flow,1475
---t-lns,12241
---t-done,12245
---timestep-task-finished,1
---total-task-finished,681
---timestep,141
---t-update,0
---t-init,264
---op-flow,14
---vetex-flow,1497
---op-flow,9
---vertex-flow,1361
---t-lns,10191
---t-done,10193
---timestep-task-finished,5
---total-task-finished,686
---timestep,142
---t-update,1
---t-init,1212
---op-flow,10
---vetex-flow,1441
---op-flow,8
---vertex-flow,1381
---t-lns,10903
---t-done,10905
---timestep-task-finished,6
---total-task-finished,692
---timestep,143
---t-update,1
---t-init,1486
---op-flow,10
---vetex-flow,1487
---op-flow,9
---vertex-flow,1409
---t-lns,11100
---t-done,11105
---timestep-task-finished,3
---total-task-finished,695
---timestep,144
---t-update,0
---t-init,329
---op-flow,9
---vetex-flow,1445
---op-flow,5
---vertex-flow,1357
---t-lns,9827
---t-done,9829
---timestep-task-finished,4
---total-task-finished,699
---timestep,145
---t-update,0
---t-init,997
---op-flow,7
---vetex-flow,1410
---op-flow,5
---vertex-flow,1329
---t-lns,11965
---t-done,11970
---timestep-task-finished,4
---total-task-finished,703
---timestep,146
---t-update,0
---t-init,326
---op-flow,9
---vetex-flow,1379
---op-flow,6
---vertex-flow,1284
---t-lns,9652
---t-done,9654
---timestep-task-finished,2
---total-task-finished,705
---timestep,147
---t-update,0
---t-init,405
---op-flow,6
---vetex-flow,1337
---op-flow,3
---vertex-flow,1235
---t-lns,12888
---t-done,12893
---timestep-task-finished,4
---total-task-finished,709
---timestep,148
---t-update,0
---t-init,862
---op-flow,5
---vetex-flow,1297
---op-flow,2
---vertex-flow,1223
---t-lns,9786
---t-done,9788
---timestep-task-finished,7
---total-task-finished,716
---timestep,149
---t-update,0
---t-init,844
---op-flow,2
---vetex-flow,1332
---op-flow,1
---vertex-flow,1244
---t-lns,9026
---t-done,9030
---timestep-task-finished,7
---total-task-finished,723
---timestep,150
---t-update,1
---t-init,1207
---op-flow,6
---vetex-flow,1341
---op-flow,6
---vertex-flow,1215
---t-lns,12591
---t-done,12595
---timestep-task-finished,5
---total-task-finished,728
---timestep,151
---t-update,1
---t-init,1229
---op-flow,9
---vetex-flow,1298
---op-flow,4
---vertex-flow,1224
---t-lns,9356
---t-done,9359
---timestep-task-finished,1
---total-task-finished,729
---timestep,152
---t-update,0
---t-init,56
---op-flow,5
---vetex-flow,1223
---op-flow,2
---vertex-flow,1124
---t-lns,8595
---t-done,8597
---timestep-task-finished,4
---total-task-finished,733
---timestep,153
---t-update,1
---t-init,1723
---op-flow,3
---vetex-flow,1207
---op-flow,1
---vertex-flow,1158
---t-lns,14166
---t-done,14169
---timestep-task-finished,7
---total-task-finished,740
---timestep,154
---t-update,1
---t-init,1536
---op-flow,3
---vetex-flow,1278
---op-flow,3
---vertex-flow,1193
---t-lns,7899
---t-done,7903
---timestep-task-finished,5
---total-task-finished,745
---timestep,155
---t-update,0
---t-init,496
---op-flow,8
---vetex-flow,1224
---op-flow,7
---vertex-flow,1151
---t-lns,11474
---t-done,11477
---timestep-task-finished,2
---total-task-finished,747
---timestep,156
---t-update,0
---t-init,268
---op-flow,7
---vetex-flow,1178
---op-flow,4
---vertex-flow,1108
---t-lns,9716
---t-done,9717
---timestep-task-finished,4
---total-task-finished,751
---timestep,157
---t-update,1
---t-init,1632
---op-flow,8
---vetex-flow,1222
---op-flow,5
---vertex-flow,1136
---t-lns,12161
---t-done,12165
---timestep-task-finished,7
---total-task-finished,758
---timestep,158
---t-update,1
---t-init,1161
---op-flow,8
---vetex-flow,1256
---op-flow,6
---vertex-flow,1179
---t-lns,7472
---t-done,7476
---timestep-task-finished,6
---total-task-finished,764
---timestep,159
---t-update,0
---t-init,803
---op-flow,11
---vetex-flow,1264
---op-flow,6
---vertex-flow,1172
---t-lns,8068
---t-done,8072
---timestep-task-finished,7
---total-task-finished,771
---timestep,160
---t-update,0
---t-init,530
---op-flow,7
---vetex-flow,1260
---op-flow,5
---vertex-flow,1202
---t-lns,6496
---t-done,6500
---timestep-task-finished,9
---total-task-finished,780
---timestep,161
---t-update,0
---t-init,738
---op-flow,8
---vetex-flow,1289
---op-flow,6
---vertex-flow,1239
---t-lns,8350
---t-done,8354
---timestep-task-finished,9
---total-task-finished,789
---timestep,162
---t-update,1
---t-init,1394
---op-flow,15
---vetex-flow,1352
---op-flow,13
---vertex-flow,1305
---t-lns,8924
---t-done,8927
---timestep-task-finished,6
---total-task-finished,795
---timestep,163
---t-update,0
---t-init,704
---op-flow,14
---vetex-flow,1403
---op-flow,10
---vertex-flow,1317
---t-lns,7842
---t-done,7844
---timestep-task-finished,9
---total-task-finished,804
---timestep,164
---t-update,1
---t-init,1050
---op-flow,10
---vetex-flow,1469
---op-flow,8
---vertex-flow,1397
---t-lns,7241
---t-done,7247
---timestep-task-finished,5
---total-task-finished,809
---timestep,165
---t-update,1
---t-init,1517
---op-flow,12
---vetex-flow,1489
---op-flow,7
---vertex-flow,1393
---t-lns,9462
---t-done,9463
---timestep-task-finished,8
---total-task-finished,817
---timestep,166
---t-update,1
---t-init,1157
---op-flow,7
---vetex-flow,1525
---op-flow,5
---vertex-flow,1476
---t-lns,8397
---t-done,8400
---timestep-task-finished,8
---total-task-finished,825
---timestep,167
---t-update,1
---t-init,1135
---op-flow,5
---vetex-flow,1612
---op-flow,5
---vertex-flow,1538
---t-lns,7849
---t-done,7853
---timestep-task-finished,6
---total-task-finished,831
---timestep,168
---t-update,1
---t-init,1135
---op-flow,11
---vetex-flow,1652
---op-flow,9
---vertex-flow,1550
---t-lns,8548
---t-done,8553
---timestep-task-finished,5
---total-task-finished,836
---timestep,169
---t-update,1
---t-init,1147
---op-flow,9
---vetex-flow,1634
---op-flow,7
---vertex-flow,1611
---t-lns,14844
---t-done,14849
---timestep-task-finished,4
---total-task-finished,840
---timestep,170
---t-update,1
---t-init,1511
---op-flow,10
---vetex-flow,1721
---op-flow,7
---vertex-flow,1626
---t-lns,12521
---t-done,12525
---timestep-task-finished,5
---total-task-finished,845
---timestep,171
---t-update,0
---t-init,655
---op-flow,11
---vetex-flow,1687
---op-flow,6
---vertex-flow,1548
---t-lns,9035
---t-done,9037
---timestep-task-finished,5
---total-task-finished,850
---timestep,172
---t-update,0
---t-init,612
---op-flow,10
---vetex-flow,1615
---op-flow,10
---vertex-flow,1494
---t-lns,13377
---t-done,13380
---timestep-task-finished,8
---total-task-finished,858
---timestep,173
---t-update,1
---t-init,1775
---op-flow,12
---vetex-flow,1638
---op-flow,10
---vertex-flow,1519
---t-lns,9592
---t-done,9596
---timestep-task-finished,4
---total-task-finished,862
---timestep,174
---t-update,0
---t-init,661
---op-flow,17
---vetex-flow,1592
---op-flow,9
---vertex-flow,1511
---t-lns,15055
---t-done,15058
---timestep-task-finished,5
---total-task-finished,867
---timestep,175
---t-update,0
---t-init,964
---op-flow,10
---vetex-flow,1578
---op-flow,7
---vertex-flow,1480
---t-lns,10950
---t-done,10952
---timestep-task-finished,3
---total-task-finished,870
---timestep,176
---t-update,0
---t-init,459
---op-flow,7
---vetex-flow,1546
---op-flow,4
---vertex-flow,1407
---t-lns,6088
---t-done,6090
---timestep-task-finished,5
---total-task-finished,875
---timestep,177
---t-update,0
---t-init,930
---op-flow,7
---vetex-flow,1473
---op-flow,3
---vertex-flow,1406
---t-lns,14210
---t-done,14212
---timestep-task-finished,7
---total-task-finished,882
---timestep,178
---t-update,1
---t-init,1577
---op-flow,3
---vetex-flow,1558
---op-flow,3
---vertex-flow,1443
---t-lns,12723
---t-done,12728
---timestep-task-finished,9
---total-task-finished,891
---timestep,179
---t-update,1
---t-init,1529
---op-flow,8
---vetex-flow,1633
---op-flow,4
---vertex-flow,1546
---t-lns,11010
---t-done,11013
---timestep-task-finished,4
---total-task-finished,895
---timestep,180
---t-update,0
---t-init,497
---op-flow,4
---vetex-flow,1608
---op-flow,2
---vertex-flow,1505
---t-lns,9024
---t-done,9027
---timestep-task-finished,3
---total-task-finished,898
---timestep,181
---t-update,0
---t-init,770
---op-flow,2
---vetex-flow,1565
---op-flow,1
---vertex-flow,1542
---t-lns,12926
---t-done,12928
---timestep-task-finished,4
---total-task-finished,902
---timestep,182
---t-update,0
---t-init,768
---op-flow,1
---vetex-flow,1632
---op-flow,0
---vertex-flow,1512
---t-lns,8915
---t-done,8918
---timestep-task-finished,4
---total-task-finished,906
---timestep,183
---t-update,1
---t-init,1311
---op-flow,2
---vetex-flow,1594
---op-flow,1
---vertex-flow,1524
---t-lns,12019
---t-done,12022
---timestep-task-finished,3
---total-task-finished,909
---timestep,184
---t-update,0
---t-init,767
---op-flow,1
---vetex-flow,1563
---op-flow,1
---vertex-flow,1451
---t-lns,8381
---t-done,8383
---timestep-task-finished,8
---total-task-finished,917
---timestep,185
---t-update,1
---t-init,1198
---op-flow,4
---vetex-flow,1598
---op-flow,1
---vertex-flow,1496
---t-lns,7467
---t-done,7471
---timestep-task-finished,6
---total-task-finished,923
---timestep,186
---t-update,0
---t-init,380
---op-flow,6
---vetex-flow,1559
---op-flow,5
---vertex-flow,1447
---t-lns,6812
---t-done,6813
---timestep-task-finished,5
---total-task-finished,928
---timestep,187
---t-update,0
---t-init,786
---op-flow,11
---vetex-flow,1519
---op-flow,9
---vertex-flow,1444
---t-lns,5782
---t-done,5783
---timestep-task-finished,1
---total-task-finished,929
---timestep,188
---t-update,0
---t-init,280
---op-flow,9
---vetex-flow,1462
---op-flow,4
---vertex-flow,1412
---t-lns,5310
---t-done,5312
---timestep-task-finished,3
---total-task-finished,932
---timestep,189
---t-update,0
---t-init,533
---op-flow,4
---vetex-flow,1478
---op-flow,3
---vertex-flow,1401
---t-lns,5304
---t-done,5306
---timestep-task-finished,6
---total-task-finished,938
---timestep,190
---t-update,0
---t-init,687
---op-flow,4
---vetex-flow,1511
---op-flow,2
---vertex-flow,1410
---t-lns,5388
---t-done,5392
---timestep-task-finished,3
---total-task-finished,941
---timestep,191
---t-update,0
---t-init,358
---op-flow,2
---vetex-flow,1466
---op-flow,2
---vertex-flow,1394
---t-lns,5226
---t-done,5228
---timestep-task-finished,4
---total-task-finished,945
---timestep,192
---t-update,0
---t-init,269
---op-flow,6
---vetex-flow,1440
---op-flow,5
---vertex-flow,1362
---t-lns,7948
---t-done,7950
---timestep-task-finished,2
---total-task-finished,947
---timestep,193
---t-update,0
---t-init,264
---op-flow,5
---vetex-flow,1392
---op-flow,3
---vertex-flow,1290
---t-lns,10526
---t-done,10528
---timestep-task-finished,2
---total-task-finished,949
---timestep,194
---t-update,0
---t-init,716
---op-flow,6
---vetex-flow,1319
---op-flow,3
---vertex-flow,1218
---t-lns,9625
---t-done,9627
---timestep-task-finished,6
---total-task-finished,955
---timestep,195
---t-update,1
---t-init,1647
---op-flow,3
---vetex-flow,1345
---op-flow,1
---vertex-flow,1258
---t-lns,10048
---t-done,10052
---timestep-task-finished,5
---total-task-finished,960
---timestep,196
---t-update,1
---t-init,1518
---op-flow,3
---vetex-flow,1346
---op-flow,3
---vertex-flow,1271
---t-lns,14687
---t-done,14691
---timestep-task-finished,5
---total-task-finished,965
---timestep,197
---t-update,1
---t-init,1773
---op-flow,5
---vetex-flow,1341
---op-flow,3
---vertex-flow,1297
---t-lns,9516
---t-done,9519
---timestep-task-finished,5
---total-task-finished,970
---timestep,198
---t-update,0
---t-init,622
---op-flow,7
---vetex-flow,1386
---op-flow,6
---vertex-flow,1315
---t-lns,12670
---t-done,12675
---timestep-task-finished,3
---total-task-finished,973
---timestep,199
---t-update,1
---t-init,1522
---op-flow,6
---vetex-flow,1382
---op-flow,5
---vertex-flow,1306
---t-lns,12327
---t-done,12332
---timestep-task-finished,6
---total-task-finished,979
---timestep,200
---t-update,1
---t-init,1377
---op-flow,6
---vetex-flow,1411
---op-flow,4
---vertex-flow,1326
---t-lns,11907
---t-done,11913
---timestep-task-finished,0
---total-task-finished,979
---timestep,201
---t-update,0
---t-init,2
---op-flow,4
---vetex-flow,1326
---op-flow,4
---vertex-flow,1274
---t-lns,13549
---t-done,13551
---timestep-task-finished,6
---total-task-finished,985
---timestep,202
---t-update,1
---t-init,1610
---op-flow,16
---vetex-flow,1402
---op-flow,12
---vertex-flow,1329
---t-lns,10414
---t-done,10418
---timestep-task-finished,4
---total-task-finished,989
---timestep,203
---t-update,0
---t-init,629
---op-flow,16
---vetex-flow,1375
---op-flow,8
---vertex-flow,1280
---t-lns,10182
---t-done,10186
---timestep-task-finished,6
---total-task-finished,995
---timestep,204
---t-update,1
---t-init,1755
---op-flow,8
---vetex-flow,1380
---op-flow,4
---vertex-flow,1287
---t-lns,11719
---t-done,11724
---timestep-task-finished,4
---total-task-finished,999
---timestep,205
---t-update,0
---t-init,803
---op-flow,5
---vetex-flow,1358
---op-flow,3
---vertex-flow,1203
---t-lns,9184
---t-done,9187
---timestep-task-finished,1
---total-task-finished,1000
---timestep,206
---t-update,0
---t-init,292
---op-flow,3
---vetex-flow,1212
---op-flow,0
---vertex-flow,1145
---t-lns,12501
---t-done,12503
---timestep-task-finished,5
---total-task-finished,1005
---timestep,207
---t-update,1
---t-init,1320
---op-flow,0
---vetex-flow,1243
---op-flow,0
---vertex-flow,1193
---t-lns,10014
---t-done,10017
---timestep-task-finished,6
---total-task-finished,1011
---timestep,208
---t-update,0
---t-init,935
---op-flow,4
---vetex-flow,1278
---op-flow,3
---vertex-flow,1161
---t-lns,11135
---t-done,11140
---timestep-task-finished,4
---total-task-finished,1015
---timestep,209
---t-update,2
---t-init,2213
---op-flow,3
---vetex-flow,1268
---op-flow,1
---vertex-flow,1156
---t-lns,13390
---t-done,13392
---timestep-task-finished,6
---total-task-finished,1021
---timestep,210
---t-update,1
---t-init,1326
---op-flow,5
---vetex-flow,1243
---op-flow,4
---vertex-flow,1103
---t-lns,9266
---t-done,9269
---timestep-task-finished,8
---total-task-finished,1029
---timestep,211
---t-update,2
---t-init,2580
---op-flow,11
---vetex-flow,1244
---op-flow,7
---vertex-flow,1144
---t-lns,14161
---t-done,14166
---timestep-task-finished,7
---total-task-finished,1036
---timestep,212
---t-update,1
---t-init,1730
---op-flow,9
---vetex-flow,1266
---op-flow,6
---vertex-flow,1193
---t-lns,9259
---t-done,9265
---timestep-task-finished,6
---total-task-finished,1042
---timestep,213
---t-update,1
---t-init,1760
---op-flow,12
---vetex-flow,1340
---op-flow,8
---vertex-flow,1246
---t-lns,9271
---t-done,9273
---timestep-task-finished,7
---total-task-finished,1049
---timestep,214
---t-update,0
---t-init,972
---op-flow,17
---vetex-flow,1383
---op-flow,13
---vertex-flow,1329
---t-lns,5844
---t-done,5847
---timestep-task-finished,7
---total-task-finished,1056
---timestep,215
---t-update,0
---t-init,438
---op-flow,13
---vetex-flow,1415
---op-flow,6
---vertex-flow,1341
---t-lns,5440
---t-done,5443
---timestep-task-finished,4
---total-task-finished,1060
---timestep,216
---t-update,0
---t-init,227
---op-flow,10
---vetex-flow,1374
---op-flow,6
---vertex-flow,1243
---t-lns,8000
---t-done,8002
---timestep-task-finished,3
---total-task-finished,1063
---timestep,217
---t-update,0
---t-init,556
---op-flow,6
---vetex-flow,1304
---op-flow,4
---vertex-flow,1186
---t-lns,9566
---t-done,9569
---timestep-task-finished,3
---total-task-finished,1066
---timestep,218
---t-update,0
---t-init,396
---op-flow,5
---vetex-flow,1220
---op-flow,3
---vertex-flow,1132
---t-lns,12362
---t-done,12364
---timestep-task-finished,7
---total-task-finished,1073
---timestep,219
---t-update,1
---t-init,1641
---op-flow,7
---vetex-flow,1281
---op-flow,5
---vertex-flow,1197
---t-lns,9807
---t-done,9812
---timestep-task-finished,4
---total-task-finished,1077
---timestep,220
---t-update,0
---t-init,377
---op-flow,5
---vetex-flow,1238
---op-flow,2
---vertex-flow,1152
---t-lns,9425
---t-done,9430
---timestep-task-finished,6
---total-task-finished,1083
---timestep,221
---t-update,1
---t-init,1592
---op-flow,3
---vetex-flow,1235
---op-flow,1
---vertex-flow,1157
---t-lns,10009
---t-done,10014
---timestep-task-finished,7
---total-task-finished,1090
---timestep,222
---t-update,1
---t-init,1051
---op-flow,3
---vetex-flow,1253
---op-flow,2
---vertex-flow,1175
---t-lns,7501
---t-done,7506
---timestep-task-finished,5
---total-task-finished,1095
---timestep,223
---t-update,0
---t-init,780
---op-flow,3
---vetex-flow,1255
---op-flow,2
---vertex-flow,1137
---t-lns,10848
---t-done,10857
---timestep-task-finished,3
---total-task-finished,1098
---timestep,224
---t-update,0
---t-init,619
---op-flow,2
---vetex-flow,1189
---op-flow,1
---vertex-flow,1130
---t-lns,10251
---t-done,10254
---timestep-task-finished,7
---total-task-finished,1105
---timestep,225
---t-update,1
---t-init,1569
---op-flow,4
---vetex-flow,1267
---op-flow,2
---vertex-flow,1197
---t-lns,9863
---t-done,9867
---timestep-task-finished,8
---total-task-finished,1113
---timestep,226
---t-update,1
---t-init,1921
---op-flow,4
---vetex-flow,1329
---op-flow,3
---vertex-flow,1246
---t-lns,9701
---t-done,9708
---timestep-task-finished,4
---total-task-finished,1117
---timestep,227
---t-update,1
---t-init,1634
---op-flow,10
---vetex-flow,1305
---op-flow,8
---vertex-flow,1225
---t-lns,10344
---t-done,10347
---timestep-task-finished,6
---total-task-finished,1123
---timestep,228
---t-update,1
---t-init,1351
---op-flow,11
---vetex-flow,1342
---op-flow,8
---vertex-flow,1274
---t-lns,10561
---t-done,10565
---timestep-task-finished,4
---total-task-finished,1127
---timestep,229
---t-update,0
---t-init,698
---op-flow,10
---vetex-flow,1332
---op-flow,7
---vertex-flow,1221
---t-lns,11177
---t-done,11180
---timestep-task-finished,9
---total-task-finished,1136
---timestep,230
---t-update,3
---t-init,3376
---op-flow,9
---vetex-flow,1449
---op-flow,7
---vertex-flow,1362
---t-lns,12114
---t-done,12119
---timestep-task-finished,8
---total-task-finished,1144
---timestep,231
---t-update,1
---t-init,1728
---op-flow,13
---vetex-flow,1522
---op-flow,7
---vertex-flow,1412
---t-lns,12965
---t-done,12972
---timestep-task-finished,6
---total-task-finished,1150
---timestep,232
---t-update,1
---t-init,2001
---op-flow,11
---vetex-flow,1501
---op-flow,9
---vertex-flow,1436
---t-lns,15523
---t-done,15529
---timestep-task-finished,4
---total-task-finished,1154
---timestep,233
---t-update,0
---t-init,893
---op-flow,10
---vetex-flow,1502
---op-flow,8
---vertex-flow,1404
---t-lns,12385
---t-done,12389
---timestep-task-finished,5
---total-task-finished,1159
---timestep,234
---t-update,1
---t-init,1013
---op-flow,12
---vetex-flow,1486
---op-flow,7
---vertex-flow,1409
---t-lns,12975
---t-done,12979
---timestep-task-finished,3
---total-task-finished,1162
---timestep,235
---t-update,0
---t-init,468
---op-flow,7
---vetex-flow,1442
---op-flow,4
---vertex-flow,1322
---t-lns,9870
---t-done,9873
---timestep-task-finished,8
---total-task-finished,1170
---timestep,236
---t-update,1
---t-init,1565
---op-flow,6
---vetex-flow,1438
---op-flow,5
---vertex-flow,1375
---t-lns,12208
---t-done,12211
---timestep-task-finished,4
---total-task-finished,1174
---timestep,237
---t-update,0
---t-init,639
---op-flow,8
---vetex-flow,1414
---op-flow,3
---vertex-flow,1313
---t-lns,9113
---t-done,9115
---timestep-task-finished,3
---total-task-finished,1177
---timestep,238
---t-update,0
---t-init,949
---op-flow,3
---vetex-flow,1381
---op-flow,3
---vertex-flow,1289
---t-lns,6276
---t-done,6278
---timestep-task-finished,7
---total-task-finished,1184
---timestep,239
---t-update,0
---t-init,799
---op-flow,8
---vetex-flow,1403
---op-flow,4
---vertex-flow,1322
---t-lns,6320
---t-done,6322
---timestep-task-finished,4
---total-task-finished,1188
---timestep,240
---t-update,0
---t-init,479
---op-flow,9
---vetex-flow,1370
---op-flow,2
---vertex-flow,1314
---t-lns,7605
---t-done,7608
---timestep-task-finished,2
---total-task-finished,1190
---timestep,241
---t-update,0
---t-init,315
---op-flow,2
---vetex-flow,1345
---op-flow,2
---vertex-flow,1301
---t-lns,9103
---t-done,9107
---timestep-task-finished,4
---total-task-finished,1194
---timestep,242
---t-update,1
---t-init,1218
---op-flow,3
---vetex-flow,1364
---op-flow,1
---vertex-flow,1246
---t-lns,13246
---t-done,13249
---timestep-task-finished,5
---total-task-finished,1199
---timestep,243
---t-update,1
---t-init,1171
---op-flow,1
---vetex-flow,1312
---op-flow,0
---vertex-flow,1247
---t-lns,11715
---t-done,11720
---timestep-task-finished,8
---total-task-finished,1207
---timestep,244
---t-update,2
---t-init,2467
---op-flow,3
---vetex-flow,1420
---op-flow,1
---vertex-flow,1320
---t-lns,12277
---t-done,12281
---timestep-task-finished,5
---total-task-finished,1212
---timestep,245
---t-update,1
---t-init,1049
---op-flow,5
---vetex-flow,1387
---op-flow,4
---vertex-flow,1290
---t-lns,10570
---t-done,10574
---timestep-task-finished,4
---total-task-finished,1216
---timestep,246
---t-update,1
---t-init,1730
---op-flow,9
---vetex-flow,1380
---op-flow,8
---vertex-flow,1290
---t-lns,12007
---t-done,12009
---timestep-task-finished,4
---total-task-finished,1220
---timestep,247
---t-update,1
---t-init,1231
---op-flow,10
---vetex-flow,1363
---op-flow,7
---vertex-flow,1265
---t-lns,14620
---t-done,14623
---timestep-task-finished,4
---total-task-finished,1224
---timestep,248
---t-update,0
---t-init,916
---op-flow,9
---vetex-flow,1324
---op-flow,5
---vertex-flow,1206
---t-lns,8866
---t-done,8869
---timestep-task-finished,2
---total-task-finished,1226
---timestep,249
---t-update,0
---t-init,577
---op-flow,5
---vetex-flow,1250
---op-flow,2
---vertex-flow,1205
---t-lns,9723
---t-done,9725
---timestep-task-finished,3
---total-task-finished,1229
---timestep,250
---t-update,0
---t-init,190
---op-flow,3
---vetex-flow,1224
---op-flow,2
---vertex-flow,1109
---t-lns,8503
---t-done,8506
---timestep-task-finished,3
---total-task-finished,1232
---timestep,251
---t-update,0
---t-init,889
---op-flow,6
---vetex-flow,1160
---op-flow,2
---vertex-flow,1108
---t-lns,13294
---t-done,13297
---timestep-task-finished,3
---total-task-finished,1235
---timestep,252
---t-update,0
---t-init,865
---op-flow,8
---vetex-flow,1162
---op-flow,4
---vertex-flow,1067
---t-lns,9225
---t-done,9229
---timestep-task-finished,9
---total-task-finished,1244
---timestep,253
---t-update,2
---t-init,2896
---op-flow,13
---vetex-flow,1251
---op-flow,5
---vertex-flow,1218
---t-lns,17382
---t-done,17389
---timestep-task-finished,6
---total-task-finished,1250
---timestep,254
---t-update,1
---t-init,1541
---op-flow,10
---vetex-flow,1340
---op-flow,9
---vertex-flow,1263
---t-lns,13735
---t-done,13739
---timestep-task-finished,8
---total-task-finished,1258
---timestep,255
---t-update,2
---t-init,2183
---op-flow,9
---vetex-flow,1385
---op-flow,6
---vertex-flow,1320
---t-lns,13984
---t-done,13987
---timestep-task-finished,8
---total-task-finished,1266
---timestep,256
---t-update,1
---t-init,1187
---op-flow,20
---vetex-flow,1501
---op-flow,11
---vertex-flow,1414
---t-lns,10251
---t-done,10255
---timestep-task-finished,3
---total-task-finished,1269
---timestep,257
---t-update,0
---t-init,692
---op-flow,11
---vetex-flow,1461
---op-flow,8
---vertex-flow,1394
---t-lns,12357
---t-done,12359
---timestep-task-finished,2
---total-task-finished,1271
---timestep,258
---t-update,1
---t-init,1037
---op-flow,8
---vetex-flow,1442
---op-flow,6
---vertex-flow,1332
---t-lns,13099
---t-done,13104
---timestep-task-finished,5
---total-task-finished,1276
---timestep,259
---t-update,2
---t-init,2238
---op-flow,8
---vetex-flow,1439
---op-flow,7
---vertex-flow,1328
---t-lns,16947
---t-done,16948
---timestep-task-finished,6
---total-task-finished,1282
---timestep,260
---t-update,1
---t-init,1353
---op-flow,8
---vetex-flow,1441
---op-flow,5
---vertex-flow,1347
---t-lns,12729
---t-done,12732
---timestep-task-finished,3
---total-task-finished,1285
---timestep,261
---t-update,0
---t-init,832
---op-flow,8
---vetex-flow,1410
---op-flow,2
---vertex-flow,1307
---t-lns,14160
---t-done,14163
---timestep-task-finished,6
---total-task-finished,1291
---timestep,262
---t-update,0
---t-init,968
---op-flow,2
---vetex-flow,1393
---op-flow,2
---vertex-flow,1328
---t-lns,10511
---t-done,10514
---timestep-task-finished,9
---total-task-finished,1300
---timestep,263
---t-update,1
---t-init,1269
---op-flow,19
---vetex-flow,1424
---op-flow,11
---vertex-flow,1297
---t-lns,10405
---t-done,10409
---timestep-task-finished,12
---total-task-finished,1312
---timestep,264
---t-update,4
---t-init,4040
---op-flow,15
---vetex-flow,1536
---op-flow,7
---vertex-flow,1441
---t-lns,13739
---t-done,13744
---timestep-task-finished,6
---total-task-finished,1318
---timestep,265
---t-update,1
---t-init,1213
---op-flow,6
---vetex-flow,1574
---op-flow,5
---vertex-flow,1442
---t-lns,13160
---t-done,13163
---timestep-task-finished,1
---total-task-finished,1319
---timestep,266
---t-update,0
---t-init,552
---op-flow,6
---vetex-flow,1453
---op-flow,5
---vertex-flow,1388
---t-lns,10872
---t-done,10873
---timestep-task-finished,4
---total-task-finished,1323
---timestep,267
---t-update,0
---t-init,400
---op-flow,5
---vetex-flow,1450
---op-flow,3
---vertex-flow,1376
---t-lns,9107
---t-done,9110
---timestep-task-finished,10
---total-task-finished,1333
---timestep,268
---t-update,2
---t-init,2743
---op-flow,12
---vetex-flow,1591
---op-flow,8
---vertex-flow,1492
---t-lns,18207
---t-done,18210
---timestep-task-finished,9
---total-task-finished,1342
---timestep,269
---t-update,2
---t-init,2024
---op-flow,18
---vetex-flow,1627
---op-flow,8
---vertex-flow,1543
---t-lns,15202
---t-done,15206
---timestep-task-finished,7
---total-task-finished,1349
---timestep,270
---t-update,1
---t-init,1467
---op-flow,12
---vetex-flow,1645
---op-flow,3
---vertex-flow,1615
---t-lns,18290
---t-done,18293
---timestep-task-finished,8
---total-task-finished,1357
---timestep,271
---t-update,1
---t-init,1636
---op-flow,4
---vetex-flow,1730
---op-flow,3
---vertex-flow,1676
---t-lns,12645
---t-done,12648
---timestep-task-finished,7
---total-task-finished,1364
---timestep,272
---t-update,0
---t-init,530
---op-flow,6
---vetex-flow,1762
---op-flow,4
---vertex-flow,1690
---t-lns,7178
---t-done,7179
---timestep-task-finished,5
---total-task-finished,1369
---timestep,273
---t-update,0
---t-init,682
---op-flow,9
---vetex-flow,1780
---op-flow,4
---vertex-flow,1713
---t-lns,8540
---t-done,8543
---timestep-task-finished,2
---total-task-finished,1371
---timestep,274
---t-update,0
---t-init,278
---op-flow,4
---vetex-flow,1728
---op-flow,4
---vertex-flow,1596
---t-lns,9031
---t-done,9032
---timestep-task-finished,5
---total-task-finished,1376
---timestep,275
---t-update,1
---t-init,1248
---op-flow,4
---vetex-flow,1710
---op-flow,3
---vertex-flow,1651
---t-lns,9901
---t-done,9905
---timestep-task-finished,4
---total-task-finished,1380
---timestep,276
---t-update,0
---t-init,998
---op-flow,4
---vetex-flow,1726
---op-flow,4
---vertex-flow,1652
---t-lns,14232
---t-done,14235
---timestep-task-finished,8
---total-task-finished,1388
---timestep,277
---t-update,1
---t-init,1778
---op-flow,9
---vetex-flow,1775
---op-flow,7
---vertex-flow,1675
---t-lns,15793
---t-done,15798
---timestep-task-finished,6
---total-task-finished,1394
---timestep,278
---t-update,2
---t-init,2211
---op-flow,7
---vetex-flow,1768
---op-flow,5
---vertex-flow,1692
---t-lns,16434
---t-done,16436
---timestep-task-finished,2
---total-task-finished,1396
---timestep,279
---t-update,0
---t-init,480
---op-flow,5
---vetex-flow,1738
---op-flow,5
---vertex-flow,1689
---t-lns,17920
---t-done,17923
---timestep-task-finished,3
---total-task-finished,1399
---timestep,280
---t-update,1
---t-init,1291
---op-flow,6
---vetex-flow,1756
---op-flow,2
---vertex-flow,1653
---t-lns,14647
---t-done,14650
---timestep-task-finished,4
---total-task-finished,1403
---timestep,281
---t-update,1
---t-init,1015
---op-flow,5
---vetex-flow,1744
---op-flow,3
---vertex-flow,1579
---t-lns,7924
---t-done,7926
---timestep-task-finished,8
---total-task-finished,1411
---timestep,282
---t-update,1
---t-init,1402
---op-flow,16
---vetex-flow,1723
---op-flow,12
---vertex-flow,1677
---t-lns,8389
---t-done,8391
---timestep-task-finished,3
---total-task-finished,1414
---timestep,283
---t-update,0
---t-init,459
---op-flow,16
---vetex-flow,1718
---op-flow,14
---vertex-flow,1636
---t-lns,7452
---t-done,7454
---timestep-task-finished,2
---total-task-finished,1416
---timestep,284
---t-update,0
---t-init,613
---op-flow,14
---vetex-flow,1706
---op-flow,9
---vertex-flow,1615
---t-lns,12156
---t-done,12157
---timestep-task-finished,3
---total-task-finished,1419
---timestep,285
---t-update,0
---t-init,311
---op-flow,9
---vetex-flow,1654
---op-flow,5
---vertex-flow,1540
---t-lns,13103
---t-done,13105
---timestep-task-finished,6
---total-task-finished,1425
---timestep,286
---t-update,1
---t-init,1147
---op-flow,9
---vetex-flow,1626
---op-flow,4
---vertex-flow,1553
---t-lns,10679
---t-done,10683
---timestep-task-finished,7
---total-task-finished,1432
---timestep,287
---t-update,1
---t-init,1124
---op-flow,4
---vetex-flow,1641
---op-flow,3
---vertex-flow,1537
---t-lns,17723
---t-done,17726
---timestep-task-finished,6
---total-task-finished,1438
---timestep,288
---t-update,1
---t-init,1409
---op-flow,3
---vetex-flow,1638
---op-flow,1
---vertex-flow,1603
---t-lns,10289
---t-done,10293
---timestep-task-finished,4
---total-task-finished,1442
---timestep,289
---t-update,0
---t-init,876
---op-flow,2
---vetex-flow,1684
---op-flow,2
---vertex-flow,1542
---t-lns,11342
---t-done,11351
---timestep-task-finished,1
---total-task-finished,1443
---timestep,290
---t-update,0
---t-init,138
---op-flow,2
---vetex-flow,1553
---op-flow,2
---vertex-flow,1486
---t-lns,11492
---t-done,11494
---timestep-task-finished,6
---total-task-finished,1449
---timestep,291
---t-update,0
---t-init,771
---op-flow,2
---vetex-flow,1602
---op-flow,2
---vertex-flow,1512
---t-lns,12833
---t-done,12837
---timestep-task-finished,5
---total-task-finished,1454
---timestep,292
---t-update,1
---t-init,1513
---op-flow,3
---vetex-flow,1581
---op-flow,2
---vertex-flow,1499
---t-lns,11785
---t-done,11788
---timestep-task-finished,3
---total-task-finished,1457
---timestep,293
---t-update,0
---t-init,603
---op-flow,2
---vetex-flow,1562
---op-flow,0
---vertex-flow,1527
---t-lns,12160
---t-done,12162
---timestep-task-finished,9
---total-task-finished,1466
---timestep,294
---t-update,1
---t-init,1886
---op-flow,6
---vetex-flow,1680
---op-flow,6
---vertex-flow,1623
---t-lns,17854
---t-done,17858
---timestep-task-finished,2
---total-task-finished,1468
---timestep,295
---t-update,0
---t-init,389
---op-flow,8
---vetex-flow,1642
---op-flow,4
---vertex-flow,1585
---t-lns,12670
---t-done,12672
---timestep-task-finished,5
---total-task-finished,1473
---timestep,296
---t-update,0
---t-init,859
---op-flow,10
---vetex-flow,1661
---op-flow,10
---vertex-flow,1555
---t-lns,16285
---t-done,16288
---timestep-task-finished,2
---total-task-finished,1475
---timestep,297
---t-update,0
---t-init,909
---op-flow,11
---vetex-flow,1590
---op-flow,7
---vertex-flow,1530
---t-lns,10095
---t-done,10096
---timestep-task-finished,4
---total-task-finished,1479
---timestep,298
---t-update,0
---t-init,522
---op-flow,8
---vetex-flow,1591
---op-flow,7
---vertex-flow,1527
---t-lns,10008
---t-done,10011
---timestep-task-finished,4
---total-task-finished,1483
---timestep,299
---t-update,1
---t-init,1214
---op-flow,17
---vetex-flow,1613
---op-flow,15
---vertex-flow,1463
---t-lns,11781
---t-done,11783
---timestep-task-finished,5
---total-task-finished,1488
---timestep,300
---t-update,1
---t-init,1035
---op-flow,18
---vetex-flow,1534
---op-flow,13
---vertex-flow,1441
---t-lns,11441
---t-done,11442
---timestep-task-finished,3
---total-task-finished,1491
---timestep,301
---t-update,1
---t-init,1225
---op-flow,17
---vetex-flow,1513
---op-flow,13
---vertex-flow,1472
---t-lns,14024
---t-done,14027
---timestep-task-finished,6
---total-task-finished,1497
---timestep,302
---t-update,1
---t-init,1264
---op-flow,13
---vetex-flow,1616
---op-flow,10
---vertex-flow,1536
---t-lns,10674
---t-done,10677
---timestep-task-finished,4
---total-task-finished,1501
---timestep,303
---t-update,0
---t-init,781
---op-flow,15
---vetex-flow,1595
---op-flow,10
---vertex-flow,1487
---t-lns,12475
---t-done,12477
---timestep-task-finished,5
---total-task-finished,1506
---timestep,304
---t-update,0
---t-init,585
---op-flow,10
---vetex-flow,1578
---op-flow,6
---vertex-flow,1468
---t-lns,5839
---t-done,5842
---timestep-task-finished,7
---total-task-finished,1513
---timestep,305
---t-update,1
---t-init,1985
---op-flow,20
---vetex-flow,1581
---op-flow,12
---vertex-flow,1512
---t-lns,13558
---t-done,13561
---timestep-task-finished,0
---total-task-finished,1513
---timestep,306
---t-update,0
---t-init,2
---op-flow,12
---vetex-flow,1512
---op-flow,12
---vertex-flow,1431
---t-lns,13073
---t-done,13075
---timestep-task-finished,4
---total-task-finished,1517
---timestep,307
---t-update,2
---t-init,2024
---op-flow,17
---vetex-flow,1507
---op-flow,15
---vertex-flow,1406
---t-lns,16562
---t-done,16565
---timestep-task-finished,6
---total-task-finished,1523
---timestep,308
---t-update,2
---t-init,2477
---op-flow,22
---vetex-flow,1520
---op-flow,17
---vertex-flow,1418
---t-lns,13238
---t-done,13241
---timestep-task-finished,5
---total-task-finished,1528
---timestep,309
---t-update,0
---t-init,648
---op-flow,17
---vetex-flow,1508
---op-flow,13
---vertex-flow,1427
---t-lns,9844
---t-done,9846
---timestep-task-finished,5
---total-task-finished,1533
---timestep,310
---t-update,1
---t-init,1162
---op-flow,18
---vetex-flow,1517
---op-flow,10
---vertex-flow,1433
---t-lns,13823
---t-done,13826
---timestep-task-finished,3
---total-task-finished,1536
---timestep,311
---t-update,1
---t-init,1179
---op-flow,10
---vetex-flow,1495
---op-flow,8
---vertex-flow,1387
---t-lns,19059
---t-done,19061
---timestep-task-finished,4
---total-task-finished,1540
---timestep,312
---t-update,1
---t-init,1378
---op-flow,10
---vetex-flow,1474
---op-flow,9
---vertex-flow,1425
---t-lns,11504
---t-done,11509
---timestep-task-finished,8
---total-task-finished,1548
---timestep,313
---t-update,1
---t-init,1500
---op-flow,21
---vetex-flow,1532
---op-flow,13
---vertex-flow,1394
---t-lns,11252
---t-done,11257
---timestep-task-finished,10
---total-task-finished,1558
---timestep,314
---t-update,1
---t-init,1460
---op-flow,15
---vetex-flow,1541
---op-flow,10
---vertex-flow,1432
---t-lns,11386
---t-done,11390
---timestep-task-finished,3
---total-task-finished,1561
---timestep,315
---t-update,0
---t-init,609
---op-flow,10
---vetex-flow,1497
---op-flow,4
---vertex-flow,1447
---t-lns,6263
---t-done,6263
---timestep-task-finished,6
---total-task-finished,1567
---timestep,316
---t-update,0
---t-init,775
---op-flow,4
---vetex-flow,1556
---op-flow,4
---vertex-flow,1483
---t-lns,8563
---t-done,8566
---timestep-task-finished,5
---total-task-finished,1572
---timestep,317
---t-update,0
---t-init,514
---op-flow,4
---vetex-flow,1553
---op-flow,4
---vertex-flow,1533
---t-lns,7341
---t-done,7344
---timestep-task-finished,3
---total-task-finished,1575
---timestep,318
---t-update,0
---t-init,274
---op-flow,4
---vetex-flow,1569
---op-flow,3
---vertex-flow,1516
---t-lns,6812
---t-done,6813
---timestep-task-finished,6
---total-task-finished,1581
---timestep,319
---t-update,1
---t-init,1072
---op-flow,4
---vetex-flow,1610
---op-flow,2
---vertex-flow,1480
---t-lns,6650
---t-done,6653
---timestep-task-finished,7
---total-task-finished,1588
---timestep,320
---t-update,1
---t-init,1565
---op-flow,4
---vetex-flow,1595
---op-flow,1
---vertex-flow,1515
---t-lns,9837
---t-done,9839
---timestep-task-finished,2
---total-task-finished,1590
---timestep,321
---t-update,0
---t-init,271
---op-flow,1
---vetex-flow,1556
---op-flow,1
---vertex-flow,1479
---t-lns,6538
---t-done,6539
---timestep-task-finished,2
---total-task-finished,1592
---timestep,322
---t-update,0
---t-init,505
---op-flow,4
---vetex-flow,1523
---op-flow,3
---vertex-flow,1437
---t-lns,7587
---t-done,7590
---timestep-task-finished,5
---total-task-finished,1597
---timestep,323
---t-update,1
---t-init,1281
---op-flow,7
---vetex-flow,1526
---op-flow,4
---vertex-flow,1424
---t-lns,16261
---t-done,16263
---timestep-task-finished,6
---total-task-finished,1603
---timestep,324
---t-update,0
---t-init,770
---op-flow,4
---vetex-flow,1516
---op-flow,2
---vertex-flow,1421
---t-lns,9336
---t-done,9338
---timestep-task-finished,8
---total-task-finished,1611
---timestep,325
---t-update,2
---t-init,2612
---op-flow,7
---vetex-flow,1589
---op-flow,7
---vertex-flow,1505
---t-lns,20055
---t-done,20060
---timestep-task-finished,2
---total-task-finished,1613
---timestep,326
---t-update,0
---t-init,259
---op-flow,7
---vetex-flow,1526
---op-flow,6
---vertex-flow,1433
---t-lns,13617
---t-done,13620
---timestep-task-finished,4
---total-task-finished,1617
---timestep,327
---t-update,0
---t-init,1007
---op-flow,6
---vetex-flow,1515
---op-flow,4
---vertex-flow,1436
---t-lns,10188
---t-done,10190
---timestep-task-finished,2
---total-task-finished,1619
---timestep,328
---t-update,0
---t-init,536
---op-flow,4
---vetex-flow,1476
---op-flow,4
---vertex-flow,1332
---t-lns,8051
---t-done,8053
---timestep-task-finished,4
---total-task-finished,1623
---timestep,329
---t-update,0
---t-init,512
---op-flow,8
---vetex-flow,1388
---op-flow,5
---vertex-flow,1306
---t-lns,12098
---t-done,12100
---timestep-task-finished,6
---total-task-finished,1629
---timestep,330
---t-update,1
---t-init,1581
---op-flow,5
---vetex-flow,1437
---op-flow,3
---vertex-flow,1350
---t-lns,14461
---t-done,14464
---timestep-task-finished,2
---total-task-finished,1631
---timestep,331
---t-update,0
---t-init,263
---op-flow,3
---vetex-flow,1388
---op-flow,2
---vertex-flow,1283
---t-lns,10120
---t-done,10122
---timestep-task-finished,8
---total-task-finished,1639
---timestep,332
---t-update,1
---t-init,1692
---op-flow,9
---vetex-flow,1414
---op-flow,5
---vertex-flow,1324
---t-lns,11440
---t-done,11443
---timestep-task-finished,3
---total-task-finished,1642
---timestep,333
---t-update,0
---t-init,925
---op-flow,11
---vetex-flow,1368
---op-flow,9
---vertex-flow,1305
---t-lns,9327
---t-done,9328
---timestep-task-finished,7
---total-task-finished,1649
---timestep,334
---t-update,0
---t-init,746
---op-flow,13
---vetex-flow,1424
---op-flow,7
---vertex-flow,1314
---t-lns,7731
---t-done,7734
---timestep-task-finished,4
---total-task-finished,1653
---timestep,335
---t-update,0
---t-init,427
---op-flow,7
---vetex-flow,1384
---op-flow,7
---vertex-flow,1289
---t-lns,5253
---t-done,5255
---timestep-task-finished,4
---total-task-finished,1657
---timestep,336
---t-update,0
---t-init,689
---op-flow,7
---vetex-flow,1359
---op-flow,5
---vertex-flow,1284
---t-lns,6712
---t-done,6713
---timestep-task-finished,4
---total-task-finished,1661
---timestep,337
---t-update,0
---t-init,226
---op-flow,6
---vetex-flow,1319
---op-flow,2
---vertex-flow,1245
---t-lns,6640
---t-done,6643
---timestep-task-finished,7
---total-task-finished,1668
---timestep,338
---t-update,1
---t-init,1466
---op-flow,7
---vetex-flow,1375
---op-flow,6
---vertex-flow,1299
---t-lns,8189
---t-done,8190
---timestep-task-finished,3
---total-task-finished,1671
---timestep,339
---t-update,0
---t-init,518
---op-flow,13
---vetex-flow,1336
---op-flow,9
---vertex-flow,1234
---t-lns,9000
---t-done,9002
---timestep-task-finished,5
---total-task-finished,1676
---timestep,340
---t-update,0
---t-init,835
---op-flow,14
---vetex-flow,1325
---op-flow,12
---vertex-flow,1250
---t-lns,7129
---t-done,7132
---timestep-task-finished,4
---total-task-finished,1680
---timestep,341
---t-update,0
---t-init,798
---op-flow,13
---vetex-flow,1313
---op-flow,4
---vertex-flow,1235
---t-lns,8717
---t-done,8719
---timestep-task-finished,9
---total-task-finished,1689
---timestep,342
---t-update,2
---t-init,2135
---op-flow,10
---vetex-flow,1390
---op-flow,7
---vertex-flow,1302
---t-lns,16143
---t-done,16149
---timestep-task-finished,7
---total-task-finished,1696
---timestep,343
---t-update,1
---t-init,1423
---op-flow,20
---vetex-flow,1385
---op-flow,12
---vertex-flow,1312
---t-lns,10344
---t-done,10347
---timestep-task-finished,6
---total-task-finished,1702
---timestep,344
---t-update,1
---t-init,1242
---op-flow,12
---vetex-flow,1416
---op-flow,6
---vertex-flow,1333
---t-lns,14667
---t-done,14669
---timestep-task-finished,7
---total-task-finished,1709
---timestep,345
---t-update,0
---t-init,878
---op-flow,12
---vetex-flow,1456
---op-flow,8
---vertex-flow,1385
---t-lns,10571
---t-done,10575
---timestep-task-finished,1
---total-task-finished,1710
---timestep,346
---t-update,0
---t-init,248
---op-flow,8
---vetex-flow,1401
---op-flow,5
---vertex-flow,1319
---t-lns,8425
---t-done,8426
---timestep-task-finished,4
---total-task-finished,1714
---timestep,347
---t-update,1
---t-init,1418
---op-flow,5
---vetex-flow,1415
---op-flow,5
---vertex-flow,1317
---t-lns,14340
---t-done,14346
---timestep-task-finished,3
---total-task-finished,1717
---timestep,348
---t-update,1
---t-init,1013
---op-flow,7
---vetex-flow,1383
---op-flow,4
---vertex-flow,1320
---t-lns,11854
---t-done,11857
---timestep-task-finished,3
---total-task-finished,1720
---timestep,349
---t-update,0
---t-init,557
---op-flow,8
---vetex-flow,1359
---op-flow,8
---vertex-flow,1260
---t-lns,11698
---t-done,11700
---timestep-task-finished,7
---total-task-finished,1727
---timestep,350
---t-update,1
---t-init,1334
---op-flow,8
---vetex-flow,1396
---op-flow,5
---vertex-flow,1307
---t-lns,13299
---t-done,13307
---timestep-task-finished,6
---total-task-finished,1733
---timestep,351
---t-update,1
---t-init,1060
---op-flow,7
---vetex-flow,1403
---op-flow,4
---vertex-flow,1306
---t-lns,11723
---t-done,11727
---timestep-task-finished,10
---total-task-finished,1743
---timestep,352
---t-update,2
---t-init,2634
---op-flow,5
---vetex-flow,1511
---op-flow,4
---vertex-flow,1404
---t-lns,9613
---t-done,9616
---timestep-task-finished,3
---total-task-finished,1746
---timestep,353
---t-update,0
---t-init,457
---op-flow,4
---vetex-flow,1484
---op-flow,4
---vertex-flow,1391
---t-lns,6379
---t-done,6380
---timestep-task-finished,3
---total-task-finished,1749
---timestep,354
---t-update,0
---t-init,758
---op-flow,4
---vetex-flow,1452
---op-flow,2
---vertex-flow,1333
---t-lns,7921
---t-done,7922
---timestep-task-finished,4
---total-task-finished,1753
---timestep,355
---t-update,0
---t-init,499
---op-flow,4
---vetex-flow,1410
---op-flow,3
---vertex-flow,1338
---t-lns,5900
---t-done,5901
---timestep-task-finished,0
---total-task-finished,1753
---timestep,356
---t-update,0
---t-init,2
---op-flow,3
---vetex-flow,1338
---op-flow,3
---vertex-flow,1261
---t-lns,7104
---t-done,7105
---timestep-task-finished,5
---total-task-finished,1758
---timestep,357
---t-update,0
---t-init,451
---op-flow,3
---vetex-flow,1324
---op-flow,3
---vertex-flow,1234
---t-lns,10897
---t-done,10900
---timestep-task-finished,3
---total-task-finished,1761
---timestep,358
---t-update,0
---t-init,624
---op-flow,3
---vetex-flow,1291
---op-flow,3
---vertex-flow,1198
---t-lns,5971
---t-done,5972
---timestep-task-finished,6
---total-task-finished,1767
---timestep,359
---t-update,1
---t-init,1023
---op-flow,3
---vetex-flow,1332
---op-flow,3
---vertex-flow,1258
---t-lns,7006
---t-done,7008
---timestep-task-finished,8
---total-task-finished,1775
---timestep,360
---t-update,0
---t-init,720
---op-flow,3
---vetex-flow,1341
---op-flow,3
---vertex-flow,1240
---t-lns,6498
---t-done,6501
---timestep-task-finished,8
---total-task-finished,1783
---timestep,361
---t-update,1
---t-init,1151
---op-flow,8
---vetex-flow,1389
---op-flow,4
---vertex-flow,1362
---t-lns,6827
---t-done,6829
---timestep-task-finished,7
---total-task-finished,1790
---timestep,362
---t-update,0
---t-init,839
---op-flow,6
---vetex-flow,1469
---op-flow,3
---vertex-flow,1343
---t-lns,5257
---t-done,5260
---timestep-task-finished,6
---total-task-finished,1796
---timestep,363
---t-update,1
---t-init,1029
---op-flow,7
---vetex-flow,1450
---op-flow,3
---vertex-flow,1328
---t-lns,8601
---t-done,8606
---timestep-task-finished,5
---total-task-finished,1801
---timestep,364
---t-update,2
---t-init,2292
---op-flow,3
---vetex-flow,1445
---op-flow,1
---vertex-flow,1370
---t-lns,14615
---t-done,14618
---timestep-task-finished,6
---total-task-finished,1807
---timestep,365
---t-update,1
---t-init,1023
---op-flow,6
---vetex-flow,1469
---op-flow,3
---vertex-flow,1356
---t-lns,11529
---t-done,11531
---timestep-task-finished,9
---total-task-finished,1816
---timestep,366
---t-update,1
---t-init,1269
---op-flow,5
---vetex-flow,1494
---op-flow,3
---vertex-flow,1418
---t-lns,11069
---t-done,11074
---timestep-task-finished,8
---total-task-finished,1824
---timestep,367
---t-update,1
---t-init,1441
---op-flow,3
---vetex-flow,1575
---op-flow,2
---vertex-flow,1489
---t-lns,9488
---t-done,9491
---timestep-task-finished,5
---total-task-finished,1829
---timestep,368
---t-update,1
---t-init,1483
---op-flow,6
---vetex-flow,1580
---op-flow,6
---vertex-flow,1509
---t-lns,11127
---t-done,11129
---timestep-task-finished,2
---total-task-finished,1831
---timestep,369
---t-update,0
---t-init,161
---op-flow,6
---vetex-flow,1533
---op-flow,6
---vertex-flow,1444
---t-lns,9321
---t-done,9323
---timestep-task-finished,3
---total-task-finished,1834
---timestep,370
---t-update,0
---t-init,238
---op-flow,11
---vetex-flow,1476
---op-flow,4
---vertex-flow,1343
---t-lns,11423
---t-done,11425
---timestep-task-finished,7
---total-task-finished,1841
---timestep,371
---t-update,0
---t-init,913
---op-flow,4
---vetex-flow,1447
---op-flow,3
---vertex-flow,1387
---t-lns,10538
---t-done,10541
---timestep-task-finished,6
---total-task-finished,1847
---timestep,372
---t-update,0
---t-init,654
---op-flow,7
---vetex-flow,1480
---op-flow,6
---vertex-flow,1365
---t-lns,14264
---t-done,14270
---timestep-task-finished,4
---total-task-finished,1851
---timestep,373
---t-update,0
---t-init,996
---op-flow,9
---vetex-flow,1437
---op-flow,6
---vertex-flow,1359
---t-lns,10121
---t-done,10123
---timestep-task-finished,5
---total-task-finished,1856
---timestep,374
---t-update,0
---t-init,229
---op-flow,6
---vetex-flow,1378
---op-flow,3
---vertex-flow,1265
---t-lns,9746
---t-done,9747
---timestep-task-finished,4
---total-task-finished,1860
---timestep,375
---t-update,0
---t-init,554
---op-flow,3
---vetex-flow,1350
---op-flow,2
---vertex-flow,1248
---t-lns,8737
---t-done,8741
---timestep-task-finished,2
---total-task-finished,1862
---timestep,376
---t-update,0
---t-init,517
---op-flow,4
---vetex-flow,1280
---op-flow,4
---vertex-flow,1207
---t-lns,9469
---t-done,9472
---timestep-task-finished,5
---total-task-finished,1867
---timestep,377
---t-update,1
---t-init,1061
---op-flow,8
---vetex-flow,1281
---op-flow,6
---vertex-flow,1230
---t-lns,10180
---t-done,10182
---timestep-task-finished,4
---total-task-finished,1871
---timestep,378
---t-update,0
---t-init,554
---op-flow,6
---vetex-flow,1294
---op-flow,2
---vertex-flow,1228
---t-lns,11384
---t-done,11389
---timestep-task-finished,6
---total-task-finished,1877
---timestep,379
---t-update,1
---t-init,1203
---op-flow,3
---vetex-flow,1315
---op-flow,3
---vertex-flow,1236
---t-lns,15504
---t-done,15512
---timestep-task-finished,9
---total-task-finished,1886
---timestep,380
---t-update,3
---t-init,3305
---op-flow,8
---vetex-flow,1407
---op-flow,5
---vertex-flow,1327
---t-lns,12929
---t-done,12936
---timestep-task-finished,3
---total-task-finished,1889
---timestep,381
---t-update,0
---t-init,269
---op-flow,5
---vetex-flow,1362
---op-flow,3
---vertex-flow,1212
---t-lns,8845
---t-done,8848
---timestep-task-finished,8
---total-task-finished,1897
---timestep,382
---t-update,1
---t-init,1848
---op-flow,3
---vetex-flow,1353
---op-flow,3
---vertex-flow,1283
---t-lns,12158
---t-done,12163
---timestep-task-finished,4
---total-task-finished,1901
---timestep,383
---t-update,0
---t-init,716
---op-flow,33
---vetex-flow,1353
---op-flow,20
---vertex-flow,1262
---t-lns,10077
---t-done,10079
---timestep-task-finished,8
---total-task-finished,1909
---timestep,384
---t-update,1
---t-init,1295
---op-flow,20
---vetex-flow,1401
---op-flow,17
---vertex-flow,1318
---t-lns,11226
---t-done,11234
---timestep-task-finished,10
---total-task-finished,1919
---timestep,385
---t-update,0
---t-init,932
---op-flow,17
---vetex-flow,1464
---op-flow,13
---vertex-flow,1386
---t-lns,9989
---t-done,9993
---timestep-task-finished,4
---total-task-finished,1923
---timestep,386
---t-update,1
---t-init,1071
---op-flow,21
---vetex-flow,1459
---op-flow,10
---vertex-flow,1372
---t-lns,10660
---t-done,10663
---timestep-task-finished,5
---total-task-finished,1928
---timestep,387
---t-update,1
---t-init,1042
---op-flow,28
---vetex-flow,1497
---op-flow,18
---vertex-flow,1429
---t-lns,12181
---t-done,12186
---timestep-task-finished,7
---total-task-finished,1935
---timestep,388
---t-update,1
---t-init,1353
---op-flow,20
---vetex-flow,1582
---op-flow,15
---vertex-flow,1493
---t-lns,11048
---t-done,11051
---timestep-task-finished,2
---total-task-finished,1937
---timestep,389
---t-update,0
---t-init,359
---op-flow,18
---vetex-flow,1520
---op-flow,11
---vertex-flow,1412
---t-lns,12092
---t-done,12094
---timestep-task-finished,5
---total-task-finished,1942
---timestep,390
---t-update,1
---t-init,1998
---op-flow,24
---vetex-flow,1528
---op-flow,5
---vertex-flow,1444
---t-lns,15815
---t-done,15816
---timestep-task-finished,2
---total-task-finished,1944
---timestep,391
---t-update,0
---t-init,111
---op-flow,5
---vetex-flow,1458
---op-flow,4
---vertex-flow,1387
---t-lns,8983
---t-done,8986
---timestep-task-finished,2
---total-task-finished,1946
---timestep,392
---t-update,1
---t-init,1042
---op-flow,4
---vetex-flow,1444
---op-flow,2
---vertex-flow,1329
---t-lns,15058
---t-done,15062
---timestep-task-finished,5
---total-task-finished,1951
---timestep,393
---t-update,1
---t-init,1276
---op-flow,2
---vetex-flow,1426
---op-flow,2
---vertex-flow,1367
---t-lns,10272
---t-done,10275
---timestep-task-finished,7
---total-task-finished,1958
---timestep,394
---t-update,1
---t-init,1030
---op-flow,5
---vetex-flow,1485
---op-flow,4
---vertex-flow,1377
---t-lns,14351
---t-done,14356
---timestep-task-finished,7
---total-task-finished,1965
---timestep,395
---t-update,0
---t-init,732
---op-flow,10
---vetex-flow,1460
---op-flow,6
---vertex-flow,1380
---t-lns,10812
---t-done,10814
---timestep-task-finished,3
---total-task-finished,1968
---timestep,396
---t-update,0
---t-init,234
---op-flow,14
---vetex-flow,1400
---op-flow,12
---vertex-flow,1370
---t-lns,9790
---t-done,9794
---timestep-task-finished,4
---total-task-finished,1972
---timestep,397
---t-update,0
---t-init,870
---op-flow,12
---vetex-flow,1442
---op-flow,10
---vertex-flow,1376
---t-lns,12570
---t-done,12574
---timestep-task-finished,5
---total-task-finished,1977
---timestep,398
---t-update,0
---t-init,536
---op-flow,10
---vetex-flow,1417
---op-flow,9
---vertex-flow,1353
---t-lns,9700
---t-done,9703
---timestep-task-finished,5
---total-task-finished,1982
---timestep,399
---t-update,0
---t-init,711
---op-flow,15
---vetex-flow,1420
---op-flow,12
---vertex-flow,1331
---t-lns,11250
---t-done,11252
---timestep-task-finished,3
---total-task-finished,1985
---timestep,400
---t-update,0
---t-init,347
---op-flow,12
---vetex-flow,1356
---op-flow,10
---vertex-flow,1259
---t-lns,9263
---t-done,9270
---timestep-task-finished,4
---total-task-finished,1989
---timestep,401
---t-update,0
---t-init,526
---op-flow,13
---vetex-flow,1312
---op-flow,6
---vertex-flow,1260
---t-lns,10759
---t-done,10762
---timestep-task-finished,8
---total-task-finished,1997
---timestep,402
---t-update,0
---t-init,906
---op-flow,16
---vetex-flow,1330
---op-flow,12
---vertex-flow,1249
---t-lns,14519
---t-done,14524
---timestep-task-finished,10
---total-task-finished,2007
---timestep,403
---t-update,2
---t-init,2542
---op-flow,22
---vetex-flow,1440
---op-flow,12
---vertex-flow,1375
---t-lns,11623
---t-done,11628
---timestep-task-finished,6
---total-task-finished,2013
---timestep,404
---t-update,1
---t-init,1230
---op-flow,15
---vetex-flow,1473
---op-flow,12
---vertex-flow,1420
---t-lns,11691
---t-done,11695
---timestep-task-finished,5
---total-task-finished,2018
---timestep,405
---t-update,1
---t-init,1043
---op-flow,11
---vetex-flow,1510
---op-flow,10
---vertex-flow,1393
---t-lns,10693
---t-done,10696
---timestep-task-finished,4
---total-task-finished,2022
---timestep,406
---t-update,1
---t-init,1193
---op-flow,11
---vetex-flow,1490
---op-flow,7
---vertex-flow,1381
---t-lns,9873
---t-done,9875
---timestep-task-finished,5
---total-task-finished,2027
---timestep,407
---t-update,0
---t-init,761
---op-flow,16
---vetex-flow,1466
---op-flow,10
---vertex-flow,1360
---t-lns,9065
---t-done,9068
---timestep-task-finished,7
---total-task-finished,2034
---timestep,408
---t-update,1
---t-init,1951
---op-flow,16
---vetex-flow,1488
---op-flow,11
---vertex-flow,1349
---t-lns,10005
---t-done,10009
---timestep-task-finished,7
---total-task-finished,2041
---timestep,409
---t-update,1
---t-init,1210
---op-flow,19
---vetex-flow,1460
---op-flow,14
---vertex-flow,1401
---t-lns,11687
---t-done,11692
---timestep-task-finished,6
---total-task-finished,2047
---timestep,410
---t-update,0
---t-init,546
---op-flow,17
---vetex-flow,1478
---op-flow,11
---vertex-flow,1419
---t-lns,9982
---t-done,9984
---timestep-task-finished,9
---total-task-finished,2056
---timestep,411
---t-update,0
---t-init,636
---op-flow,13
---vetex-flow,1525
---op-flow,8
---vertex-flow,1449
---t-lns,10078
---t-done,10083
---timestep-task-finished,4
---total-task-finished,2060
---timestep,412
---t-update,1
---t-init,1073
---op-flow,8
---vetex-flow,1558
---op-flow,5
---vertex-flow,1419
---t-lns,9845
---t-done,9847
---timestep-task-finished,3
---total-task-finished,2063
---timestep,413
---t-update,1
---t-init,1295
---op-flow,5
---vetex-flow,1508
---op-flow,4
---vertex-flow,1466
---t-lns,16378
---t-done,16381
---timestep-task-finished,3
---total-task-finished,2066
---timestep,414
---t-update,0
---t-init,587
---op-flow,10
---vetex-flow,1488
---op-flow,7
---vertex-flow,1389
---t-lns,8153
---t-done,8154
---timestep-task-finished,9
---total-task-finished,2075
---timestep,415
---t-update,1
---t-init,1562
---op-flow,16
---vetex-flow,1502
---op-flow,12
---vertex-flow,1436
---t-lns,18099
---t-done,18104
---timestep-task-finished,3
---total-task-finished,2078
---timestep,416
---t-update,1
---t-init,1213
---op-flow,12
---vetex-flow,1500
---op-flow,9
---vertex-flow,1436
---t-lns,10719
---t-done,10720
---timestep-task-finished,6
---total-task-finished,2084
---timestep,417
---t-update,0
---t-init,779
---op-flow,9
---vetex-flow,1555
---op-flow,6
---vertex-flow,1478
---t-lns,11902
---t-done,11903
---timestep-task-finished,6
---total-task-finished,2090
---timestep,418
---t-update,1
---t-init,1032
---op-flow,6
---vetex-flow,1571
---op-flow,4
---vertex-flow,1493
---t-lns,11981
---t-done,11986
---timestep-task-finished,5
---total-task-finished,2095
---timestep,419
---t-update,1
---t-init,1022
---op-flow,5
---vetex-flow,1570
---op-flow,4
---vertex-flow,1559
---t-lns,9031
---t-done,9034
---timestep-task-finished,3
---total-task-finished,2098
---timestep,420
---t-update,0
---t-init,610
---op-flow,4
---vetex-flow,1588
---op-flow,4
---vertex-flow,1521
---t-lns,11706
---t-done,11708
---timestep-task-finished,7
---total-task-finished,2105
---timestep,421
---t-update,1
---t-init,1816
---op-flow,16
---vetex-flow,1627
---op-flow,11
---vertex-flow,1521
---t-lns,12675
---t-done,12677
---timestep-task-finished,6
---total-task-finished,2111
---timestep,422
---t-update,0
---t-init,964
---op-flow,14
---vetex-flow,1613
---op-flow,10
---vertex-flow,1422
---t-lns,7878
---t-done,7881
---timestep-task-finished,7
---total-task-finished,2118
---timestep,423
---t-update,1
---t-init,1367
---op-flow,17
---vetex-flow,1518
---op-flow,7
---vertex-flow,1450
---t-lns,13545
---t-done,13547
---timestep-task-finished,7
---total-task-finished,2125
---timestep,424
---t-update,1
---t-init,1192
---op-flow,24
---vetex-flow,1534
---op-flow,20
---vertex-flow,1449
---t-lns,9730
---t-done,9733
---timestep-task-finished,6
---total-task-finished,2131
---timestep,425
---t-update,0
---t-init,971
---op-flow,26
---vetex-flow,1550
---op-flow,8
---vertex-flow,1475
---t-lns,10402
---t-done,10404
---timestep-task-finished,5
---total-task-finished,2136
---timestep,426
---t-update,1
---t-init,1529
---op-flow,9
---vetex-flow,1597
---op-flow,6
---vertex-flow,1491
---t-lns,9591
---t-done,9595
---timestep-task-finished,5
---total-task-finished,2141
---timestep,427
---t-update,0
---t-init,815
---op-flow,16
---vetex-flow,1566
---op-flow,12
---vertex-flow,1495
---t-lns,10090
---t-done,10094
---timestep-task-finished,4
---total-task-finished,2145
---timestep,428
---t-update,0
---t-init,603
---op-flow,20
---vetex-flow,1546
---op-flow,13
---vertex-flow,1434
---t-lns,6426
---t-done,6429
---timestep-task-finished,5
---total-task-finished,2150
---timestep,429
---t-update,1
---t-init,1792
---op-flow,15
---vetex-flow,1549
---op-flow,14
---vertex-flow,1509
---t-lns,10854
---t-done,10856
---timestep-task-finished,5
---total-task-finished,2155
---timestep,430
---t-update,0
---t-init,632
---op-flow,14
---vetex-flow,1603
---op-flow,12
---vertex-flow,1505
---t-lns,9441
---t-done,9444
---timestep-task-finished,10
---total-task-finished,2165
---timestep,431
---t-update,2
---t-init,2253
---op-flow,20
---vetex-flow,1689
---op-flow,14
---vertex-flow,1629
---t-lns,13107
---t-done,13111
---timestep-task-finished,5
---total-task-finished,2170
---timestep,432
---t-update,0
---t-init,402
---op-flow,20
---vetex-flow,1687
---op-flow,17
---vertex-flow,1599
---t-lns,11799
---t-done,11802
---timestep-task-finished,1
---total-task-finished,2171
---timestep,433
---t-update,0
---t-init,252
---op-flow,18
---vetex-flow,1611
---op-flow,14
---vertex-flow,1512
---t-lns,7418
---t-done,7419
---timestep-task-finished,5
---total-task-finished,2176
---timestep,434
---t-update,0
---t-init,655
---op-flow,13
---vetex-flow,1565
---op-flow,10
---vertex-flow,1503
---t-lns,8828
---t-done,8831
---timestep-task-finished,5
---total-task-finished,2181
---timestep,435
---t-update,1
---t-init,1246
---op-flow,11
---vetex-flow,1558
---op-flow,7
---vertex-flow,1501
---t-lns,13660
---t-done,13663
---timestep-task-finished,7
---total-task-finished,2188
---timestep,436
---t-update,1
---t-init,1487
---op-flow,16
---vetex-flow,1605
---op-flow,5
---vertex-flow,1508
---t-lns,13989
---t-done,13994
---timestep-task-finished,4
---total-task-finished,2192
---timestep,437
---t-update,0
---t-init,488
---op-flow,18
---vetex-flow,1557
---op-flow,10
---vertex-flow,1453
---t-lns,12841
---t-done,12843
---timestep-task-finished,2
---total-task-finished,2194
---timestep,438
---t-update,0
---t-init,436
---op-flow,10
---vetex-flow,1495
---op-flow,4
---vertex-flow,1382
---t-lns,10138
---t-done,10140
---timestep-task-finished,4
---total-task-finished,2198
---timestep,439
---t-update,0
---t-init,598
---op-flow,24
---vetex-flow,1431
---op-flow,12
---vertex-flow,1285
---t-lns,6191
---t-done,6192
---timestep-task-finished,5
---total-task-finished,2203
---timestep,440
---t-update,0
---t-init,495
---op-flow,12
---vetex-flow,1354
---op-flow,5
---vertex-flow,1242
---t-lns,6295
---t-done,6298
---timestep-task-finished,6
---total-task-finished,2209
---timestep,441
---t-update,1
---t-init,1383
---op-flow,9
---vetex-flow,1344
---op-flow,4
---vertex-flow,1294
---t-lns,11136
---t-done,11139
---timestep-task-finished,3
---total-task-finished,2212
---timestep,442
---t-update,0
---t-init,318
---op-flow,4
---vetex-flow,1338
---op-flow,3
---vertex-flow,1256
---t-lns,7730
---t-done,7733
---timestep-task-finished,6
---total-task-finished,2218
---timestep,443
---t-update,1
---t-init,1029
---op-flow,22
---vetex-flow,1334
---op-flow,20
---vertex-flow,1231
---t-lns,9109
---t-done,9112
---timestep-task-finished,7
---total-task-finished,2225
---timestep,444
---t-update,1
---t-init,1225
---op-flow,21
---vetex-flow,1325
---op-flow,10
---vertex-flow,1245
---t-lns,9487
---t-done,9491
---timestep-task-finished,6
---total-task-finished,2231
---timestep,445
---t-update,0
---t-init,839
---op-flow,14
---vetex-flow,1341
---op-flow,9
---vertex-flow,1259
---t-lns,10716
---t-done,10720
---timestep-task-finished,6
---total-task-finished,2237
---timestep,446
---t-update,1
---t-init,1719
---op-flow,15
---vetex-flow,1366
---op-flow,4
---vertex-flow,1242
---t-lns,14856
---t-done,14860
---timestep-task-finished,6
---total-task-finished,2243
---timestep,447
---t-update,0
---t-init,819
---op-flow,5
---vetex-flow,1349
---op-flow,5
---vertex-flow,1288
---t-lns,8005
---t-done,8009
---timestep-task-finished,2
---total-task-finished,2245
---timestep,448
---t-update,0
---t-init,83
---op-flow,5
---vetex-flow,1303
---op-flow,2
---vertex-flow,1192
---t-lns,7385
---t-done,7387
---timestep-task-finished,3
---total-task-finished,2248
---timestep,449
---t-update,0
---t-init,762
---op-flow,2
---vetex-flow,1247
---op-flow,2
---vertex-flow,1157
---t-lns,11963
---t-done,11965
---timestep-task-finished,5
---total-task-finished,2253

Done!
