[2026-09-30 18:18:32.593] [info] Invoke policy: joint_settled
[2026-09-30 18:18:32.593] [info] Look ahead tick: 0
[2026-09-30 18:18:32.593] [info] Look ahead dist: 0
[2026-09-30 18:18:32.593] [info] Simulation window tick: 10
[2026-09-30 18:18:32.658] [ExecutionManager] [info] Setting up backup planner...
[2026-09-30 18:18:32.658] [ExecutionManager] [info] *** Loading map ***
[2026-09-30 18:18:32.658] [ExecutionManager] [info] Map size: 5x5 with 0 endpoints and 0 workstations.
[2026-09-30 18:18:32.658] [ExecutionManager] [info] Done! (0.00 s)
[2026-09-30 18:18:32.658] [ExecutionManager] [info] Setting up single-agent planner: ASTAR...
[2026-09-30 18:18:32.658] [ExecutionManager] [info] Setting up heuristic table: basic...
[2026-09-30 18:18:32.658] [ExecutionManager] [info] *** Computing heuristics ***
[2026-09-30 18:18:32.659] [ExecutionManager] [info] Done! (0 s)
[2026-09-30 18:18:32.659] [ExecutionManager] [info] Backup planner: PIBT
[2026-09-30 18:18:32.659] [ExecutionManager] [info] Setting up task assigner...
[2026-09-30 18:18:32.659] [ExecutionManager] [info] Loading tasks from file: 
[2026-09-30 18:18:32.659] [ExecutionManager] [info] No task file provided, using random tasks.
[2026-09-30 18:18:33.379] [ExecutionManager] [info] Closing server at port 9252
[2026-09-30 18:18:33.379] [ExecutionManager] [info] Simulation count: 200
[2026-09-30 18:18:33.379] [ExecutionManager] [info] Number of finished tasks: 1
[2026-09-30 18:18:33.379] [ExecutionManager] [info] Number of finished backup tasks: 0
[2026-09-30 18:18:33.379] [ExecutionManager] [info] Overall runtime: 72550.00 seconds
[2026-09-30 18:18:33.379] [ExecutionManager] [info] mean_avg_rotation: 3.5
[2026-09-30 18:18:33.379] [ExecutionManager] [info] mean_avg_move: 6.0
[2026-09-30 18:18:33.379] [ExecutionManager] [info] avg_total_actions: 9
[2026-09-30 18:18:33.379] [ExecutionManager] [info] n_planner_invokes: 5
[2026-09-30 18:18:33.380] [ExecutionManager] [info] Statistics written to /home/lyh/MAPF_LMAPF_ERROR_GUIDANCE_EXPLORE/exploration/error_guidance/gpibt_lsmart_integration_20260930_r2/attempts/pause_retry01/stats.json
[2026-09-30 18:18:33.380] [ExecutionManager] [info] Server closed successfully.
