---priority-initialization-seed,42
---timestep,0
---t-update,0
---init-agents:2
---t-init,31
---t-lns,31
---t-done,33
---timestep,1
---t-update,0
---t-init,7
---op-flow,0
---vetex-flow,0
---op-flow,0
---vertex-flow,0
---t-lns,123
---t-done,127
---timestep,2
---t-update,0
---t-init,3
---op-flow,0
---vetex-flow,0
---op-flow,0
---vertex-flow,0
---t-lns,54
---t-done,56
---timestep,3
---t-update,0
---t-init,21
---op-flow,0
---vetex-flow,0
---op-flow,0
---vertex-flow,0
---t-lns,124
---t-done,128
---timestep,4
---t-update,0
---t-init,6
---op-flow,0
---vetex-flow,0
---op-flow,0
---vertex-flow,0
---t-lns,90
---t-done,93
