-- The C compiler identification is GNU 11.4.0
-- The CXX compiler identification is GNU 11.4.0
-- Detecting C compiler ABI info
-- Detecting C compiler ABI info - done
-- Check for working C compiler: /usr/bin/cc - skipped
-- Detecting C compile features
-- Detecting C compile features - done
-- Detecting CXX compiler ABI info
-- Detecting CXX compiler ABI info - done
-- Check for working CXX compiler: /usr/bin/c++ - skipped
-- Detecting CXX compile features
-- Detecting CXX compile features - done
-- Found ARGoS: /home/lyh/.local/lib/argos3/libargos3core_simulator.so
-- Found DLFCN: /usr/lib/x86_64-linux-gnu/libdl.a  
-- Found Pthreads: /usr/lib/x86_64-linux-gnu/libpthread.a  
-- Found OpenGL: /usr/lib/x86_64-linux-gnu/libOpenGL.so   
-- Found PkgConfig: /usr/bin/pkg-config (found version "0.29.2") 
-- Checking for module 'glut'
--   No package 'glut' found
-- Found GLUT: /usr/lib/x86_64-linux-gnu/libglut.so  
-- Found Qt5: version 
-- Found Qt5Widgets: version 5.15.3
-- Found Qt5Gui: version 5.15.3
-- Looking for pthread.h
-- Looking for pthread.h - found
-- Performing Test CMAKE_HAVE_LIBC_PTHREAD
-- Performing Test CMAKE_HAVE_LIBC_PTHREAD - Success
-- Found Threads: TRUE  
-- Configuring done
-- Generating done
-- Build files have been written to: /home/lyh/MAPF_PIED_MDDR_RESEARCH/implementation_binding_evidence/gpibt_lsmart_integration_20260930/client_build
