single scenario simulation
map_fp: 
grouping method: simple
group size: 65694
total delays: 36
#sw: 0, #nsw: 27877, #states: 10291
Start simulation.
original cost: 10496
vertex_cnt = 10291, sw_edge_cnt = 27813, sw_edge_groups_cnt = 17211
normal A* search
replanned graph's g-value: 10229
search time: 2.78703
init cost: 10496
final cost: 10229
add node count: 469
expanded node count: 252
Start simulation.
optimized cost: 10229
search time: 2.78703, total time: 2.79542
construct graph time: 0.000105
