[  8%] Building CXX object CMakeFiles/ExecutionManager.dir/src/backup_planners/GuidedPIBT.cpp.o
[  8%] Building CXX object CMakeFiles/ExecutionManager.dir/src/ADG.cpp.o
[ 16%] Building CXX object CMakeFiles/ExecutionManager.dir/src/backup_planners/FailPolicy.cpp.o
[ 16%] Building CXX object CMakeFiles/ExecutionManager.dir/src/ExecutionManager.cpp.o
[ 20%] Building CXX object CMakeFiles/ExecutionManager.dir/src/backup_planners/LRAStar.cpp.o
[ 25%] Building CXX object CMakeFiles/ExecutionManager.dir/src/backup_planners/PIBT.cpp.o
[ 29%] Building CXX object CMakeFiles/ExecutionManager.dir/src/backup_planners/ReservationTable.cpp.o
[ 33%] Building CXX object CMakeFiles/ExecutionManager.dir/src/backup_planners/SIPP.cpp.o
[ 37%] Building CXX object CMakeFiles/ExecutionManager.dir/src/backup_planners/SingleAgentSolver.cpp.o
[ 41%] Building CXX object CMakeFiles/ExecutionManager.dir/src/backup_planners/StateTimeAStar.cpp.o
[ 45%] Building CXX object CMakeFiles/ExecutionManager.dir/src/heuristics/BasicHeuristicTable.cpp.o
[ 50%] Building CXX object CMakeFiles/ExecutionManager.dir/src/heuristics/LandmarkHeuristicTable.cpp.o
[ 54%] Building CXX object CMakeFiles/ExecutionManager.dir/src/heuristics/LazyHeuristicTable.cpp.o
[ 58%] Building CXX object CMakeFiles/ExecutionManager.dir/src/parser.cpp.o
[ 62%] Building CXX object CMakeFiles/ExecutionManager.dir/src/server.cpp.o
[ 66%] Building CXX object CMakeFiles/ExecutionManager.dir/src/task_assigners/BasicTaskAssigner.cpp.o
[ 70%] Building CXX object CMakeFiles/ExecutionManager.dir/src/task_assigners/DistinctOneGoalTaskAssigner.cpp.o
[ 75%] Building CXX object CMakeFiles/ExecutionManager.dir/src/task_assigners/OneGoalTaskAssigner.cpp.o
[ 79%] Building CXX object CMakeFiles/ExecutionManager.dir/src/utils/BasicGraph.cpp.o
[ 83%] Building CXX object CMakeFiles/ExecutionManager.dir/src/utils/SMARTGraph.cpp.o
[ 87%] Building CXX object CMakeFiles/ExecutionManager.dir/src/utils/States.cpp.o
[ 91%] Building CXX object CMakeFiles/ExecutionManager.dir/src/utils/Task.cpp.o
[ 95%] Building CXX object CMakeFiles/ExecutionManager.dir/src/utils/common.cpp.o
[100%] Linking CXX executable ExecutionManager
[100%] Built target ExecutionManager
